******************************************************************************
                  TI ARM Linker PC v20.2.5                     
******************************************************************************
>> Linked Wed Jan  5 13:59:23 2022

OUTPUT FILE NAME:   <lab04_pwm.out>
ENTRY POINT SYMBOL: "_c_int00_noargs"  address: 00003435


MEMORY CONFIGURATION

         name            origin    length      used     unused   attr    fill
----------------------  --------  ---------  --------  --------  ----  --------
  MAIN                  00000000   00040000  00003831  0003c7cf  R  X
  INFO                  00200000   00004000  00000000  00004000  R  X
  SRAM_CODE             01000000   00010000  000009b4  0000f64c  RW X
  SRAM_DATA             20000000   00010000  000009b4  0000f64c  RW  


SEGMENT ALLOCATION MAP

run origin  load origin   length   init length attrs members
----------  ----------- ---------- ----------- ----- -------
00000000    00000000    00003838   00003838    r-x
  00000000    00000000    000000e4   000000e4    r-- .intvecs
  000000e4    000000e4    000035bc   000035bc    r-x .text
  000036a0    000036a0    00000101   00000101    r-- .const
  000037a8    000037a8    00000090   00000090    r-- .cinit
20000000    20000000    000007b4   00000000    rw-
  20000000    20000000    00000400   00000000    rw- .sysmem
  20000400    20000400    000001ec   00000000    rw- .data
  200005ec    200005ec    000001c8   00000000    rw- .bss
2000fe00    2000fe00    00000200   00000000    rw-
  2000fe00    2000fe00    00000200   00000000    rw- .stack


SECTION ALLOCATION MAP

 output                                  attributes/
section   page    origin      length       input sections
--------  ----  ----------  ----------   ----------------
.intvecs   0    00000000    000000e4     
                  00000000    000000e4     startup_msp432p401r_ccs.obj (.intvecs:retain)

.text      0    000000e4    000035bc     
                  000000e4    00000a4e     rtsv7M4_T_le_v4SPD16_eabi.lib : _printfi.c.obj (.text:__TI_printfi)
                  00000b32    00000002                                   : _lock.c.obj (.text:_nop)
                  00000b34    00000888     pulsemod.obj (.text)
                  000013bc    00000334     system_msp432p401r.obj (.text)
                  000016f0    00000270     rtsv7M4_T_le_v4SPD16_eabi.lib : _printfi.c.obj (.text:_pconv_a)
                  00001960    000001d0                                   : _printfi.c.obj (.text:_pconv_g)
                  00001b30    000001b6                                   : fd_add_t2.asm.obj (.text)
                  00001ce6    00000002                                   : div0.asm.obj (.text)
                  00001ce8    0000013c                                   : _printfi.c.obj (.text:_pconv_e)
                  00001e24    00000136                                   : fd_div_t2.asm.obj (.text)
                  00001f5a    00000002     --HOLE-- [fill = 0]
                  00001f5c    00000124                                   : _printfi.c.obj (.text:fcvt)
                  00002080    00000114                                   : fputs.c.obj (.text:fputs)
                  00002194    00000110                                   : s_scalbn.c.obj (.text:scalbn)
                  000022a4    00000100                                   : memory.c.obj (.text:aligned_alloc)
                  000023a4    000000fc                                   : fd_mul_t2.asm.obj (.text)
                  000024a0    000000e4                                   : memory.c.obj (.text:free)
                  00002584    000000dc                                   : setvbuf.c.obj (.text:setvbuf)
                  00002660    000000b1                                   : _printfi.c.obj (.text:_ltostr)
                  00002711    00000001     --HOLE-- [fill = 0]
                  00002712    0000009c                                   : memcpy_t2.asm.obj (.text)
                  000027ae    00000096                                   : ull_div_t2.asm.obj (.text)
                  00002844    0000008c                                   : fputc.c.obj (.text:fputc)
                  000028d0    00000086                                   : fd_cmp_t2.asm.obj (.text:__aeabi_cdcmple)
                  00002956    00000086                                   : fd_cmp_t2.asm.obj (.text:__aeabi_cdrcmple)
                  000029dc    0000007a                                   : memset_t2.asm.obj (.text)
                  00002a56    00000002     --HOLE-- [fill = 0]
                  00002a58    00000074                                   : fclose.c.obj (.text:__TI_closefile)
                  00002acc    00000070                                   : memory.c.obj (.text:split)
                  00002b3c    0000006e                                   : _printfi.c.obj (.text:_mcpy)
                  00002baa    00000002     --HOLE-- [fill = 0]
                  00002bac    0000006c                                   : hostrename.c.obj (.text:HOSTrename)
                  00002c18    00000068                                   : hostlseek.c.obj (.text:HOSTlseek)
                  00002c80    00000068                                   : copy_decompress_lzss.c.obj (.text:decompress:lzss:__TI_decompress_lzss)
                  00002ce8    00000068                                   : printf.c.obj (.text:printf)
                  00002d50    00000064                                   : s_frexp.c.obj (.text:frexp)
                  00002db4    00000064                                   : fseek.c.obj (.text:fseek)
                  00002e18    00000062                                   : _io_perm.c.obj (.text:__TI_wrt_ok)
                  00002e7a    00000002     --HOLE-- [fill = 0]
                  00002e7c    00000060                                   : hostopen.c.obj (.text:HOSTopen)
                  00002edc    0000005c                                   : close.c.obj (.text:close)
                  00002f38    00000058                                   : hostread.c.obj (.text:HOSTread)
                  00002f90    00000058                                   : hostwrite.c.obj (.text:HOSTwrite)
                  00002fe8    00000056                                   : _printfi.c.obj (.text:_pconv_f)
                  0000303e    00000054                                   : _ltoa.c.obj (.text:__TI_ltoa)
                  00003092    00000052                                   : _printfi.c.obj (.text:_ecpy)
                  000030e4    0000004c                                   : fflush.c.obj (.text:__TI_doflush)
                  00003130    0000004c                                   : atoi.c.obj (.text:atoi)
                  0000317c    00000048                                   : exit.c.obj (.text:exit)
                  000031c4    00000048                                   : fd_toi_t2.asm.obj (.text)
                  0000320c    00000044                                   : hostclose.c.obj (.text:HOSTclose)
                  00003250    00000044                                   : hostunlink.c.obj (.text:HOSTunlink)
                  00003294    00000044                                   : autoinit.c.obj (.text:__TI_auto_init_nobinit_nopinit:__TI_auto_init_nobinit_nopinit)
                  000032d8    00000044                                   : getdevice.c.obj (.text:getdevice)
                  0000331c    0000003e                                   : _printfi.c.obj (.text:_fcpy)
                  0000335a    00000002     --HOLE-- [fill = 0]
                  0000335c    00000038                                   : trgmsg.c.obj (.text:__TI_writemsg)
                  00003394    00000036                                   : strncpy.c.obj (.text:strncpy)
                  000033ca    00000002     --HOLE-- [fill = 0]
                  000033cc    00000034                                   : fopen.c.obj (.text:__TI_cleanup)
                  00003400    00000034                                   : trgmsg.c.obj (.text:__TI_readmsg)
                  00003434    00000034                                   : boot_cortex_m.c.obj (.text:_c_int00_noargs:_c_int00_noargs)
                  00003468    00000030                                   : getdevice.c.obj (.text:finddevice)
                  00003498    0000002e                                   : i_tofd_t2.asm.obj (.text)
                  000034c6    00000002     --HOLE-- [fill = 0]
                  000034c8    0000002c                                   : unlink.c.obj (.text:unlink)
                  000034f4    00000028                                   : memory.c.obj (.text:free_list_insert)
                  0000351c    00000028                                   : lseek.c.obj (.text:lseek)
                  00003544    00000028                                   : write.c.obj (.text:write)
                  0000356c    00000020                                   : memchr.c.obj (.text:memchr)
                  0000358c    0000001c                                   : copy_zero_init.c.obj (.text:decompress:ZI:__TI_zero_init_nomemset:__TI_zero_init_nomemset)
                  000035a8    0000001c                                   : memory.c.obj (.text:free_list_remove)
                  000035c4    0000001c                                   : memccpy.c.obj (.text:memccpy)
                  000035e0    0000001a                                   : s_copysign.c.obj (.text:copysign)
                  000035fa    00000018                                   : strcmp.c.obj (.text:strcmp)
                  00003612    00000016                                   : strchr.c.obj (.text:strchr)
                  00003628    00000014                                   : strcpy.c.obj (.text:strcpy)
                  0000363c    00000014                                   : strlen.c.obj (.text:strlen)
                  00003650    00000012                                   : wcslen.c.obj (.text:wcslen)
                  00003662    0000000e                                   : copy_decompress_none.c.obj (.text:decompress:none:__TI_decompress_none)
                  00003670    0000000e     startup_msp432p401r_ccs.obj (.text)
                  0000367e    00000002     --HOLE-- [fill = 0]
                  00003680    00000008     rtsv7M4_T_le_v4SPD16_eabi.lib : errno.c.obj (.text:__aeabi_errno_addr)
                  00003688    00000008                                   : memory.c.obj (.text:malloc)
                  00003690    00000004                                   : printf.c.obj (.text:_outc)
                  00003694    00000004                                   : printf.c.obj (.text:_outs)
                  00003698    00000004                                   : pre_init.c.obj (.text:_system_pre_init)
                  0000369c    00000004                                   : exit.c.obj (.text:abort:abort)

.const     0    000036a0    00000101     
                  000036a0    00000101     rtsv7M4_T_le_v4SPD16_eabi.lib : ctype.c.obj (.const:.string:_ctypes_)

.cinit     0    000037a8    00000090     
                  000037a8    0000006c     (.cinit..data.load) [load image, compression = lzss]
                  00003814    0000000c     (__TI_handler_table)
                  00003820    00000008     (.cinit..bss.load) [load image, compression = zero_init]
                  00003828    00000010     (__TI_cinit_table)

.init_array 
*          0    00000000    00000000     UNINITIALIZED

.binit     0    00000000    00000000     

.sysmem    0    20000000    00000400     UNINITIALIZED
                  20000000    00000010     rtsv7M4_T_le_v4SPD16_eabi.lib : memory.c.obj (.sysmem)
                  20000010    000003f0     --HOLE--

.data      0    20000400    000001ec     UNINITIALIZED
                  20000400    000000f0     rtsv7M4_T_le_v4SPD16_eabi.lib : defs.c.obj (.data:_ftable)
                  200004f0    00000078                                   : host_device.c.obj (.data:_device)
                  20000568    00000050                                   : host_device.c.obj (.data:_stream)
                  200005b8    00000010                                   : defs.c.obj (.data)
                  200005c8    0000000c                                   : exit.c.obj (.data:$O1$$)
                  200005d4    00000008                                   : _lock.c.obj (.data:$O1$$)
                  200005dc    00000008                                   : memory.c.obj (.data:$O1$$)
                  200005e4    00000004                                   : errno.c.obj (.data)
                  200005e8    00000004     system_msp432p401r.obj (.data)

.bss       0    200005ec    000001c8     UNINITIALIZED
                  200005ec    00000120     rtsv7M4_T_le_v4SPD16_eabi.lib : trgmsg.c.obj (.bss:_CIOBUF_)
                  2000070c    000000a0     (.common:__TI_tmpnams)
                  200007ac    00000008     (.common:parmbuf)

.stack     0    2000fe00    00000200     UNINITIALIZED
                  2000fe00    00000004     rtsv7M4_T_le_v4SPD16_eabi.lib : boot_cortex_m.c.obj (.stack)
                  2000fe04    000001fc     --HOLE--

__llvm_prf_cnts 
*          0    20000000    00000000     UNINITIALIZED

MODULE SUMMARY

       Module                        code    ro data   rw data
       ------                        ----    -------   -------
    .\
       pulsemod.obj                  2184    0         0      
       system_msp432p401r.obj        820     0         8      
       startup_msp432p401r_ccs.obj   14      228       0      
    +--+-----------------------------+-------+---------+---------+
       Total:                        3018    228       8      
                                                              
    C:\ti\ccs1100\ccs\tools\compiler\ti-cgt-arm_20.2.5.LTS\lib\rtsv7M4_T_le_v4SPD16_eabi.lib
       _printfi.c.obj                4851    0         0      
       defs.c.obj                    0       0         832    
       memory.c.obj                  672     0         16     
       trgmsg.c.obj                  108     0         576    
       fd_add_t2.asm.obj             438     0         0      
       host_device.c.obj             0       0         400    
       fd_div_t2.asm.obj             310     0         0      
       fputs.c.obj                   276     0         0      
       s_scalbn.c.obj                272     0         0      
       fd_cmp_t2.asm.obj             268     0         0      
       ctype.c.obj                   0       257       0      
       fd_mul_t2.asm.obj             252     0         0      
       setvbuf.c.obj                 220     0         0      
       memcpy_t2.asm.obj             156     0         0      
       ull_div_t2.asm.obj            150     0         0      
       fputc.c.obj                   140     0         0      
       memset_t2.asm.obj             122     0         0      
       fclose.c.obj                  116     0         0      
       getdevice.c.obj               116     0         0      
       hostopen.c.obj                96      0         16     
       printf.c.obj                  112     0         0      
       hostrename.c.obj              108     0         0      
       copy_decompress_lzss.c.obj    104     0         0      
       hostlseek.c.obj               104     0         0      
       exit.c.obj                    76      0         24     
       fseek.c.obj                   100     0         0      
       s_frexp.c.obj                 100     0         0      
       _io_perm.c.obj                98      0         0      
       close.c.obj                   92      0         0      
       hostread.c.obj                88      0         0      
       hostwrite.c.obj               88      0         0      
       _ltoa.c.obj                   84      0         0      
       atoi.c.obj                    76      0         0      
       fflush.c.obj                  76      0         0      
       fd_toi_t2.asm.obj             72      0         0      
       autoinit.c.obj                68      0         0      
       hostclose.c.obj               68      0         0      
       hostunlink.c.obj              68      0         0      
       strncpy.c.obj                 54      0         0      
       boot_cortex_m.c.obj           52      0         0      
       fopen.c.obj                   52      0         0      
       i_tofd_t2.asm.obj             46      0         0      
       unlink.c.obj                  44      0         0      
       lseek.c.obj                   40      0         0      
       write.c.obj                   40      0         0      
       memchr.c.obj                  32      0         0      
       copy_zero_init.c.obj          28      0         0      
       memccpy.c.obj                 28      0         0      
       s_copysign.c.obj              26      0         0      
       strcmp.c.obj                  24      0         0      
       strchr.c.obj                  22      0         0      
       strcpy.c.obj                  20      0         0      
       strlen.c.obj                  20      0         0      
       _lock.c.obj                   2       0         16     
       wcslen.c.obj                  18      0         0      
       errno.c.obj                   8       0         8      
       copy_decompress_none.c.obj    14      0         0      
       pre_init.c.obj                4       0         0      
       div0.asm.obj                  2       0         0      
    +--+-----------------------------+-------+---------+---------+
       Total:                        10721   257       1888   
                                                              
       Heap:                         0       0         2048   
       Stack:                        0       0         1024   
       Linker Generated:             0       144       0      
    +--+-----------------------------+-------+---------+---------+
       Grand Total:                  13739   629       4968   


LINKER GENERATED COPY TABLES

__TI_cinit_table @ 00003828 records: 2, size/record: 8, table size: 16
	.data: load addr=000037a8, load size=0000006c bytes, run addr=20000400, run size=000001ec bytes, compression=lzss
	.bss: load addr=00003820, load size=00000008 bytes, run addr=200005ec, run size=000001c8 bytes, compression=zero_init


LINKER GENERATED HANDLER TABLE

__TI_handler_table @ 00003814 records: 3, size/record: 4, table size: 12
	index: 0, handler: __TI_decompress_lzss
	index: 1, handler: __TI_decompress_none
	index: 2, handler: __TI_zero_init


GLOBAL SYMBOLS: SORTED ALPHABETICALLY BY Name 

address   name                           
-------   ----                           
0000367d  ADC14_IRQHandler               
0000367d  AES256_IRQHandler              
0000367d  BusFault_Handler               
0000369d  C$$EXIT                        
0000338b  C$$IO$$                        
0000367d  COMP_E0_IRQHandler             
0000367d  COMP_E1_IRQHandler             
0000367d  CS_IRQHandler                  
0000367d  DMA_ERR_IRQHandler             
0000367d  DMA_INT0_IRQHandler            
0000367d  DMA_INT1_IRQHandler            
0000367d  DMA_INT2_IRQHandler            
0000367d  DMA_INT3_IRQHandler            
0000367d  DebugMon_Handler               
0000367d  Default_Handler                
0000367d  EUSCIA0_IRQHandler             
0000367d  EUSCIA1_IRQHandler             
0000367d  EUSCIA2_IRQHandler             
0000367d  EUSCIA3_IRQHandler             
0000367d  EUSCIB0_IRQHandler             
0000367d  EUSCIB1_IRQHandler             
0000367d  EUSCIB2_IRQHandler             
0000367d  EUSCIB3_IRQHandler             
0000367d  FLCTL_IRQHandler               
0000367d  FPU_IRQHandler                 
0000320d  HOSTclose                      
00002c19  HOSTlseek                      
00002e7d  HOSTopen                       
00002f39  HOSTread                       
00002bad  HOSTrename                     
00003251  HOSTunlink                     
00002f91  HOSTwrite                      
0000367d  HardFault_Handler              
0000367d  MemManage_Handler              
0000367d  NMI_Handler                    
0000367d  PCM_IRQHandler                 
0000367d  PORT1_IRQHandler               
0000367d  PORT2_IRQHandler               
0000367d  PORT3_IRQHandler               
0000367d  PORT4_IRQHandler               
0000367d  PORT5_IRQHandler               
0000367d  PORT6_IRQHandler               
0000367d  PSS_IRQHandler                 
0000367d  PendSV_Handler                 
0000367d  RTC_C_IRQHandler               
00003671  Reset_Handler                  
0000367d  SVC_Handler                    
0000367d  SysTick_Handler                
200005e8  SystemCoreClock                
000013bd  SystemCoreClockUpdate          
00001635  SystemInit                     
0000367d  T32_INT1_IRQHandler            
0000367d  T32_INT2_IRQHandler            
0000367d  T32_INTC_IRQHandler            
0000367d  TA0_0_IRQHandler               
0000367d  TA0_N_IRQHandler               
0000367d  TA1_0_IRQHandler               
0000367d  TA1_N_IRQHandler               
0000367d  TA2_0_IRQHandler               
0000367d  TA2_N_IRQHandler               
0000367d  TA3_0_IRQHandler               
0000367d  TA3_N_IRQHandler               
0000367d  UsageFault_Handler             
4000480c  WDTCTL_SYM                     
0000367d  WDT_A_IRQHandler               
200005ec  __CIOBUF_                      
20010000  __STACK_END                    
00000200  __STACK_SIZE                   
00000400  __SYSMEM_SIZE                  
00003828  __TI_CINIT_Base                
00003838  __TI_CINIT_Limit               
00003814  __TI_Handler_Table_Base        
00003820  __TI_Handler_Table_Limit       
00003295  __TI_auto_init_nobinit_nopinit 
000033cd  __TI_cleanup                   
200005c8  __TI_cleanup_ptr               
00002a59  __TI_closefile                 
00002c81  __TI_decompress_lzss           
00003663  __TI_decompress_none           
000030e5  __TI_doflush                   
200005cc  __TI_dtors_ptr                 
200005d0  __TI_enable_exit_profile_output
200005b8  __TI_ft_end                    
0000303f  __TI_ltoa                      
ffffffff  __TI_pprof_out_hndl            
000000e5  __TI_printfi                   
ffffffff  __TI_prof_data_size            
ffffffff  __TI_prof_data_start           
00003401  __TI_readmsg                   
00000000  __TI_static_base__             
2000070c  __TI_tmpnams                   
0000335d  __TI_writemsg                  
00002e19  __TI_wrt_ok                    
0000358d  __TI_zero_init_nomemset        
000028d1  __aeabi_cdcmpeq                
000028d1  __aeabi_cdcmple                
00002957  __aeabi_cdrcmple               
000031c5  __aeabi_d2iz                   
00001b3b  __aeabi_dadd                   
00001e25  __aeabi_ddiv                   
000023a5  __aeabi_dmul                   
00001b31  __aeabi_dsub                   
00003681  __aeabi_errno_addr             
00003499  __aeabi_i2d                    
00001ce7  __aeabi_idiv0                  
00001ce7  __aeabi_ldiv0                  
000029dd  __aeabi_memclr                 
000029dd  __aeabi_memclr4                
000029dd  __aeabi_memclr8                
00002713  __aeabi_memcpy                 
00002713  __aeabi_memcpy4                
00002713  __aeabi_memcpy8                
000029df  __aeabi_memset                 
000029df  __aeabi_memset4                
000029df  __aeabi_memset8                
200005c4  __aeabi_stderr                 
200005bc  __aeabi_stdin                  
200005c0  __aeabi_stdout                 
000027af  __aeabi_uldivmod               
ffffffff  __binit__                      
ffffffff  __c_args__                     
UNDEFED   __mpu_init                     
2000fe00  __stack                        
20000000  __start___llvm_prf_cnts        
20000000  __stop___llvm_prf_cnts         
00003435  _c_int00_noargs                
000036a0  _ctypes_                       
200004f0  _device                        
20000400  _ftable                        
200005d4  _lock                          
00000b33  _nop                           
20000568  _stream                        
20000000  _sys_memory                    
UNDEFED   _system_post_cinit             
00003699  _system_pre_init               
200005d8  _unlock                        
0000369d  abort                          
000022a5  aligned_alloc                  
00003131  atoi                           
ffffffff  binit                          
00002edd  close                          
000035e1  copysign                       
000035e1  copysignl                      
200005e4  errno                          
0000317d  exit                           
00003469  finddevice                     
00002845  fputc                          
00002081  fputs                          
000024a1  free                           
00002d51  frexp                          
00002d51  frexpl                         
00002db5  fseek                          
000032d9  getdevice                      
00000000  interruptVectors               
00002195  ldexp                          
00002195  ldexpl                         
0000351d  lseek                          
00000b35  main                           
00003689  malloc                         
000022a5  memalign                       
000035c5  memccpy                        
0000356d  memchr                         
00002713  memcpy                         
000029e5  memset                         
200007ac  parmbuf                        
00002ce9  printf                         
00002845  putc                           
000034c9  remove                         
00002195  scalbn                         
00002195  scalbnl                        
00002585  setvbuf                        
00003613  strchr                         
000035fb  strcmp                         
00003629  strcpy                         
0000363d  strlen                         
00003395  strncpy                        
000034c9  unlink                         
00003651  wcslen                         
00003545  write                          


GLOBAL SYMBOLS: SORTED BY Symbol Address 

address   name                           
-------   ----                           
00000000  __TI_static_base__             
00000000  interruptVectors               
000000e5  __TI_printfi                   
00000200  __STACK_SIZE                   
00000400  __SYSMEM_SIZE                  
00000b33  _nop                           
00000b35  main                           
000013bd  SystemCoreClockUpdate          
00001635  SystemInit                     
00001b31  __aeabi_dsub                   
00001b3b  __aeabi_dadd                   
00001ce7  __aeabi_idiv0                  
00001ce7  __aeabi_ldiv0                  
00001e25  __aeabi_ddiv                   
00002081  fputs                          
00002195  ldexp                          
00002195  ldexpl                         
00002195  scalbn                         
00002195  scalbnl                        
000022a5  aligned_alloc                  
000022a5  memalign                       
000023a5  __aeabi_dmul                   
000024a1  free                           
00002585  setvbuf                        
00002713  __aeabi_memcpy                 
00002713  __aeabi_memcpy4                
00002713  __aeabi_memcpy8                
00002713  memcpy                         
000027af  __aeabi_uldivmod               
00002845  fputc                          
00002845  putc                           
000028d1  __aeabi_cdcmpeq                
000028d1  __aeabi_cdcmple                
00002957  __aeabi_cdrcmple               
000029dd  __aeabi_memclr                 
000029dd  __aeabi_memclr4                
000029dd  __aeabi_memclr8                
000029df  __aeabi_memset                 
000029df  __aeabi_memset4                
000029df  __aeabi_memset8                
000029e5  memset                         
00002a59  __TI_closefile                 
00002bad  HOSTrename                     
00002c19  HOSTlseek                      
00002c81  __TI_decompress_lzss           
00002ce9  printf                         
00002d51  frexp                          
00002d51  frexpl                         
00002db5  fseek                          
00002e19  __TI_wrt_ok                    
00002e7d  HOSTopen                       
00002edd  close                          
00002f39  HOSTread                       
00002f91  HOSTwrite                      
0000303f  __TI_ltoa                      
000030e5  __TI_doflush                   
00003131  atoi                           
0000317d  exit                           
000031c5  __aeabi_d2iz                   
0000320d  HOSTclose                      
00003251  HOSTunlink                     
00003295  __TI_auto_init_nobinit_nopinit 
000032d9  getdevice                      
0000335d  __TI_writemsg                  
0000338b  C$$IO$$                        
00003395  strncpy                        
000033cd  __TI_cleanup                   
00003401  __TI_readmsg                   
00003435  _c_int00_noargs                
00003469  finddevice                     
00003499  __aeabi_i2d                    
000034c9  remove                         
000034c9  unlink                         
0000351d  lseek                          
00003545  write                          
0000356d  memchr                         
0000358d  __TI_zero_init_nomemset        
000035c5  memccpy                        
000035e1  copysign                       
000035e1  copysignl                      
000035fb  strcmp                         
00003613  strchr                         
00003629  strcpy                         
0000363d  strlen                         
00003651  wcslen                         
00003663  __TI_decompress_none           
00003671  Reset_Handler                  
0000367d  ADC14_IRQHandler               
0000367d  AES256_IRQHandler              
0000367d  BusFault_Handler               
0000367d  COMP_E0_IRQHandler             
0000367d  COMP_E1_IRQHandler             
0000367d  CS_IRQHandler                  
0000367d  DMA_ERR_IRQHandler             
0000367d  DMA_INT0_IRQHandler            
0000367d  DMA_INT1_IRQHandler            
0000367d  DMA_INT2_IRQHandler            
0000367d  DMA_INT3_IRQHandler            
0000367d  DebugMon_Handler               
0000367d  Default_Handler                
0000367d  EUSCIA0_IRQHandler             
0000367d  EUSCIA1_IRQHandler             
0000367d  EUSCIA2_IRQHandler             
0000367d  EUSCIA3_IRQHandler             
0000367d  EUSCIB0_IRQHandler             
0000367d  EUSCIB1_IRQHandler             
0000367d  EUSCIB2_IRQHandler             
0000367d  EUSCIB3_IRQHandler             
0000367d  FLCTL_IRQHandler               
0000367d  FPU_IRQHandler                 
0000367d  HardFault_Handler              
0000367d  MemManage_Handler              
0000367d  NMI_Handler                    
0000367d  PCM_IRQHandler                 
0000367d  PORT1_IRQHandler               
0000367d  PORT2_IRQHandler               
0000367d  PORT3_IRQHandler               
0000367d  PORT4_IRQHandler               
0000367d  PORT5_IRQHandler               
0000367d  PORT6_IRQHandler               
0000367d  PSS_IRQHandler                 
0000367d  PendSV_Handler                 
0000367d  RTC_C_IRQHandler               
0000367d  SVC_Handler                    
0000367d  SysTick_Handler                
0000367d  T32_INT1_IRQHandler            
0000367d  T32_INT2_IRQHandler            
0000367d  T32_INTC_IRQHandler            
0000367d  TA0_0_IRQHandler               
0000367d  TA0_N_IRQHandler               
0000367d  TA1_0_IRQHandler               
0000367d  TA1_N_IRQHandler               
0000367d  TA2_0_IRQHandler               
0000367d  TA2_N_IRQHandler               
0000367d  TA3_0_IRQHandler               
0000367d  TA3_N_IRQHandler               
0000367d  UsageFault_Handler             
0000367d  WDT_A_IRQHandler               
00003681  __aeabi_errno_addr             
00003689  malloc                         
00003699  _system_pre_init               
0000369d  C$$EXIT                        
0000369d  abort                          
000036a0  _ctypes_                       
00003814  __TI_Handler_Table_Base        
00003820  __TI_Handler_Table_Limit       
00003828  __TI_CINIT_Base                
00003838  __TI_CINIT_Limit               
20000000  __start___llvm_prf_cnts        
20000000  __stop___llvm_prf_cnts         
20000000  _sys_memory                    
20000400  _ftable                        
200004f0  _device                        
20000568  _stream                        
200005b8  __TI_ft_end                    
200005bc  __aeabi_stdin                  
200005c0  __aeabi_stdout                 
200005c4  __aeabi_stderr                 
200005c8  __TI_cleanup_ptr               
200005cc  __TI_dtors_ptr                 
200005d0  __TI_enable_exit_profile_output
200005d4  _lock                          
200005d8  _unlock                        
200005e4  errno                          
200005e8  SystemCoreClock                
200005ec  __CIOBUF_                      
2000070c  __TI_tmpnams                   
200007ac  parmbuf                        
2000fe00  __stack                        
20010000  __STACK_END                    
4000480c  WDTCTL_SYM                     
ffffffff  __TI_pprof_out_hndl            
ffffffff  __TI_prof_data_size            
ffffffff  __TI_prof_data_start           
ffffffff  __binit__                      
ffffffff  __c_args__                     
ffffffff  binit                          
UNDEFED   __mpu_init                     
UNDEFED   _system_post_cinit             

[179 symbols]
