------------------------------------------------------------
Timing Analyzer Summary
------------------------------------------------------------

Type  : Slow 1200mV 85C Model Setup 'CLOCK_50'
Slack : -2.653
TNS   : -41.728

Type  : Slow 1200mV 85C Model Hold 'CLOCK_50'
Slack : 0.443
TNS   : 0.000

Type  : Slow 1200mV 85C Model Minimum Pulse Width 'CLOCK_50'
Slack : -3.000
TNS   : -40.881

Type  : Slow 1200mV 85C Model Minimum Pulse Width 'clock_1hz:CK|clk_sig'
Slack : -1.403
TNS   : -359.168

Type  : Slow 1200mV 0C Model Setup 'CLOCK_50'
Slack : -2.407
TNS   : -35.131

Type  : Slow 1200mV 0C Model Hold 'CLOCK_50'
Slack : 0.407
TNS   : 0.000

Type  : Slow 1200mV 0C Model Minimum Pulse Width 'CLOCK_50'
Slack : -3.000
TNS   : -40.881

Type  : Slow 1200mV 0C Model Minimum Pulse Width 'clock_1hz:CK|clk_sig'
Slack : -1.403
TNS   : -359.168

Type  : Fast 1200mV 0C Model Setup 'CLOCK_50'
Slack : -0.716
TNS   : -2.534

Type  : Fast 1200mV 0C Model Hold 'CLOCK_50'
Slack : 0.179
TNS   : 0.000

Type  : Fast 1200mV 0C Model Minimum Pulse Width 'CLOCK_50'
Slack : -3.000
TNS   : -30.918

Type  : Fast 1200mV 0C Model Minimum Pulse Width 'clock_1hz:CK|clk_sig'
Slack : -1.000
TNS   : -256.000

------------------------------------------------------------
