<?xml version="1.0" encoding="ISO-8859-1" ?>
<link_info>
   <banner>TI ARM Linker PC v20.2.5.LTS</banner>
   <copyright>Copyright (c) 1996-2018 Texas Instruments Incorporated</copyright>
   <link_time>0x61df3418</link_time>
   <link_errors>0x0</link_errors>
   <output_file>lab05_functions_prog1.out</output_file>
   <entry_point>
      <name>_c_int00_noargs</name>
      <address>0x524d</address>
   </entry_point>
   <input_file_list>
      <input_file id="fl-2">
         <path>.\</path>
         <kind>object</kind>
         <file>resistorbands.obj</file>
         <name>resistorbands.obj</name>
      </input_file>
      <input_file id="fl-3">
         <path>.\</path>
         <kind>object</kind>
         <file>startup_msp432p401r_ccs.obj</file>
         <name>startup_msp432p401r_ccs.obj</name>
      </input_file>
      <input_file id="fl-4">
         <path>.\</path>
         <kind>object</kind>
         <file>system_msp432p401r.obj</file>
         <name>system_msp432p401r.obj</name>
      </input_file>
      <input_file id="fl-8">
         <kind>object</kind>
         <file>&lt;internal&gt;</file>
         <name>&lt;internal&gt;</name>
      </input_file>
      <input_file id="fl-be">
         <path>C:\ti\ccs1100\ccs\tools\compiler\ti-cgt-arm_20.2.5.LTS\lib\</path>
         <kind>archive</kind>
         <file>rtsv7M4_T_le_v4SPD16_eabi.lib</file>
         <name>printf.c.obj</name>
      </input_file>
      <input_file id="fl-bf">
         <path>C:\ti\ccs1100\ccs\tools\compiler\ti-cgt-arm_20.2.5.LTS\lib\</path>
         <kind>archive</kind>
         <file>rtsv7M4_T_le_v4SPD16_eabi.lib</file>
         <name>_printfi.c.obj</name>
      </input_file>
      <input_file id="fl-c0">
         <path>C:\ti\ccs1100\ccs\tools\compiler\ti-cgt-arm_20.2.5.LTS\lib\</path>
         <kind>archive</kind>
         <file>rtsv7M4_T_le_v4SPD16_eabi.lib</file>
         <name>fscanf.c.obj</name>
      </input_file>
      <input_file id="fl-c1">
         <path>C:\ti\ccs1100\ccs\tools\compiler\ti-cgt-arm_20.2.5.LTS\lib\</path>
         <kind>archive</kind>
         <file>rtsv7M4_T_le_v4SPD16_eabi.lib</file>
         <name>fgetc.c.obj</name>
      </input_file>
      <input_file id="fl-c2">
         <path>C:\ti\ccs1100\ccs\tools\compiler\ti-cgt-arm_20.2.5.LTS\lib\</path>
         <kind>archive</kind>
         <file>rtsv7M4_T_le_v4SPD16_eabi.lib</file>
         <name>fputc.c.obj</name>
      </input_file>
      <input_file id="fl-c3">
         <path>C:\ti\ccs1100\ccs\tools\compiler\ti-cgt-arm_20.2.5.LTS\lib\</path>
         <kind>archive</kind>
         <file>rtsv7M4_T_le_v4SPD16_eabi.lib</file>
         <name>fputs.c.obj</name>
      </input_file>
      <input_file id="fl-c4">
         <path>C:\ti\ccs1100\ccs\tools\compiler\ti-cgt-arm_20.2.5.LTS\lib\</path>
         <kind>archive</kind>
         <file>rtsv7M4_T_le_v4SPD16_eabi.lib</file>
         <name>_bufread.c.obj</name>
      </input_file>
      <input_file id="fl-c5">
         <path>C:\ti\ccs1100\ccs\tools\compiler\ti-cgt-arm_20.2.5.LTS\lib\</path>
         <kind>archive</kind>
         <file>rtsv7M4_T_le_v4SPD16_eabi.lib</file>
         <name>_io_perm.c.obj</name>
      </input_file>
      <input_file id="fl-c6">
         <path>C:\ti\ccs1100\ccs\tools\compiler\ti-cgt-arm_20.2.5.LTS\lib\</path>
         <kind>archive</kind>
         <file>rtsv7M4_T_le_v4SPD16_eabi.lib</file>
         <name>setvbuf.c.obj</name>
      </input_file>
      <input_file id="fl-c7">
         <path>C:\ti\ccs1100\ccs\tools\compiler\ti-cgt-arm_20.2.5.LTS\lib\</path>
         <kind>archive</kind>
         <file>rtsv7M4_T_le_v4SPD16_eabi.lib</file>
         <name>ungetc.c.obj</name>
      </input_file>
      <input_file id="fl-c8">
         <path>C:\ti\ccs1100\ccs\tools\compiler\ti-cgt-arm_20.2.5.LTS\lib\</path>
         <kind>archive</kind>
         <file>rtsv7M4_T_le_v4SPD16_eabi.lib</file>
         <name>e_pow.c.obj</name>
      </input_file>
      <input_file id="fl-c9">
         <path>C:\ti\ccs1100\ccs\tools\compiler\ti-cgt-arm_20.2.5.LTS\lib\</path>
         <kind>archive</kind>
         <file>rtsv7M4_T_le_v4SPD16_eabi.lib</file>
         <name>e_sqrt.c.obj</name>
      </input_file>
      <input_file id="fl-ca">
         <path>C:\ti\ccs1100\ccs\tools\compiler\ti-cgt-arm_20.2.5.LTS\lib\</path>
         <kind>archive</kind>
         <file>rtsv7M4_T_le_v4SPD16_eabi.lib</file>
         <name>s_frexp.c.obj</name>
      </input_file>
      <input_file id="fl-cb">
         <path>C:\ti\ccs1100\ccs\tools\compiler\ti-cgt-arm_20.2.5.LTS\lib\</path>
         <kind>archive</kind>
         <file>rtsv7M4_T_le_v4SPD16_eabi.lib</file>
         <name>s_scalbn.c.obj</name>
      </input_file>
      <input_file id="fl-cc">
         <path>C:\ti\ccs1100\ccs\tools\compiler\ti-cgt-arm_20.2.5.LTS\lib\</path>
         <kind>archive</kind>
         <file>rtsv7M4_T_le_v4SPD16_eabi.lib</file>
         <name>wcslen.c.obj</name>
      </input_file>
      <input_file id="fl-cd">
         <path>C:\ti\ccs1100\ccs\tools\compiler\ti-cgt-arm_20.2.5.LTS\lib\</path>
         <kind>archive</kind>
         <file>rtsv7M4_T_le_v4SPD16_eabi.lib</file>
         <name>fd_add_t2.asm.obj</name>
      </input_file>
      <input_file id="fl-ce">
         <path>C:\ti\ccs1100\ccs\tools\compiler\ti-cgt-arm_20.2.5.LTS\lib\</path>
         <kind>archive</kind>
         <file>rtsv7M4_T_le_v4SPD16_eabi.lib</file>
         <name>fd_cmp_t2.asm.obj</name>
      </input_file>
      <input_file id="fl-cf">
         <path>C:\ti\ccs1100\ccs\tools\compiler\ti-cgt-arm_20.2.5.LTS\lib\</path>
         <kind>archive</kind>
         <file>rtsv7M4_T_le_v4SPD16_eabi.lib</file>
         <name>fd_div_t2.asm.obj</name>
      </input_file>
      <input_file id="fl-d0">
         <path>C:\ti\ccs1100\ccs\tools\compiler\ti-cgt-arm_20.2.5.LTS\lib\</path>
         <kind>archive</kind>
         <file>rtsv7M4_T_le_v4SPD16_eabi.lib</file>
         <name>fd_mul_t2.asm.obj</name>
      </input_file>
      <input_file id="fl-d1">
         <path>C:\ti\ccs1100\ccs\tools\compiler\ti-cgt-arm_20.2.5.LTS\lib\</path>
         <kind>archive</kind>
         <file>rtsv7M4_T_le_v4SPD16_eabi.lib</file>
         <name>fd_toi_t2.asm.obj</name>
      </input_file>
      <input_file id="fl-d2">
         <path>C:\ti\ccs1100\ccs\tools\compiler\ti-cgt-arm_20.2.5.LTS\lib\</path>
         <kind>archive</kind>
         <file>rtsv7M4_T_le_v4SPD16_eabi.lib</file>
         <name>i_tofd_t2.asm.obj</name>
      </input_file>
      <input_file id="fl-d3">
         <path>C:\ti\ccs1100\ccs\tools\compiler\ti-cgt-arm_20.2.5.LTS\lib\</path>
         <kind>archive</kind>
         <file>rtsv7M4_T_le_v4SPD16_eabi.lib</file>
         <name>memcpy_t2.asm.obj</name>
      </input_file>
      <input_file id="fl-d4">
         <path>C:\ti\ccs1100\ccs\tools\compiler\ti-cgt-arm_20.2.5.LTS\lib\</path>
         <kind>archive</kind>
         <file>rtsv7M4_T_le_v4SPD16_eabi.lib</file>
         <name>ull_div_t2.asm.obj</name>
      </input_file>
      <input_file id="fl-d5">
         <path>C:\ti\ccs1100\ccs\tools\compiler\ti-cgt-arm_20.2.5.LTS\lib\</path>
         <kind>archive</kind>
         <file>rtsv7M4_T_le_v4SPD16_eabi.lib</file>
         <name>memset_t2.asm.obj</name>
      </input_file>
      <input_file id="fl-d6">
         <path>C:\ti\ccs1100\ccs\tools\compiler\ti-cgt-arm_20.2.5.LTS\lib\</path>
         <kind>archive</kind>
         <file>rtsv7M4_T_le_v4SPD16_eabi.lib</file>
         <name>copy_zero_init.c.obj</name>
      </input_file>
      <input_file id="fl-d7">
         <path>C:\ti\ccs1100\ccs\tools\compiler\ti-cgt-arm_20.2.5.LTS\lib\</path>
         <kind>archive</kind>
         <file>rtsv7M4_T_le_v4SPD16_eabi.lib</file>
         <name>copy_decompress_none.c.obj</name>
      </input_file>
      <input_file id="fl-d8">
         <path>C:\ti\ccs1100\ccs\tools\compiler\ti-cgt-arm_20.2.5.LTS\lib\</path>
         <kind>archive</kind>
         <file>rtsv7M4_T_le_v4SPD16_eabi.lib</file>
         <name>copy_decompress_lzss.c.obj</name>
      </input_file>
      <input_file id="fl-d9">
         <path>C:\ti\ccs1100\ccs\tools\compiler\ti-cgt-arm_20.2.5.LTS\lib\</path>
         <kind>archive</kind>
         <file>rtsv7M4_T_le_v4SPD16_eabi.lib</file>
         <name>exit.c.obj</name>
      </input_file>
      <input_file id="fl-da">
         <path>C:\ti\ccs1100\ccs\tools\compiler\ti-cgt-arm_20.2.5.LTS\lib\</path>
         <kind>archive</kind>
         <file>rtsv7M4_T_le_v4SPD16_eabi.lib</file>
         <name>_lock.c.obj</name>
      </input_file>
      <input_file id="fl-db">
         <path>C:\ti\ccs1100\ccs\tools\compiler\ti-cgt-arm_20.2.5.LTS\lib\</path>
         <kind>archive</kind>
         <file>rtsv7M4_T_le_v4SPD16_eabi.lib</file>
         <name>_ltoa.c.obj</name>
      </input_file>
      <input_file id="fl-dc">
         <path>C:\ti\ccs1100\ccs\tools\compiler\ti-cgt-arm_20.2.5.LTS\lib\</path>
         <kind>archive</kind>
         <file>rtsv7M4_T_le_v4SPD16_eabi.lib</file>
         <name>atoi.c.obj</name>
      </input_file>
      <input_file id="fl-dd">
         <path>C:\ti\ccs1100\ccs\tools\compiler\ti-cgt-arm_20.2.5.LTS\lib\</path>
         <kind>archive</kind>
         <file>rtsv7M4_T_le_v4SPD16_eabi.lib</file>
         <name>ctype.c.obj</name>
      </input_file>
      <input_file id="fl-de">
         <path>C:\ti\ccs1100\ccs\tools\compiler\ti-cgt-arm_20.2.5.LTS\lib\</path>
         <kind>archive</kind>
         <file>rtsv7M4_T_le_v4SPD16_eabi.lib</file>
         <name>defs.c.obj</name>
      </input_file>
      <input_file id="fl-df">
         <path>C:\ti\ccs1100\ccs\tools\compiler\ti-cgt-arm_20.2.5.LTS\lib\</path>
         <kind>archive</kind>
         <file>rtsv7M4_T_le_v4SPD16_eabi.lib</file>
         <name>memccpy.c.obj</name>
      </input_file>
      <input_file id="fl-e0">
         <path>C:\ti\ccs1100\ccs\tools\compiler\ti-cgt-arm_20.2.5.LTS\lib\</path>
         <kind>archive</kind>
         <file>rtsv7M4_T_le_v4SPD16_eabi.lib</file>
         <name>memchr.c.obj</name>
      </input_file>
      <input_file id="fl-e1">
         <path>C:\ti\ccs1100\ccs\tools\compiler\ti-cgt-arm_20.2.5.LTS\lib\</path>
         <kind>archive</kind>
         <file>rtsv7M4_T_le_v4SPD16_eabi.lib</file>
         <name>memory.c.obj</name>
      </input_file>
      <input_file id="fl-e2">
         <path>C:\ti\ccs1100\ccs\tools\compiler\ti-cgt-arm_20.2.5.LTS\lib\</path>
         <kind>archive</kind>
         <file>rtsv7M4_T_le_v4SPD16_eabi.lib</file>
         <name>strchr.c.obj</name>
      </input_file>
      <input_file id="fl-e3">
         <path>C:\ti\ccs1100\ccs\tools\compiler\ti-cgt-arm_20.2.5.LTS\lib\</path>
         <kind>archive</kind>
         <file>rtsv7M4_T_le_v4SPD16_eabi.lib</file>
         <name>strlen.c.obj</name>
      </input_file>
      <input_file id="fl-e4">
         <path>C:\ti\ccs1100\ccs\tools\compiler\ti-cgt-arm_20.2.5.LTS\lib\</path>
         <kind>archive</kind>
         <file>rtsv7M4_T_le_v4SPD16_eabi.lib</file>
         <name>errno.c.obj</name>
      </input_file>
      <input_file id="fl-e5">
         <path>C:\ti\ccs1100\ccs\tools\compiler\ti-cgt-arm_20.2.5.LTS\lib\</path>
         <kind>archive</kind>
         <file>rtsv7M4_T_le_v4SPD16_eabi.lib</file>
         <name>boot_cortex_m.c.obj</name>
      </input_file>
      <input_file id="fl-e6">
         <path>C:\ti\ccs1100\ccs\tools\compiler\ti-cgt-arm_20.2.5.LTS\lib\</path>
         <kind>archive</kind>
         <file>rtsv7M4_T_le_v4SPD16_eabi.lib</file>
         <name>write.c.obj</name>
      </input_file>
      <input_file id="fl-e7">
         <path>C:\ti\ccs1100\ccs\tools\compiler\ti-cgt-arm_20.2.5.LTS\lib\</path>
         <kind>archive</kind>
         <file>rtsv7M4_T_le_v4SPD16_eabi.lib</file>
         <name>host_device.c.obj</name>
      </input_file>
      <input_file id="fl-e8">
         <path>C:\ti\ccs1100\ccs\tools\compiler\ti-cgt-arm_20.2.5.LTS\lib\</path>
         <kind>archive</kind>
         <file>rtsv7M4_T_le_v4SPD16_eabi.lib</file>
         <name>read.c.obj</name>
      </input_file>
      <input_file id="fl-e9">
         <path>C:\ti\ccs1100\ccs\tools\compiler\ti-cgt-arm_20.2.5.LTS\lib\</path>
         <kind>archive</kind>
         <file>rtsv7M4_T_le_v4SPD16_eabi.lib</file>
         <name>_scanfi.c.obj</name>
      </input_file>
      <input_file id="fl-ea">
         <path>C:\ti\ccs1100\ccs\tools\compiler\ti-cgt-arm_20.2.5.LTS\lib\</path>
         <kind>archive</kind>
         <file>rtsv7M4_T_le_v4SPD16_eabi.lib</file>
         <name>fflush.c.obj</name>
      </input_file>
      <input_file id="fl-eb">
         <path>C:\ti\ccs1100\ccs\tools\compiler\ti-cgt-arm_20.2.5.LTS\lib\</path>
         <kind>archive</kind>
         <file>rtsv7M4_T_le_v4SPD16_eabi.lib</file>
         <name>fopen.c.obj</name>
      </input_file>
      <input_file id="fl-ec">
         <path>C:\ti\ccs1100\ccs\tools\compiler\ti-cgt-arm_20.2.5.LTS\lib\</path>
         <kind>archive</kind>
         <file>rtsv7M4_T_le_v4SPD16_eabi.lib</file>
         <name>fseek.c.obj</name>
      </input_file>
      <input_file id="fl-ed">
         <path>C:\ti\ccs1100\ccs\tools\compiler\ti-cgt-arm_20.2.5.LTS\lib\</path>
         <kind>archive</kind>
         <file>rtsv7M4_T_le_v4SPD16_eabi.lib</file>
         <name>s_copysign.c.obj</name>
      </input_file>
      <input_file id="fl-ee">
         <path>C:\ti\ccs1100\ccs\tools\compiler\ti-cgt-arm_20.2.5.LTS\lib\</path>
         <kind>archive</kind>
         <file>rtsv7M4_T_le_v4SPD16_eabi.lib</file>
         <name>div0.asm.obj</name>
      </input_file>
      <input_file id="fl-ef">
         <path>C:\ti\ccs1100\ccs\tools\compiler\ti-cgt-arm_20.2.5.LTS\lib\</path>
         <kind>archive</kind>
         <file>rtsv7M4_T_le_v4SPD16_eabi.lib</file>
         <name>fd_tos_t2.asm.obj</name>
      </input_file>
      <input_file id="fl-f0">
         <path>C:\ti\ccs1100\ccs\tools\compiler\ti-cgt-arm_20.2.5.LTS\lib\</path>
         <kind>archive</kind>
         <file>rtsv7M4_T_le_v4SPD16_eabi.lib</file>
         <name>autoinit.c.obj</name>
      </input_file>
      <input_file id="fl-f1">
         <path>C:\ti\ccs1100\ccs\tools\compiler\ti-cgt-arm_20.2.5.LTS\lib\</path>
         <kind>archive</kind>
         <file>rtsv7M4_T_le_v4SPD16_eabi.lib</file>
         <name>pre_init.c.obj</name>
      </input_file>
      <input_file id="fl-f2">
         <path>C:\ti\ccs1100\ccs\tools\compiler\ti-cgt-arm_20.2.5.LTS\lib\</path>
         <kind>archive</kind>
         <file>rtsv7M4_T_le_v4SPD16_eabi.lib</file>
         <name>cpy_tbl.c.obj</name>
      </input_file>
      <input_file id="fl-f3">
         <path>C:\ti\ccs1100\ccs\tools\compiler\ti-cgt-arm_20.2.5.LTS\lib\</path>
         <kind>archive</kind>
         <file>rtsv7M4_T_le_v4SPD16_eabi.lib</file>
         <name>args_main.c.obj</name>
      </input_file>
      <input_file id="fl-f4">
         <path>C:\ti\ccs1100\ccs\tools\compiler\ti-cgt-arm_20.2.5.LTS\lib\</path>
         <kind>archive</kind>
         <file>rtsv7M4_T_le_v4SPD16_eabi.lib</file>
         <name>strcpy.c.obj</name>
      </input_file>
      <input_file id="fl-f5">
         <path>C:\ti\ccs1100\ccs\tools\compiler\ti-cgt-arm_20.2.5.LTS\lib\</path>
         <kind>archive</kind>
         <file>rtsv7M4_T_le_v4SPD16_eabi.lib</file>
         <name>strrchr.c.obj</name>
      </input_file>
      <input_file id="fl-f6">
         <path>C:\ti\ccs1100\ccs\tools\compiler\ti-cgt-arm_20.2.5.LTS\lib\</path>
         <kind>archive</kind>
         <file>rtsv7M4_T_le_v4SPD16_eabi.lib</file>
         <name>strtod.c.obj</name>
      </input_file>
      <input_file id="fl-f7">
         <path>C:\ti\ccs1100\ccs\tools\compiler\ti-cgt-arm_20.2.5.LTS\lib\</path>
         <kind>archive</kind>
         <file>rtsv7M4_T_le_v4SPD16_eabi.lib</file>
         <name>strtol.c.obj</name>
      </input_file>
      <input_file id="fl-f8">
         <path>C:\ti\ccs1100\ccs\tools\compiler\ti-cgt-arm_20.2.5.LTS\lib\</path>
         <kind>archive</kind>
         <file>rtsv7M4_T_le_v4SPD16_eabi.lib</file>
         <name>strtoll.c.obj</name>
      </input_file>
      <input_file id="fl-f9">
         <path>C:\ti\ccs1100\ccs\tools\compiler\ti-cgt-arm_20.2.5.LTS\lib\</path>
         <kind>archive</kind>
         <file>rtsv7M4_T_le_v4SPD16_eabi.lib</file>
         <name>strtoul.c.obj</name>
      </input_file>
      <input_file id="fl-fa">
         <path>C:\ti\ccs1100\ccs\tools\compiler\ti-cgt-arm_20.2.5.LTS\lib\</path>
         <kind>archive</kind>
         <file>rtsv7M4_T_le_v4SPD16_eabi.lib</file>
         <name>strtoull.c.obj</name>
      </input_file>
      <input_file id="fl-fb">
         <path>C:\ti\ccs1100\ccs\tools\compiler\ti-cgt-arm_20.2.5.LTS\lib\</path>
         <kind>archive</kind>
         <file>rtsv7M4_T_le_v4SPD16_eabi.lib</file>
         <name>hostclose.c.obj</name>
      </input_file>
      <input_file id="fl-fc">
         <path>C:\ti\ccs1100\ccs\tools\compiler\ti-cgt-arm_20.2.5.LTS\lib\</path>
         <kind>archive</kind>
         <file>rtsv7M4_T_le_v4SPD16_eabi.lib</file>
         <name>hostlseek.c.obj</name>
      </input_file>
      <input_file id="fl-fd">
         <path>C:\ti\ccs1100\ccs\tools\compiler\ti-cgt-arm_20.2.5.LTS\lib\</path>
         <kind>archive</kind>
         <file>rtsv7M4_T_le_v4SPD16_eabi.lib</file>
         <name>hostopen.c.obj</name>
      </input_file>
      <input_file id="fl-fe">
         <path>C:\ti\ccs1100\ccs\tools\compiler\ti-cgt-arm_20.2.5.LTS\lib\</path>
         <kind>archive</kind>
         <file>rtsv7M4_T_le_v4SPD16_eabi.lib</file>
         <name>hostread.c.obj</name>
      </input_file>
      <input_file id="fl-ff">
         <path>C:\ti\ccs1100\ccs\tools\compiler\ti-cgt-arm_20.2.5.LTS\lib\</path>
         <kind>archive</kind>
         <file>rtsv7M4_T_le_v4SPD16_eabi.lib</file>
         <name>hostrename.c.obj</name>
      </input_file>
      <input_file id="fl-100">
         <path>C:\ti\ccs1100\ccs\tools\compiler\ti-cgt-arm_20.2.5.LTS\lib\</path>
         <kind>archive</kind>
         <file>rtsv7M4_T_le_v4SPD16_eabi.lib</file>
         <name>hostunlink.c.obj</name>
      </input_file>
      <input_file id="fl-101">
         <path>C:\ti\ccs1100\ccs\tools\compiler\ti-cgt-arm_20.2.5.LTS\lib\</path>
         <kind>archive</kind>
         <file>rtsv7M4_T_le_v4SPD16_eabi.lib</file>
         <name>hostwrite.c.obj</name>
      </input_file>
      <input_file id="fl-102">
         <path>C:\ti\ccs1100\ccs\tools\compiler\ti-cgt-arm_20.2.5.LTS\lib\</path>
         <kind>archive</kind>
         <file>rtsv7M4_T_le_v4SPD16_eabi.lib</file>
         <name>trgmsg.c.obj</name>
      </input_file>
      <input_file id="fl-103">
         <path>C:\ti\ccs1100\ccs\tools\compiler\ti-cgt-arm_20.2.5.LTS\lib\</path>
         <kind>archive</kind>
         <file>rtsv7M4_T_le_v4SPD16_eabi.lib</file>
         <name>open.c.obj</name>
      </input_file>
      <input_file id="fl-104">
         <path>C:\ti\ccs1100\ccs\tools\compiler\ti-cgt-arm_20.2.5.LTS\lib\</path>
         <kind>archive</kind>
         <file>rtsv7M4_T_le_v4SPD16_eabi.lib</file>
         <name>lseek.c.obj</name>
      </input_file>
      <input_file id="fl-105">
         <path>C:\ti\ccs1100\ccs\tools\compiler\ti-cgt-arm_20.2.5.LTS\lib\</path>
         <kind>archive</kind>
         <file>rtsv7M4_T_le_v4SPD16_eabi.lib</file>
         <name>fclose.c.obj</name>
      </input_file>
      <input_file id="fl-106">
         <path>C:\ti\ccs1100\ccs\tools\compiler\ti-cgt-arm_20.2.5.LTS\lib\</path>
         <kind>archive</kind>
         <file>rtsv7M4_T_le_v4SPD16_eabi.lib</file>
         <name>getdevice.c.obj</name>
      </input_file>
      <input_file id="fl-107">
         <path>C:\ti\ccs1100\ccs\tools\compiler\ti-cgt-arm_20.2.5.LTS\lib\</path>
         <kind>archive</kind>
         <file>rtsv7M4_T_le_v4SPD16_eabi.lib</file>
         <name>ll_mul_t2.asm.obj</name>
      </input_file>
      <input_file id="fl-108">
         <path>C:\ti\ccs1100\ccs\tools\compiler\ti-cgt-arm_20.2.5.LTS\lib\</path>
         <kind>archive</kind>
         <file>rtsv7M4_T_le_v4SPD16_eabi.lib</file>
         <name>strcmp.c.obj</name>
      </input_file>
      <input_file id="fl-109">
         <path>C:\ti\ccs1100\ccs\tools\compiler\ti-cgt-arm_20.2.5.LTS\lib\</path>
         <kind>archive</kind>
         <file>rtsv7M4_T_le_v4SPD16_eabi.lib</file>
         <name>strncpy.c.obj</name>
      </input_file>
      <input_file id="fl-10a">
         <path>C:\ti\ccs1100\ccs\tools\compiler\ti-cgt-arm_20.2.5.LTS\lib\</path>
         <kind>archive</kind>
         <file>rtsv7M4_T_le_v4SPD16_eabi.lib</file>
         <name>remove.c.obj</name>
      </input_file>
      <input_file id="fl-10b">
         <path>C:\ti\ccs1100\ccs\tools\compiler\ti-cgt-arm_20.2.5.LTS\lib\</path>
         <kind>archive</kind>
         <file>rtsv7M4_T_le_v4SPD16_eabi.lib</file>
         <name>close.c.obj</name>
      </input_file>
      <input_file id="fl-10c">
         <path>C:\ti\ccs1100\ccs\tools\compiler\ti-cgt-arm_20.2.5.LTS\lib\</path>
         <kind>archive</kind>
         <file>rtsv7M4_T_le_v4SPD16_eabi.lib</file>
         <name>unlink.c.obj</name>
      </input_file>
   </input_file_list>
   <object_component_list>
      <object_component id="oc-26">
         <name>.intvecs:retain</name>
         <load_address>0x0</load_address>
         <run_address>0x0</run_address>
         <size>0xe4</size>
         <input_file_ref idref="fl-3"/>
      </object_component>
      <object_component id="oc-164">
         <name>.text:__TI_scanfi</name>
         <load_address>0xe4</load_address>
         <run_address>0xe4</run_address>
         <size>0xb14</size>
         <input_file_ref idref="fl-e9"/>
      </object_component>
      <object_component id="oc-145">
         <name>.text:__TI_printfi</name>
         <load_address>0xbf8</load_address>
         <run_address>0xbf8</run_address>
         <size>0xa4e</size>
         <input_file_ref idref="fl-bf"/>
      </object_component>
      <object_component id="oc-21f">
         <name>.text:_nop</name>
         <load_address>0x1646</load_address>
         <run_address>0x1646</run_address>
         <size>0x2</size>
         <input_file_ref idref="fl-da"/>
      </object_component>
      <object_component id="oc-e7">
         <name>.text:pow</name>
         <load_address>0x1648</load_address>
         <run_address>0x1648</run_address>
         <size>0x9d0</size>
         <input_file_ref idref="fl-c8"/>
      </object_component>
      <object_component id="oc-254">
         <name>.text:strtod</name>
         <load_address>0x2018</load_address>
         <run_address>0x2018</run_address>
         <size>0x460</size>
         <input_file_ref idref="fl-f6"/>
      </object_component>
      <object_component id="oc-9a">
         <name>.text</name>
         <load_address>0x2478</load_address>
         <run_address>0x2478</run_address>
         <size>0x340</size>
         <input_file_ref idref="fl-2"/>
      </object_component>
      <object_component id="oc-ac">
         <name>.text</name>
         <load_address>0x27b8</load_address>
         <run_address>0x27b8</run_address>
         <size>0x334</size>
         <input_file_ref idref="fl-4"/>
      </object_component>
      <object_component id="oc-201">
         <name>.text:_pconv_a</name>
         <load_address>0x2aec</load_address>
         <run_address>0x2aec</run_address>
         <size>0x270</size>
         <input_file_ref idref="fl-bf"/>
      </object_component>
      <object_component id="oc-265">
         <name>.text:strtoll</name>
         <load_address>0x2d5c</load_address>
         <run_address>0x2d5c</run_address>
         <size>0x1dc</size>
         <input_file_ref idref="fl-f8"/>
      </object_component>
      <object_component id="oc-1ef">
         <name>.text:_pconv_g</name>
         <load_address>0x2f38</load_address>
         <run_address>0x2f38</run_address>
         <size>0x1d0</size>
         <input_file_ref idref="fl-bf"/>
      </object_component>
      <object_component id="oc-17f">
         <name>.text</name>
         <load_address>0x3108</load_address>
         <run_address>0x3108</run_address>
         <size>0x1b6</size>
         <input_file_ref idref="fl-cd"/>
      </object_component>
      <object_component id="oc-392">
         <name>.text</name>
         <load_address>0x32be</load_address>
         <run_address>0x32be</run_address>
         <size>0x2</size>
         <input_file_ref idref="fl-ee"/>
      </object_component>
      <object_component id="oc-248">
         <name>.text:strtoull</name>
         <load_address>0x32c0</load_address>
         <run_address>0x32c0</run_address>
         <size>0x15c</size>
         <input_file_ref idref="fl-fa"/>
      </object_component>
      <object_component id="oc-189">
         <name>.text:sqrt</name>
         <load_address>0x341c</load_address>
         <run_address>0x341c</run_address>
         <size>0x158</size>
         <input_file_ref idref="fl-c9"/>
      </object_component>
      <object_component id="oc-1fb">
         <name>.text:_pconv_e</name>
         <load_address>0x3574</load_address>
         <run_address>0x3574</run_address>
         <size>0x13c</size>
         <input_file_ref idref="fl-bf"/>
      </object_component>
      <object_component id="oc-184">
         <name>.text</name>
         <load_address>0x36b0</load_address>
         <run_address>0x36b0</run_address>
         <size>0x136</size>
         <input_file_ref idref="fl-cf"/>
      </object_component>
      <object_component id="oc-25f">
         <name>.text:strtol</name>
         <load_address>0x37e8</load_address>
         <run_address>0x37e8</run_address>
         <size>0x130</size>
         <input_file_ref idref="fl-f7"/>
      </object_component>
      <object_component id="oc-2e9">
         <name>.text:fcvt</name>
         <load_address>0x3918</load_address>
         <run_address>0x3918</run_address>
         <size>0x124</size>
         <input_file_ref idref="fl-bf"/>
      </object_component>
      <object_component id="oc-22d">
         <name>.text:fputs</name>
         <load_address>0x3a3c</load_address>
         <run_address>0x3a3c</run_address>
         <size>0x114</size>
         <input_file_ref idref="fl-c3"/>
      </object_component>
      <object_component id="oc-1a2">
         <name>.text:scalbn</name>
         <load_address>0x3b50</load_address>
         <run_address>0x3b50</run_address>
         <size>0x110</size>
         <input_file_ref idref="fl-cb"/>
      </object_component>
      <object_component id="oc-24e">
         <name>.text:strtoul</name>
         <load_address>0x3c60</load_address>
         <run_address>0x3c60</run_address>
         <size>0x110</size>
         <input_file_ref idref="fl-f9"/>
      </object_component>
      <object_component id="oc-435">
         <name>.text:aligned_alloc</name>
         <load_address>0x3d70</load_address>
         <run_address>0x3d70</run_address>
         <size>0x100</size>
         <input_file_ref idref="fl-e1"/>
      </object_component>
      <object_component id="oc-ed">
         <name>.text</name>
         <load_address>0x3e70</load_address>
         <run_address>0x3e70</run_address>
         <size>0xfc</size>
         <input_file_ref idref="fl-d0"/>
      </object_component>
      <object_component id="oc-3e2">
         <name>.text:free</name>
         <load_address>0x3f6c</load_address>
         <run_address>0x3f6c</run_address>
         <size>0xe4</size>
         <input_file_ref idref="fl-e1"/>
      </object_component>
      <object_component id="oc-36c">
         <name>.text:setvbuf</name>
         <load_address>0x4050</load_address>
         <run_address>0x4050</run_address>
         <size>0xdc</size>
         <input_file_ref idref="fl-c6"/>
      </object_component>
      <object_component id="oc-1e9">
         <name>.text:_ltostr</name>
         <load_address>0x412c</load_address>
         <run_address>0x412c</run_address>
         <size>0xb1</size>
         <input_file_ref idref="fl-bf"/>
      </object_component>
      <object_component id="oc-35e">
         <name>.text:__TI_buff_read</name>
         <load_address>0x41e0</load_address>
         <run_address>0x41e0</run_address>
         <size>0x9c</size>
         <input_file_ref idref="fl-c4"/>
      </object_component>
      <object_component id="oc-3a">
         <name>.text</name>
         <load_address>0x427c</load_address>
         <run_address>0x427c</run_address>
         <size>0x9c</size>
         <input_file_ref idref="fl-d3"/>
      </object_component>
      <object_component id="oc-2d0">
         <name>.text</name>
         <load_address>0x4318</load_address>
         <run_address>0x4318</run_address>
         <size>0x96</size>
         <input_file_ref idref="fl-d4"/>
      </object_component>
      <object_component id="oc-234">
         <name>.text:fputc</name>
         <load_address>0x43b0</load_address>
         <run_address>0x43b0</run_address>
         <size>0x8c</size>
         <input_file_ref idref="fl-c2"/>
      </object_component>
      <object_component id="oc-176">
         <name>.text:_chkmbc</name>
         <load_address>0x443c</load_address>
         <run_address>0x443c</run_address>
         <size>0x88</size>
         <input_file_ref idref="fl-c0"/>
      </object_component>
      <object_component id="oc-198">
         <name>.text:__aeabi_cdcmple</name>
         <load_address>0x44c4</load_address>
         <run_address>0x44c4</run_address>
         <size>0x86</size>
         <input_file_ref idref="fl-ce"/>
      </object_component>
      <object_component id="oc-19d">
         <name>.text:__aeabi_cdrcmple</name>
         <load_address>0x454a</load_address>
         <run_address>0x454a</run_address>
         <size>0x86</size>
         <input_file_ref idref="fl-ce"/>
      </object_component>
      <object_component id="oc-283">
         <name>.text:fgetc</name>
         <load_address>0x45d0</load_address>
         <run_address>0x45d0</run_address>
         <size>0x84</size>
         <input_file_ref idref="fl-c1"/>
      </object_component>
      <object_component id="oc-28a">
         <name>.text:ungetc</name>
         <load_address>0x4654</load_address>
         <run_address>0x4654</run_address>
         <size>0x80</size>
         <input_file_ref idref="fl-c7"/>
      </object_component>
      <object_component id="oc-8e">
         <name>.text</name>
         <load_address>0x46d4</load_address>
         <run_address>0x46d4</run_address>
         <size>0x7a</size>
         <input_file_ref idref="fl-d5"/>
      </object_component>
      <object_component id="oc-43c">
         <name>.text:__TI_closefile</name>
         <load_address>0x4750</load_address>
         <run_address>0x4750</run_address>
         <size>0x74</size>
         <input_file_ref idref="fl-105"/>
      </object_component>
      <object_component id="oc-47c">
         <name>.text:split</name>
         <load_address>0x47c4</load_address>
         <run_address>0x47c4</run_address>
         <size>0x70</size>
         <input_file_ref idref="fl-e1"/>
      </object_component>
      <object_component id="oc-2e2">
         <name>.text:_mcpy</name>
         <load_address>0x4834</load_address>
         <run_address>0x4834</run_address>
         <size>0x6e</size>
         <input_file_ref idref="fl-bf"/>
      </object_component>
      <object_component id="oc-25a">
         <name>.text</name>
         <load_address>0x48a2</load_address>
         <run_address>0x48a2</run_address>
         <size>0x6e</size>
         <input_file_ref idref="fl-ef"/>
      </object_component>
      <object_component id="oc-46d">
         <name>.text:HOSTrename</name>
         <load_address>0x4910</load_address>
         <run_address>0x4910</run_address>
         <size>0x6c</size>
         <input_file_ref idref="fl-ff"/>
      </object_component>
      <object_component id="oc-461">
         <name>.text:HOSTlseek</name>
         <load_address>0x497c</load_address>
         <run_address>0x497c</run_address>
         <size>0x68</size>
         <input_file_ref idref="fl-fc"/>
      </object_component>
      <object_component id="oc-17">
         <name>.text:decompress:lzss:__TI_decompress_lzss</name>
         <load_address>0x49e4</load_address>
         <run_address>0x49e4</run_address>
         <size>0x68</size>
         <input_file_ref idref="fl-d8"/>
      </object_component>
      <object_component id="oc-d6">
         <name>.text:printf</name>
         <load_address>0x4a4c</load_address>
         <run_address>0x4a4c</run_address>
         <size>0x68</size>
         <input_file_ref idref="fl-be"/>
      </object_component>
      <object_component id="oc-dc">
         <name>.text:scanf</name>
         <load_address>0x4ab4</load_address>
         <run_address>0x4ab4</run_address>
         <size>0x68</size>
         <input_file_ref idref="fl-c0"/>
      </object_component>
      <object_component id="oc-2f7">
         <name>.text:frexp</name>
         <load_address>0x4b1c</load_address>
         <run_address>0x4b1c</run_address>
         <size>0x64</size>
         <input_file_ref idref="fl-ca"/>
      </object_component>
      <object_component id="oc-3ae">
         <name>.text:fseek</name>
         <load_address>0x4b80</load_address>
         <run_address>0x4b80</run_address>
         <size>0x64</size>
         <input_file_ref idref="fl-ec"/>
      </object_component>
      <object_component id="oc-31d">
         <name>.text:__TI_wrt_ok</name>
         <load_address>0x4be4</load_address>
         <run_address>0x4be4</run_address>
         <size>0x62</size>
         <input_file_ref idref="fl-c5"/>
      </object_component>
      <object_component id="oc-449">
         <name>.text:HOSTopen</name>
         <load_address>0x4c48</load_address>
         <run_address>0x4c48</run_address>
         <size>0x60</size>
         <input_file_ref idref="fl-fd"/>
      </object_component>
      <object_component id="oc-483">
         <name>.text:close</name>
         <load_address>0x4ca8</load_address>
         <run_address>0x4ca8</run_address>
         <size>0x5c</size>
         <input_file_ref idref="fl-10b"/>
      </object_component>
      <object_component id="oc-455">
         <name>.text:HOSTread</name>
         <load_address>0x4d04</load_address>
         <run_address>0x4d04</run_address>
         <size>0x58</size>
         <input_file_ref idref="fl-fe"/>
      </object_component>
      <object_component id="oc-45b">
         <name>.text:HOSTwrite</name>
         <load_address>0x4d5c</load_address>
         <run_address>0x4d5c</run_address>
         <size>0x58</size>
         <input_file_ref idref="fl-101"/>
      </object_component>
      <object_component id="oc-1f5">
         <name>.text:_pconv_f</name>
         <load_address>0x4db4</load_address>
         <run_address>0x4db4</run_address>
         <size>0x56</size>
         <input_file_ref idref="fl-bf"/>
      </object_component>
      <object_component id="oc-2d6">
         <name>.text:__TI_ltoa</name>
         <load_address>0x4e0a</load_address>
         <run_address>0x4e0a</run_address>
         <size>0x54</size>
         <input_file_ref idref="fl-db"/>
      </object_component>
      <object_component id="oc-2dc">
         <name>.text:_ecpy</name>
         <load_address>0x4e5e</load_address>
         <run_address>0x4e5e</run_address>
         <size>0x52</size>
         <input_file_ref idref="fl-bf"/>
      </object_component>
      <object_component id="oc-329">
         <name>.text:__TI_doflush</name>
         <load_address>0x4eb0</load_address>
         <run_address>0x4eb0</run_address>
         <size>0x4c</size>
         <input_file_ref idref="fl-ea"/>
      </object_component>
      <object_component id="oc-1e3">
         <name>.text:atoi</name>
         <load_address>0x4efc</load_address>
         <run_address>0x4efc</run_address>
         <size>0x4c</size>
         <input_file_ref idref="fl-dc"/>
      </object_component>
      <object_component id="oc-358">
         <name>.text:__TI_rd_ok</name>
         <load_address>0x4f48</load_address>
         <run_address>0x4f48</run_address>
         <size>0x4a</size>
         <input_file_ref idref="fl-c5"/>
      </object_component>
      <object_component id="oc-fe">
         <name>.text:exit</name>
         <load_address>0x4f94</load_address>
         <run_address>0x4f94</run_address>
         <size>0x48</size>
         <input_file_ref idref="fl-d9"/>
      </object_component>
      <object_component id="oc-f2">
         <name>.text</name>
         <load_address>0x4fdc</load_address>
         <run_address>0x4fdc</run_address>
         <size>0x48</size>
         <input_file_ref idref="fl-d1"/>
      </object_component>
      <object_component id="oc-44f">
         <name>.text:HOSTclose</name>
         <load_address>0x5024</load_address>
         <run_address>0x5024</run_address>
         <size>0x44</size>
         <input_file_ref idref="fl-fb"/>
      </object_component>
      <object_component id="oc-467">
         <name>.text:HOSTunlink</name>
         <load_address>0x5068</load_address>
         <run_address>0x5068</run_address>
         <size>0x44</size>
         <input_file_ref idref="fl-100"/>
      </object_component>
      <object_component id="oc-104">
         <name>.text:__TI_auto_init_nobinit_nopinit:__TI_auto_init_nobinit_nopinit</name>
         <load_address>0x50ac</load_address>
         <run_address>0x50ac</run_address>
         <size>0x44</size>
         <input_file_ref idref="fl-f0"/>
      </object_component>
      <object_component id="oc-4b5">
         <name>.text:getdevice</name>
         <load_address>0x50f0</load_address>
         <run_address>0x50f0</run_address>
         <size>0x44</size>
         <input_file_ref idref="fl-106"/>
      </object_component>
      <object_component id="oc-2ef">
         <name>.text:_fcpy</name>
         <load_address>0x5134</load_address>
         <run_address>0x5134</run_address>
         <size>0x3e</size>
         <input_file_ref idref="fl-bf"/>
      </object_component>
      <object_component id="oc-494">
         <name>.text:__TI_writemsg</name>
         <load_address>0x5174</load_address>
         <run_address>0x5174</run_address>
         <size>0x38</size>
         <input_file_ref idref="fl-102"/>
      </object_component>
      <object_component id="oc-4d5">
         <name>.text:strncpy</name>
         <load_address>0x51ac</load_address>
         <run_address>0x51ac</run_address>
         <size>0x36</size>
         <input_file_ref idref="fl-109"/>
      </object_component>
      <object_component id="oc-3ee">
         <name>.text:__TI_cleanup</name>
         <load_address>0x51e4</load_address>
         <run_address>0x51e4</run_address>
         <size>0x34</size>
         <input_file_ref idref="fl-eb"/>
      </object_component>
      <object_component id="oc-49a">
         <name>.text:__TI_readmsg</name>
         <load_address>0x5218</load_address>
         <run_address>0x5218</run_address>
         <size>0x34</size>
         <input_file_ref idref="fl-102"/>
      </object_component>
      <object_component id="oc-58">
         <name>.text:_c_int00_noargs:_c_int00_noargs</name>
         <load_address>0x524c</load_address>
         <run_address>0x524c</run_address>
         <size>0x34</size>
         <input_file_ref idref="fl-e5"/>
      </object_component>
      <object_component id="oc-4db">
         <name>.text:finddevice</name>
         <load_address>0x5280</load_address>
         <run_address>0x5280</run_address>
         <size>0x30</size>
         <input_file_ref idref="fl-106"/>
      </object_component>
      <object_component id="oc-e2">
         <name>.text</name>
         <load_address>0x52b0</load_address>
         <run_address>0x52b0</run_address>
         <size>0x2e</size>
         <input_file_ref idref="fl-d2"/>
      </object_component>
      <object_component id="oc-489">
         <name>.text:unlink</name>
         <load_address>0x52e0</load_address>
         <run_address>0x52e0</run_address>
         <size>0x2c</size>
         <input_file_ref idref="fl-10c"/>
      </object_component>
      <object_component id="oc-42e">
         <name>.text:free_list_insert</name>
         <load_address>0x530c</load_address>
         <run_address>0x530c</run_address>
         <size>0x28</size>
         <input_file_ref idref="fl-e1"/>
      </object_component>
      <object_component id="oc-402">
         <name>.text:lseek</name>
         <load_address>0x5334</load_address>
         <run_address>0x5334</run_address>
         <size>0x28</size>
         <input_file_ref idref="fl-104"/>
      </object_component>
      <object_component id="oc-364">
         <name>.text:read</name>
         <load_address>0x535c</load_address>
         <run_address>0x535c</run_address>
         <size>0x28</size>
         <input_file_ref idref="fl-e8"/>
      </object_component>
      <object_component id="oc-32f">
         <name>.text:write</name>
         <load_address>0x5384</load_address>
         <run_address>0x5384</run_address>
         <size>0x28</size>
         <input_file_ref idref="fl-e6"/>
      </object_component>
      <object_component id="oc-323">
         <name>.text:memchr</name>
         <load_address>0x53ac</load_address>
         <run_address>0x53ac</run_address>
         <size>0x20</size>
         <input_file_ref idref="fl-e0"/>
      </object_component>
      <object_component id="oc-46">
         <name>.text:decompress:ZI:__TI_zero_init_nomemset:__TI_zero_init_nomemset</name>
         <load_address>0x53cc</load_address>
         <run_address>0x53cc</run_address>
         <size>0x1c</size>
         <input_file_ref idref="fl-d6"/>
      </object_component>
      <object_component id="oc-428">
         <name>.text:free_list_remove</name>
         <load_address>0x53e8</load_address>
         <run_address>0x53e8</run_address>
         <size>0x1c</size>
         <input_file_ref idref="fl-e1"/>
      </object_component>
      <object_component id="oc-207">
         <name>.text:memccpy</name>
         <load_address>0x5404</load_address>
         <run_address>0x5404</run_address>
         <size>0x1c</size>
         <input_file_ref idref="fl-df"/>
      </object_component>
      <object_component id="oc-2a1">
         <name>.text:copysign</name>
         <load_address>0x5420</load_address>
         <run_address>0x5420</run_address>
         <size>0x1a</size>
         <input_file_ref idref="fl-ed"/>
      </object_component>
      <object_component id="oc-33b">
         <name>.text</name>
         <load_address>0x543a</load_address>
         <run_address>0x543a</run_address>
         <size>0x18</size>
         <input_file_ref idref="fl-107"/>
      </object_component>
      <object_component id="oc-4f0">
         <name>.text:strcmp</name>
         <load_address>0x5452</load_address>
         <run_address>0x5452</run_address>
         <size>0x18</size>
         <input_file_ref idref="fl-108"/>
      </object_component>
      <object_component id="oc-26e">
         <name>.text:strrchr</name>
         <load_address>0x546a</load_address>
         <run_address>0x546a</run_address>
         <size>0x18</size>
         <input_file_ref idref="fl-f5"/>
      </object_component>
      <object_component id="oc-274">
         <name>.text:strchr</name>
         <load_address>0x5482</load_address>
         <run_address>0x5482</run_address>
         <size>0x16</size>
         <input_file_ref idref="fl-e2"/>
      </object_component>
      <object_component id="oc-242">
         <name>.text:strcpy</name>
         <load_address>0x5498</load_address>
         <run_address>0x5498</run_address>
         <size>0x14</size>
         <input_file_ref idref="fl-f4"/>
      </object_component>
      <object_component id="oc-1dd">
         <name>.text:strlen</name>
         <load_address>0x54ac</load_address>
         <run_address>0x54ac</run_address>
         <size>0x14</size>
         <input_file_ref idref="fl-e3"/>
      </object_component>
      <object_component id="oc-20d">
         <name>.text:wcslen</name>
         <load_address>0x54c0</load_address>
         <run_address>0x54c0</run_address>
         <size>0x12</size>
         <input_file_ref idref="fl-cc"/>
      </object_component>
      <object_component id="oc-1d">
         <name>.text:decompress:none:__TI_decompress_none</name>
         <load_address>0x54d2</load_address>
         <run_address>0x54d2</run_address>
         <size>0xe</size>
         <input_file_ref idref="fl-d7"/>
      </object_component>
      <object_component id="oc-6a">
         <name>.text</name>
         <load_address>0x54e0</load_address>
         <run_address>0x54e0</run_address>
         <size>0xe</size>
         <input_file_ref idref="fl-3"/>
      </object_component>
      <object_component id="oc-170">
         <name>.text:_uninpchar</name>
         <load_address>0x54ee</load_address>
         <run_address>0x54ee</run_address>
         <size>0xa</size>
         <input_file_ref idref="fl-c0"/>
      </object_component>
      <object_component id="oc-18f">
         <name>.text:__aeabi_errno_addr</name>
         <load_address>0x54f8</load_address>
         <run_address>0x54f8</run_address>
         <size>0x8</size>
         <input_file_ref idref="fl-e4"/>
      </object_component>
      <object_component id="oc-3e8">
         <name>.text:malloc</name>
         <load_address>0x5500</load_address>
         <run_address>0x5500</run_address>
         <size>0x8</size>
         <input_file_ref idref="fl-e1"/>
      </object_component>
      <object_component id="oc-16a">
         <name>.text:_inpchar</name>
         <load_address>0x5508</load_address>
         <run_address>0x5508</run_address>
         <size>0x6</size>
         <input_file_ref idref="fl-c0"/>
      </object_component>
      <object_component id="oc-157">
         <name>.text:_outc</name>
         <load_address>0x550e</load_address>
         <run_address>0x550e</run_address>
         <size>0x4</size>
         <input_file_ref idref="fl-be"/>
      </object_component>
      <object_component id="oc-151">
         <name>.text:_outs</name>
         <load_address>0x5512</load_address>
         <run_address>0x5512</run_address>
         <size>0x4</size>
         <input_file_ref idref="fl-be"/>
      </object_component>
      <object_component id="oc-94">
         <name>.text:_system_pre_init</name>
         <load_address>0x5516</load_address>
         <run_address>0x5516</run_address>
         <size>0x4</size>
         <input_file_ref idref="fl-f1"/>
      </object_component>
      <object_component id="oc-f8">
         <name>.text:abort:abort</name>
         <load_address>0x551a</load_address>
         <run_address>0x551a</run_address>
         <size>0x4</size>
         <input_file_ref idref="fl-d9"/>
      </object_component>
      <object_component id="oc-26b">
         <name>.const:.string:_ctypes_</name>
         <load_address>0x5520</load_address>
         <run_address>0x5520</run_address>
         <size>0x101</size>
         <input_file_ref idref="fl-dd"/>
      </object_component>
      <object_component id="oc-344">
         <name>.const:$O1$$</name>
         <load_address>0x5628</load_address>
         <run_address>0x5628</run_address>
         <size>0xc8</size>
         <input_file_ref idref="fl-f6"/>
      </object_component>
      <object_component id="oc-195">
         <name>.const:$O1$$</name>
         <load_address>0x56f0</load_address>
         <run_address>0x56f0</run_address>
         <size>0x30</size>
         <input_file_ref idref="fl-c8"/>
      </object_component>
      <object_component id="oc-27a">
         <name>.const:$O1$$</name>
         <load_address>0x5720</load_address>
         <run_address>0x5720</run_address>
         <size>0x10</size>
         <input_file_ref idref="fl-e9"/>
      </object_component>
      <object_component id="oc-530">
         <name>.cinit..data.load</name>
         <load_address>0x5730</load_address>
         <run_address>0x5730</run_address>
         <size>0x6d</size>
      </object_component>
      <object_component id="oc-52e">
         <name>__TI_handler_table</name>
         <load_address>0x57a0</load_address>
         <run_address>0x57a0</run_address>
         <size>0xc</size>
      </object_component>
      <object_component id="oc-531">
         <name>.cinit..bss.load</name>
         <load_address>0x57b0</load_address>
         <run_address>0x57b0</run_address>
         <size>0x8</size>
      </object_component>
      <object_component id="oc-52f">
         <name>__TI_cinit_table</name>
         <load_address>0x57b8</load_address>
         <run_address>0x57b8</run_address>
         <size>0x10</size>
      </object_component>
      <object_component id="oc-502">
         <name>.binit</name>
         <load_address>0x0</load_address>
         <run_address>0x0</run_address>
         <size>0x0</size>
      </object_component>
      <object_component id="oc-136">
         <name>.data</name>
         <load_address>0x200005e8</load_address>
         <run_address>0x200005e8</run_address>
         <size>0x4</size>
         <input_file_ref idref="fl-4"/>
      </object_component>
      <object_component id="oc-1b3">
         <name>.data:$O1$$</name>
         <load_address>0x200005c8</load_address>
         <run_address>0x200005c8</run_address>
         <size>0xc</size>
         <input_file_ref idref="fl-d9"/>
      </object_component>
      <object_component id="oc-14b">
         <name>.data:$O1$$</name>
         <load_address>0x200005d4</load_address>
         <run_address>0x200005d4</run_address>
         <size>0x8</size>
         <input_file_ref idref="fl-da"/>
      </object_component>
      <object_component id="oc-14e">
         <name>.data:_ftable</name>
         <load_address>0x20000400</load_address>
         <run_address>0x20000400</run_address>
         <size>0xf0</size>
         <input_file_ref idref="fl-de"/>
      </object_component>
      <object_component id="oc-3d9">
         <name>.data</name>
         <load_address>0x200005b8</load_address>
         <run_address>0x200005b8</run_address>
         <size>0x10</size>
         <input_file_ref idref="fl-de"/>
      </object_component>
      <object_component id="oc-477">
         <name>.data:$O1$$</name>
         <load_address>0x200005dc</load_address>
         <run_address>0x200005dc</run_address>
         <size>0x8</size>
         <input_file_ref idref="fl-e1"/>
      </object_component>
      <object_component id="oc-298">
         <name>.data</name>
         <load_address>0x200005e4</load_address>
         <run_address>0x200005e4</run_address>
         <size>0x4</size>
         <input_file_ref idref="fl-e4"/>
      </object_component>
      <object_component id="oc-410">
         <name>.data:_device</name>
         <load_address>0x200004f0</load_address>
         <run_address>0x200004f0</run_address>
         <size>0x78</size>
         <input_file_ref idref="fl-e7"/>
      </object_component>
      <object_component id="oc-3ba">
         <name>.data:_stream</name>
         <load_address>0x20000568</load_address>
         <run_address>0x20000568</run_address>
         <size>0x50</size>
         <input_file_ref idref="fl-e7"/>
      </object_component>
      <object_component id="oc-4bf">
         <name>.bss:_CIOBUF_</name>
         <uninitialized>true</uninitialized>
         <run_address>0x200005ec</run_address>
         <size>0x120</size>
         <input_file_ref idref="fl-102"/>
      </object_component>
      <object_component id="oc-48f">
         <name>.common:__TI_tmpnams</name>
         <uninitialized>true</uninitialized>
         <run_address>0x2000070c</run_address>
         <size>0xa0</size>
      </object_component>
      <object_component id="oc-4a0">
         <name>.common:parmbuf</name>
         <uninitialized>true</uninitialized>
         <run_address>0x200007ac</run_address>
         <size>0x8</size>
      </object_component>
      <object_component id="oc-29">
         <name>.sysmem</name>
         <uninitialized>true</uninitialized>
         <run_address>0x20000000</run_address>
         <size>0x10</size>
         <input_file_ref idref="fl-e1"/>
      </object_component>
      <object_component id="oc-534">
         <name>.sysmem</name>
         <uninitialized>true</uninitialized>
         <run_address>0x20000000</run_address>
         <size>0x0</size>
      </object_component>
      <object_component id="oc-2c">
         <name>.stack</name>
         <uninitialized>true</uninitialized>
         <run_address>0x2000fe00</run_address>
         <size>0x4</size>
         <input_file_ref idref="fl-e5"/>
      </object_component>
      <object_component id="oc-533">
         <name>.stack</name>
         <uninitialized>true</uninitialized>
         <run_address>0x2000fe00</run_address>
         <size>0x0</size>
      </object_component>
      <object_component id="oc-144">
         <name>.debug_info</name>
         <load_address>0x0</load_address>
         <run_address>0x0</run_address>
         <size>0x5a5</size>
         <input_file_ref idref="fl-2"/>
      </object_component>
      <object_component id="oc-9c">
         <name>.debug_info</name>
         <load_address>0x5a5</load_address>
         <run_address>0x5a5</run_address>
         <size>0x1f5</size>
         <input_file_ref idref="fl-2"/>
      </object_component>
      <object_component id="oc-b5">
         <name>.debug_info</name>
         <load_address>0x79a</load_address>
         <run_address>0x79a</run_address>
         <size>0x26b</size>
         <input_file_ref idref="fl-2"/>
      </object_component>
      <object_component id="oc-1d8">
         <name>.debug_info</name>
         <load_address>0xa05</load_address>
         <run_address>0xa05</run_address>
         <size>0x1055</size>
         <input_file_ref idref="fl-2"/>
      </object_component>
      <object_component id="oc-1d3">
         <name>.debug_info</name>
         <load_address>0x1a5a</load_address>
         <run_address>0x1a5a</run_address>
         <size>0x37e2</size>
         <input_file_ref idref="fl-2"/>
      </object_component>
      <object_component id="oc-35">
         <name>.debug_info</name>
         <load_address>0x523c</load_address>
         <run_address>0x523c</run_address>
         <size>0x84</size>
         <input_file_ref idref="fl-2"/>
      </object_component>
      <object_component id="oc-13f">
         <name>.debug_info</name>
         <load_address>0x52c0</load_address>
         <run_address>0x52c0</run_address>
         <size>0x2a4</size>
         <input_file_ref idref="fl-2"/>
      </object_component>
      <object_component id="oc-13a">
         <name>.debug_info</name>
         <load_address>0x5564</load_address>
         <run_address>0x5564</run_address>
         <size>0xbb</size>
         <input_file_ref idref="fl-2"/>
      </object_component>
      <object_component id="oc-15f">
         <name>.debug_info</name>
         <load_address>0x561f</load_address>
         <run_address>0x561f</run_address>
         <size>0x2c</size>
         <input_file_ref idref="fl-2"/>
      </object_component>
      <object_component id="oc-72">
         <name>.debug_info</name>
         <load_address>0x564b</load_address>
         <run_address>0x564b</run_address>
         <size>0x2c0</size>
         <input_file_ref idref="fl-3"/>
      </object_component>
      <object_component id="oc-27">
         <name>.debug_info</name>
         <load_address>0x590b</load_address>
         <run_address>0x590b</run_address>
         <size>0xec</size>
         <input_file_ref idref="fl-3"/>
      </object_component>
      <object_component id="oc-6b">
         <name>.debug_info</name>
         <load_address>0x59f7</load_address>
         <run_address>0x59f7</run_address>
         <size>0x1b3</size>
         <input_file_ref idref="fl-3"/>
      </object_component>
      <object_component id="oc-137">
         <name>.debug_info</name>
         <load_address>0x5baa</load_address>
         <run_address>0x5baa</run_address>
         <size>0xe5</size>
         <input_file_ref idref="fl-4"/>
      </object_component>
      <object_component id="oc-ae">
         <name>.debug_info</name>
         <load_address>0x5c8f</load_address>
         <run_address>0x5c8f</run_address>
         <size>0x257</size>
         <input_file_ref idref="fl-4"/>
      </object_component>
      <object_component id="oc-15e">
         <name>.debug_info</name>
         <load_address>0x5ee6</load_address>
         <run_address>0x5ee6</run_address>
         <size>0x3e5</size>
         <input_file_ref idref="fl-be"/>
      </object_component>
      <object_component id="oc-15a">
         <name>.debug_info</name>
         <load_address>0x62cb</load_address>
         <run_address>0x62cb</run_address>
         <size>0x157</size>
         <input_file_ref idref="fl-be"/>
      </object_component>
      <object_component id="oc-152">
         <name>.debug_info</name>
         <load_address>0x6422</load_address>
         <run_address>0x6422</run_address>
         <size>0x166</size>
         <input_file_ref idref="fl-be"/>
      </object_component>
      <object_component id="oc-d7">
         <name>.debug_info</name>
         <load_address>0x6588</load_address>
         <run_address>0x6588</run_address>
         <size>0x1ac</size>
         <input_file_ref idref="fl-be"/>
      </object_component>
      <object_component id="oc-23d">
         <name>.debug_info</name>
         <load_address>0x6734</load_address>
         <run_address>0x6734</run_address>
         <size>0xb2</size>
         <input_file_ref idref="fl-be"/>
      </object_component>
      <object_component id="oc-214">
         <name>.debug_info</name>
         <load_address>0x67e6</load_address>
         <run_address>0x67e6</run_address>
         <size>0x590</size>
         <input_file_ref idref="fl-bf"/>
      </object_component>
      <object_component id="oc-1ea">
         <name>.debug_info</name>
         <load_address>0x6d76</load_address>
         <run_address>0x6d76</run_address>
         <size>0x21e</size>
         <input_file_ref idref="fl-bf"/>
      </object_component>
      <object_component id="oc-2de">
         <name>.debug_info</name>
         <load_address>0x6f94</load_address>
         <run_address>0x6f94</run_address>
         <size>0x1b3</size>
         <input_file_ref idref="fl-bf"/>
      </object_component>
      <object_component id="oc-2e4">
         <name>.debug_info</name>
         <load_address>0x7147</load_address>
         <run_address>0x7147</run_address>
         <size>0x21b</size>
         <input_file_ref idref="fl-bf"/>
      </object_component>
      <object_component id="oc-1f0">
         <name>.debug_info</name>
         <load_address>0x7362</load_address>
         <run_address>0x7362</run_address>
         <size>0x3c0</size>
         <input_file_ref idref="fl-bf"/>
      </object_component>
      <object_component id="oc-2ea">
         <name>.debug_info</name>
         <load_address>0x7722</load_address>
         <run_address>0x7722</run_address>
         <size>0x30a</size>
         <input_file_ref idref="fl-bf"/>
      </object_component>
      <object_component id="oc-2f1">
         <name>.debug_info</name>
         <load_address>0x7a2c</load_address>
         <run_address>0x7a2c</run_address>
         <size>0x215</size>
         <input_file_ref idref="fl-bf"/>
      </object_component>
      <object_component id="oc-1f7">
         <name>.debug_info</name>
         <load_address>0x7c41</load_address>
         <run_address>0x7c41</run_address>
         <size>0x215</size>
         <input_file_ref idref="fl-bf"/>
      </object_component>
      <object_component id="oc-1fd">
         <name>.debug_info</name>
         <load_address>0x7e56</load_address>
         <run_address>0x7e56</run_address>
         <size>0x304</size>
         <input_file_ref idref="fl-bf"/>
      </object_component>
      <object_component id="oc-203">
         <name>.debug_info</name>
         <load_address>0x815a</load_address>
         <run_address>0x815a</run_address>
         <size>0x4b5</size>
         <input_file_ref idref="fl-bf"/>
      </object_component>
      <object_component id="oc-147">
         <name>.debug_info</name>
         <load_address>0x860f</load_address>
         <run_address>0x860f</run_address>
         <size>0x5f4</size>
         <input_file_ref idref="fl-bf"/>
      </object_component>
      <object_component id="oc-215">
         <name>.debug_info</name>
         <load_address>0x8c03</load_address>
         <run_address>0x8c03</run_address>
         <size>0x86</size>
         <input_file_ref idref="fl-bf"/>
      </object_component>
      <object_component id="oc-30e">
         <name>.debug_info</name>
         <load_address>0x8c89</load_address>
         <run_address>0x8c89</run_address>
         <size>0x39</size>
         <input_file_ref idref="fl-bf"/>
      </object_component>
      <object_component id="oc-3a9">
         <name>.debug_info</name>
         <load_address>0x8cc2</load_address>
         <run_address>0x8cc2</run_address>
         <size>0xb6</size>
         <input_file_ref idref="fl-bf"/>
      </object_component>
      <object_component id="oc-313">
         <name>.debug_info</name>
         <load_address>0x8d78</load_address>
         <run_address>0x8d78</run_address>
         <size>0x46</size>
         <input_file_ref idref="fl-bf"/>
      </object_component>
      <object_component id="oc-21a">
         <name>.debug_info</name>
         <load_address>0x8dbe</load_address>
         <run_address>0x8dbe</run_address>
         <size>0x46</size>
         <input_file_ref idref="fl-bf"/>
      </object_component>
      <object_component id="oc-309">
         <name>.debug_info</name>
         <load_address>0x8e04</load_address>
         <run_address>0x8e04</run_address>
         <size>0x2c</size>
         <input_file_ref idref="fl-bf"/>
      </object_component>
      <object_component id="oc-17d">
         <name>.debug_info</name>
         <load_address>0x8e30</load_address>
         <run_address>0x8e30</run_address>
         <size>0x452</size>
         <input_file_ref idref="fl-c0"/>
      </object_component>
      <object_component id="oc-178">
         <name>.debug_info</name>
         <load_address>0x9282</load_address>
         <run_address>0x9282</run_address>
         <size>0x228</size>
         <input_file_ref idref="fl-c0"/>
      </object_component>
      <object_component id="oc-16d">
         <name>.debug_info</name>
         <load_address>0x94aa</load_address>
         <run_address>0x94aa</run_address>
         <size>0x161</size>
         <input_file_ref idref="fl-c0"/>
      </object_component>
      <object_component id="oc-173">
         <name>.debug_info</name>
         <load_address>0x960b</load_address>
         <run_address>0x960b</run_address>
         <size>0x190</size>
         <input_file_ref idref="fl-c0"/>
      </object_component>
      <object_component id="oc-de">
         <name>.debug_info</name>
         <load_address>0x979b</load_address>
         <run_address>0x979b</run_address>
         <size>0x195</size>
         <input_file_ref idref="fl-c0"/>
      </object_component>
      <object_component id="oc-36b">
         <name>.debug_info</name>
         <load_address>0x9930</load_address>
         <run_address>0x9930</run_address>
         <size>0x375</size>
         <input_file_ref idref="fl-c1"/>
      </object_component>
      <object_component id="oc-285">
         <name>.debug_info</name>
         <load_address>0x9ca5</load_address>
         <run_address>0x9ca5</run_address>
         <size>0x1d1</size>
         <input_file_ref idref="fl-c1"/>
      </object_component>
      <object_component id="oc-338">
         <name>.debug_info</name>
         <load_address>0x9e76</load_address>
         <run_address>0x9e76</run_address>
         <size>0x383</size>
         <input_file_ref idref="fl-c2"/>
      </object_component>
      <object_component id="oc-238">
         <name>.debug_info</name>
         <load_address>0xa1f9</load_address>
         <run_address>0xa1f9</run_address>
         <size>0x1ea</size>
         <input_file_ref idref="fl-c2"/>
      </object_component>
      <object_component id="oc-336">
         <name>.debug_info</name>
         <load_address>0xa3e3</load_address>
         <run_address>0xa3e3</run_address>
         <size>0x3fc</size>
         <input_file_ref idref="fl-c3"/>
      </object_component>
      <object_component id="oc-231">
         <name>.debug_info</name>
         <load_address>0xa7df</load_address>
         <run_address>0xa7df</run_address>
         <size>0x2e2</size>
         <input_file_ref idref="fl-c3"/>
      </object_component>
      <object_component id="oc-cd">
         <name>.debug_info</name>
         <load_address>0xaac1</load_address>
         <run_address>0xaac1</run_address>
         <size>0x2c</size>
         <input_file_ref idref="fl-c3"/>
      </object_component>
      <object_component id="oc-3dd">
         <name>.debug_info</name>
         <load_address>0xaaed</load_address>
         <run_address>0xaaed</run_address>
         <size>0x370</size>
         <input_file_ref idref="fl-c4"/>
      </object_component>
      <object_component id="oc-361">
         <name>.debug_info</name>
         <load_address>0xae5d</load_address>
         <run_address>0xae5d</run_address>
         <size>0x1e2</size>
         <input_file_ref idref="fl-c4"/>
      </object_component>
      <object_component id="oc-3b5">
         <name>.debug_info</name>
         <load_address>0xb03f</load_address>
         <run_address>0xb03f</run_address>
         <size>0x300</size>
         <input_file_ref idref="fl-c5"/>
      </object_component>
      <object_component id="oc-31e">
         <name>.debug_info</name>
         <load_address>0xb33f</load_address>
         <run_address>0xb33f</run_address>
         <size>0x19c</size>
         <input_file_ref idref="fl-c5"/>
      </object_component>
      <object_component id="oc-35a">
         <name>.debug_info</name>
         <load_address>0xb4db</load_address>
         <run_address>0xb4db</run_address>
         <size>0x18e</size>
         <input_file_ref idref="fl-c5"/>
      </object_component>
      <object_component id="oc-3f6">
         <name>.debug_info</name>
         <load_address>0xb669</load_address>
         <run_address>0xb669</run_address>
         <size>0xbf</size>
         <input_file_ref idref="fl-c5"/>
      </object_component>
      <object_component id="oc-3f5">
         <name>.debug_info</name>
         <load_address>0xb728</load_address>
         <run_address>0xb728</run_address>
         <size>0x374</size>
         <input_file_ref idref="fl-c6"/>
      </object_component>
      <object_component id="oc-36e">
         <name>.debug_info</name>
         <load_address>0xba9c</load_address>
         <run_address>0xba9c</run_address>
         <size>0x20b</size>
         <input_file_ref idref="fl-c6"/>
      </object_component>
      <object_component id="oc-373">
         <name>.debug_info</name>
         <load_address>0xbca7</load_address>
         <run_address>0xbca7</run_address>
         <size>0x310</size>
         <input_file_ref idref="fl-c7"/>
      </object_component>
      <object_component id="oc-28c">
         <name>.debug_info</name>
         <load_address>0xbfb7</load_address>
         <run_address>0xbfb7</run_address>
         <size>0x1b7</size>
         <input_file_ref idref="fl-c7"/>
      </object_component>
      <object_component id="oc-1ae">
         <name>.debug_info</name>
         <load_address>0xc16e</load_address>
         <run_address>0xc16e</run_address>
         <size>0x35e</size>
         <input_file_ref idref="fl-c8"/>
      </object_component>
      <object_component id="oc-196">
         <name>.debug_info</name>
         <load_address>0xc4cc</load_address>
         <run_address>0xc4cc</run_address>
         <size>0x128</size>
         <input_file_ref idref="fl-c8"/>
      </object_component>
      <object_component id="oc-e8">
         <name>.debug_info</name>
         <load_address>0xc5f4</load_address>
         <run_address>0xc5f4</run_address>
         <size>0xbf2</size>
         <input_file_ref idref="fl-c8"/>
      </object_component>
      <object_component id="oc-2ae">
         <name>.debug_info</name>
         <load_address>0xd1e6</load_address>
         <run_address>0xd1e6</run_address>
         <size>0x46</size>
         <input_file_ref idref="fl-c8"/>
      </object_component>
      <object_component id="oc-1a9">
         <name>.debug_info</name>
         <load_address>0xd22c</load_address>
         <run_address>0xd22c</run_address>
         <size>0x39</size>
         <input_file_ref idref="fl-c8"/>
      </object_component>
      <object_component id="oc-297">
         <name>.debug_info</name>
         <load_address>0xd265</load_address>
         <run_address>0xd265</run_address>
         <size>0x2c5</size>
         <input_file_ref idref="fl-c9"/>
      </object_component>
      <object_component id="oc-18a">
         <name>.debug_info</name>
         <load_address>0xd52a</load_address>
         <run_address>0xd52a</run_address>
         <size>0x24e</size>
         <input_file_ref idref="fl-c9"/>
      </object_component>
      <object_component id="oc-39f">
         <name>.debug_info</name>
         <load_address>0xd778</load_address>
         <run_address>0xd778</run_address>
         <size>0x295</size>
         <input_file_ref idref="fl-ca"/>
      </object_component>
      <object_component id="oc-2fa">
         <name>.debug_info</name>
         <load_address>0xda0d</load_address>
         <run_address>0xda0d</run_address>
         <size>0x195</size>
         <input_file_ref idref="fl-ca"/>
      </object_component>
      <object_component id="oc-37d">
         <name>.debug_info</name>
         <load_address>0xdba2</load_address>
         <run_address>0xdba2</run_address>
         <size>0x39</size>
         <input_file_ref idref="fl-ca"/>
      </object_component>
      <object_component id="oc-2a9">
         <name>.debug_info</name>
         <load_address>0xdbdb</load_address>
         <run_address>0xdbdb</run_address>
         <size>0x2c</size>
         <input_file_ref idref="fl-ca"/>
      </object_component>
      <object_component id="oc-2a8">
         <name>.debug_info</name>
         <load_address>0xdc07</load_address>
         <run_address>0xdc07</run_address>
         <size>0x2f8</size>
         <input_file_ref idref="fl-cb"/>
      </object_component>
      <object_component id="oc-1a4">
         <name>.debug_info</name>
         <load_address>0xdeff</load_address>
         <run_address>0xdeff</run_address>
         <size>0x225</size>
         <input_file_ref idref="fl-cb"/>
      </object_component>
      <object_component id="oc-306">
         <name>.debug_info</name>
         <load_address>0xe124</load_address>
         <run_address>0xe124</run_address>
         <size>0x28f</size>
         <input_file_ref idref="fl-cc"/>
      </object_component>
      <object_component id="oc-211">
         <name>.debug_info</name>
         <load_address>0xe3b3</load_address>
         <run_address>0xe3b3</run_address>
         <size>0x15a</size>
         <input_file_ref idref="fl-cc"/>
      </object_component>
      <object_component id="oc-3a2">
         <name>.debug_info</name>
         <load_address>0xe50d</load_address>
         <run_address>0xe50d</run_address>
         <size>0x46</size>
         <input_file_ref idref="fl-cc"/>
      </object_component>
      <object_component id="oc-301">
         <name>.debug_info</name>
         <load_address>0xe553</load_address>
         <run_address>0xe553</run_address>
         <size>0x39</size>
         <input_file_ref idref="fl-cc"/>
      </object_component>
      <object_component id="oc-180">
         <name>.debug_info</name>
         <load_address>0xe58c</load_address>
         <run_address>0xe58c</run_address>
         <size>0x14c</size>
         <input_file_ref idref="fl-cd"/>
      </object_component>
      <object_component id="oc-19a">
         <name>.debug_info</name>
         <load_address>0xe6d8</load_address>
         <run_address>0xe6d8</run_address>
         <size>0x128</size>
         <input_file_ref idref="fl-ce"/>
      </object_component>
      <object_component id="oc-19f">
         <name>.debug_info</name>
         <load_address>0xe800</load_address>
         <run_address>0xe800</run_address>
         <size>0x12a</size>
         <input_file_ref idref="fl-ce"/>
      </object_component>
      <object_component id="oc-186">
         <name>.debug_info</name>
         <load_address>0xe92a</load_address>
         <run_address>0xe92a</run_address>
         <size>0x13a</size>
         <input_file_ref idref="fl-cf"/>
      </object_component>
      <object_component id="oc-ef">
         <name>.debug_info</name>
         <load_address>0xea64</load_address>
         <run_address>0xea64</run_address>
         <size>0x13a</size>
         <input_file_ref idref="fl-d0"/>
      </object_component>
      <object_component id="oc-f4">
         <name>.debug_info</name>
         <load_address>0xeb9e</load_address>
         <run_address>0xeb9e</run_address>
         <size>0x12e</size>
         <input_file_ref idref="fl-d1"/>
      </object_component>
      <object_component id="oc-e5">
         <name>.debug_info</name>
         <load_address>0xeccc</load_address>
         <run_address>0xeccc</run_address>
         <size>0x12c</size>
         <input_file_ref idref="fl-d2"/>
      </object_component>
      <object_component id="oc-3b">
         <name>.debug_info</name>
         <load_address>0xedf8</load_address>
         <run_address>0xedf8</run_address>
         <size>0x119</size>
         <input_file_ref idref="fl-d3"/>
      </object_component>
      <object_component id="oc-2d3">
         <name>.debug_info</name>
         <load_address>0xef11</load_address>
         <run_address>0xef11</run_address>
         <size>0x134</size>
         <input_file_ref idref="fl-d4"/>
      </object_component>
      <object_component id="oc-91">
         <name>.debug_info</name>
         <load_address>0xf045</load_address>
         <run_address>0xf045</run_address>
         <size>0x147</size>
         <input_file_ref idref="fl-d5"/>
      </object_component>
      <object_component id="oc-8d">
         <name>.debug_info</name>
         <load_address>0xf18c</load_address>
         <run_address>0xf18c</run_address>
         <size>0x2d4</size>
         <input_file_ref idref="fl-d6"/>
      </object_component>
      <object_component id="oc-48">
         <name>.debug_info</name>
         <load_address>0xf460</load_address>
         <run_address>0xf460</run_address>
         <size>0x1d2</size>
         <input_file_ref idref="fl-d6"/>
      </object_component>
      <object_component id="oc-88">
         <name>.debug_info</name>
         <load_address>0xf632</load_address>
         <run_address>0xf632</run_address>
         <size>0x46</size>
         <input_file_ref idref="fl-d6"/>
      </object_component>
      <object_component id="oc-45">
         <name>.debug_info</name>
         <load_address>0xf678</load_address>
         <run_address>0xf678</run_address>
         <size>0x2a8</size>
         <input_file_ref idref="fl-d7"/>
      </object_component>
      <object_component id="oc-1e">
         <name>.debug_info</name>
         <load_address>0xf920</load_address>
         <run_address>0xf920</run_address>
         <size>0x1ea</size>
         <input_file_ref idref="fl-d7"/>
      </object_component>
      <object_component id="oc-40">
         <name>.debug_info</name>
         <load_address>0xfb0a</load_address>
         <run_address>0xfb0a</run_address>
         <size>0x46</size>
         <input_file_ref idref="fl-d7"/>
      </object_component>
      <object_component id="oc-80">
         <name>.debug_info</name>
         <load_address>0xfb50</load_address>
         <run_address>0xfb50</run_address>
         <size>0x2c</size>
         <input_file_ref idref="fl-d7"/>
      </object_component>
      <object_component id="oc-7e">
         <name>.debug_info</name>
         <load_address>0xfb7c</load_address>
         <run_address>0xfb7c</run_address>
         <size>0x29e</size>
         <input_file_ref idref="fl-d8"/>
      </object_component>
      <object_component id="oc-19">
         <name>.debug_info</name>
         <load_address>0xfe1a</load_address>
         <run_address>0xfe1a</run_address>
         <size>0x250</size>
         <input_file_ref idref="fl-d8"/>
      </object_component>
      <object_component id="oc-30">
         <name>.debug_info</name>
         <load_address>0x1006a</load_address>
         <run_address>0x1006a</run_address>
         <size>0x60</size>
         <input_file_ref idref="fl-d8"/>
      </object_component>
      <object_component id="oc-c6">
         <name>.debug_info</name>
         <load_address>0x100ca</load_address>
         <run_address>0x100ca</run_address>
         <size>0x46</size>
         <input_file_ref idref="fl-d8"/>
      </object_component>
      <object_component id="oc-79">
         <name>.debug_info</name>
         <load_address>0x10110</load_address>
         <run_address>0x10110</run_address>
         <size>0x39</size>
         <input_file_ref idref="fl-d8"/>
      </object_component>
      <object_component id="oc-1b7">
         <name>.debug_info</name>
         <load_address>0x10149</load_address>
         <run_address>0x10149</run_address>
         <size>0x3ad</size>
         <input_file_ref idref="fl-d9"/>
      </object_component>
      <object_component id="oc-1b4">
         <name>.debug_info</name>
         <load_address>0x104f6</load_address>
         <run_address>0x104f6</run_address>
         <size>0x190</size>
         <input_file_ref idref="fl-d9"/>
      </object_component>
      <object_component id="oc-fc">
         <name>.debug_info</name>
         <load_address>0x10686</load_address>
         <run_address>0x10686</run_address>
         <size>0x122</size>
         <input_file_ref idref="fl-d9"/>
      </object_component>
      <object_component id="oc-ff">
         <name>.debug_info</name>
         <load_address>0x107a8</load_address>
         <run_address>0x107a8</run_address>
         <size>0x184</size>
         <input_file_ref idref="fl-d9"/>
      </object_component>
      <object_component id="oc-227">
         <name>.debug_info</name>
         <load_address>0x1092c</load_address>
         <run_address>0x1092c</run_address>
         <size>0x2c9</size>
         <input_file_ref idref="fl-da"/>
      </object_component>
      <object_component id="oc-14c">
         <name>.debug_info</name>
         <load_address>0x10bf5</load_address>
         <run_address>0x10bf5</run_address>
         <size>0x11e</size>
         <input_file_ref idref="fl-da"/>
      </object_component>
      <object_component id="oc-220">
         <name>.debug_info</name>
         <load_address>0x10d13</load_address>
         <run_address>0x10d13</run_address>
         <size>0x12e</size>
         <input_file_ref idref="fl-da"/>
      </object_component>
      <object_component id="oc-399">
         <name>.debug_info</name>
         <load_address>0x10e41</load_address>
         <run_address>0x10e41</run_address>
         <size>0x29c</size>
         <input_file_ref idref="fl-db"/>
      </object_component>
      <object_component id="oc-2da">
         <name>.debug_info</name>
         <load_address>0x110dd</load_address>
         <run_address>0x110dd</run_address>
         <size>0x1da</size>
         <input_file_ref idref="fl-db"/>
      </object_component>
      <object_component id="oc-2cf">
         <name>.debug_info</name>
         <load_address>0x112b7</load_address>
         <run_address>0x112b7</run_address>
         <size>0x2b9</size>
         <input_file_ref idref="fl-dc"/>
      </object_component>
      <object_component id="oc-1e7">
         <name>.debug_info</name>
         <load_address>0x11570</load_address>
[...]
      </symbol>
      <symbol id="sm-513">
         <name>__aeabi_memcpy</name>
         <value>0x427d</value>
         <object_component_ref idref="oc-3a"/>
      </symbol>
      <symbol id="sm-514">
         <name>__aeabi_memcpy8</name>
         <value>0x427d</value>
         <object_component_ref idref="oc-3a"/>
      </symbol>
      <symbol id="sm-515">
         <name>__aeabi_memcpy4</name>
         <value>0x427d</value>
         <object_component_ref idref="oc-3a"/>
      </symbol>
      <symbol id="sm-522">
         <name>__aeabi_uldivmod</name>
         <value>0x4319</value>
         <object_component_ref idref="oc-2d0"/>
      </symbol>
      <symbol id="sm-531">
         <name>__aeabi_memset</name>
         <value>0x46d7</value>
         <object_component_ref idref="oc-8e"/>
      </symbol>
      <symbol id="sm-532">
         <name>memset</name>
         <value>0x46dd</value>
         <object_component_ref idref="oc-8e"/>
      </symbol>
      <symbol id="sm-533">
         <name>__aeabi_memset8</name>
         <value>0x46d7</value>
         <object_component_ref idref="oc-8e"/>
      </symbol>
      <symbol id="sm-534">
         <name>__aeabi_memset4</name>
         <value>0x46d7</value>
         <object_component_ref idref="oc-8e"/>
      </symbol>
      <symbol id="sm-535">
         <name>__aeabi_memclr8</name>
         <value>0x46d5</value>
         <object_component_ref idref="oc-8e"/>
      </symbol>
      <symbol id="sm-536">
         <name>__aeabi_memclr4</name>
         <value>0x46d5</value>
         <object_component_ref idref="oc-8e"/>
      </symbol>
      <symbol id="sm-537">
         <name>__aeabi_memclr</name>
         <value>0x46d5</value>
         <object_component_ref idref="oc-8e"/>
      </symbol>
      <symbol id="sm-54b">
         <name>__TI_zero_init_nomemset</name>
         <value>0x53cd</value>
         <object_component_ref idref="oc-46"/>
      </symbol>
      <symbol id="sm-562">
         <name>__TI_decompress_none</name>
         <value>0x54d3</value>
         <object_component_ref idref="oc-1d"/>
      </symbol>
      <symbol id="sm-585">
         <name>__TI_decompress_lzss</name>
         <value>0x49e5</value>
         <object_component_ref idref="oc-17"/>
      </symbol>
      <symbol id="sm-5ab">
         <name>C$$EXIT</name>
         <value>0x551b</value>
         <object_component_ref idref="oc-f8"/>
      </symbol>
      <symbol id="sm-5ac">
         <name>abort</name>
         <value>0x551b</value>
         <object_component_ref idref="oc-f8"/>
      </symbol>
      <symbol id="sm-5ad">
         <name>__TI_dtors_ptr</name>
         <value>0x200005cc</value>
         <object_component_ref idref="oc-1b3"/>
      </symbol>
      <symbol id="sm-5ae">
         <name>__TI_cleanup_ptr</name>
         <value>0x200005c8</value>
         <object_component_ref idref="oc-1b3"/>
      </symbol>
      <symbol id="sm-5af">
         <name>__TI_enable_exit_profile_output</name>
         <value>0x200005d0</value>
         <object_component_ref idref="oc-1b3"/>
      </symbol>
      <symbol id="sm-5b0">
         <name>exit</name>
         <value>0x4f95</value>
         <object_component_ref idref="oc-fe"/>
      </symbol>
      <symbol id="sm-5c5">
         <name>_nop</name>
         <value>0x1647</value>
         <object_component_ref idref="oc-21f"/>
      </symbol>
      <symbol id="sm-5c6">
         <name>_lock</name>
         <value>0x200005d4</value>
         <object_component_ref idref="oc-14b"/>
      </symbol>
      <symbol id="sm-5c7">
         <name>_unlock</name>
         <value>0x200005d8</value>
         <object_component_ref idref="oc-14b"/>
      </symbol>
      <symbol id="sm-5d6">
         <name>__TI_ltoa</name>
         <value>0x4e0b</value>
         <object_component_ref idref="oc-2d6"/>
      </symbol>
      <symbol id="sm-5ec">
         <name>atoi</name>
         <value>0x4efd</value>
         <object_component_ref idref="oc-1e3"/>
      </symbol>
      <symbol id="sm-5f7">
         <name>_ctypes_</name>
         <value>0x5520</value>
         <object_component_ref idref="oc-26b"/>
      </symbol>
      <symbol id="sm-60c">
         <name>__TI_tmpnams</name>
         <value>0x2000070c</value>
      </symbol>
      <symbol id="sm-60d">
         <name>__aeabi_stdout</name>
         <value>0x200005c0</value>
         <object_component_ref idref="oc-3d9"/>
      </symbol>
      <symbol id="sm-60e">
         <name>__aeabi_stderr</name>
         <value>0x200005c4</value>
         <object_component_ref idref="oc-3d9"/>
      </symbol>
      <symbol id="sm-60f">
         <name>__aeabi_stdin</name>
         <value>0x200005bc</value>
         <object_component_ref idref="oc-3d9"/>
      </symbol>
      <symbol id="sm-610">
         <name>_ftable</name>
         <value>0x20000400</value>
         <object_component_ref idref="oc-14e"/>
      </symbol>
      <symbol id="sm-611">
         <name>__TI_ft_end</name>
         <value>0x200005b8</value>
         <object_component_ref idref="oc-3d9"/>
      </symbol>
      <symbol id="sm-621">
         <name>memccpy</name>
         <value>0x5405</value>
         <object_component_ref idref="oc-207"/>
      </symbol>
      <symbol id="sm-631">
         <name>memchr</name>
         <value>0x53ad</value>
         <object_component_ref idref="oc-323"/>
      </symbol>
      <symbol id="sm-6ba">
         <name>_sys_memory</name>
         <value>0x20000000</value>
         <object_component_ref idref="oc-29"/>
      </symbol>
      <symbol id="sm-6bb">
         <name>free</name>
         <value>0x3f6d</value>
         <object_component_ref idref="oc-3e2"/>
      </symbol>
      <symbol id="sm-6bc">
         <name>memalign</name>
         <value>0x3d71</value>
         <object_component_ref idref="oc-435"/>
      </symbol>
      <symbol id="sm-6bd">
         <name>malloc</name>
         <value>0x5501</value>
         <object_component_ref idref="oc-3e8"/>
      </symbol>
      <symbol id="sm-6be">
         <name>aligned_alloc</name>
         <value>0x3d71</value>
         <object_component_ref idref="oc-435"/>
      </symbol>
      <symbol id="sm-6ce">
         <name>strchr</name>
         <value>0x5483</value>
         <object_component_ref idref="oc-274"/>
      </symbol>
      <symbol id="sm-6dc">
         <name>strlen</name>
         <value>0x54ad</value>
         <object_component_ref idref="oc-1dd"/>
      </symbol>
      <symbol id="sm-6f2">
         <name>__aeabi_errno_addr</name>
         <value>0x54f9</value>
         <object_component_ref idref="oc-18f"/>
      </symbol>
      <symbol id="sm-6f3">
         <name>errno</name>
         <value>0x200005e4</value>
         <object_component_ref idref="oc-298"/>
      </symbol>
      <symbol id="sm-706">
         <name>__stack</name>
         <value>0x2000fe00</value>
         <object_component_ref idref="oc-2c"/>
      </symbol>
      <symbol id="sm-707">
         <name>_c_int00_noargs</name>
         <value>0x524d</value>
         <object_component_ref idref="oc-58"/>
      </symbol>
      <symbol id="sm-721">
         <name>write</name>
         <value>0x5385</value>
         <object_component_ref idref="oc-32f"/>
      </symbol>
      <symbol id="sm-732">
         <name>_stream</name>
         <value>0x20000568</value>
         <object_component_ref idref="oc-3ba"/>
      </symbol>
      <symbol id="sm-733">
         <name>_device</name>
         <value>0x200004f0</value>
         <object_component_ref idref="oc-410"/>
      </symbol>
      <symbol id="sm-743">
         <name>read</name>
         <value>0x535d</value>
         <object_component_ref idref="oc-364"/>
      </symbol>
      <symbol id="sm-7f9">
         <name>__TI_scanfi</name>
         <value>0xe5</value>
         <object_component_ref idref="oc-164"/>
      </symbol>
      <symbol id="sm-809">
         <name>__TI_doflush</name>
         <value>0x4eb1</value>
         <object_component_ref idref="oc-329"/>
      </symbol>
      <symbol id="sm-819">
         <name>__TI_cleanup</name>
         <value>0x51e5</value>
         <object_component_ref idref="oc-3ee"/>
      </symbol>
      <symbol id="sm-82b">
         <name>fseek</name>
         <value>0x4b81</value>
         <object_component_ref idref="oc-3ae"/>
      </symbol>
      <symbol id="sm-835">
         <name>copysign</name>
         <value>0x5421</value>
         <object_component_ref idref="oc-2a1"/>
      </symbol>
      <symbol id="sm-836">
         <name>copysignl</name>
         <value>0x5421</value>
         <object_component_ref idref="oc-2a1"/>
      </symbol>
      <symbol id="sm-840">
         <name>__aeabi_idiv0</name>
         <value>0x32bf</value>
         <object_component_ref idref="oc-392"/>
      </symbol>
      <symbol id="sm-841">
         <name>__aeabi_ldiv0</name>
         <value>0x32bf</value>
         <object_component_ref idref="oc-392"/>
      </symbol>
      <symbol id="sm-84d">
         <name>__aeabi_d2f</name>
         <value>0x48a3</value>
         <object_component_ref idref="oc-25a"/>
      </symbol>
      <symbol id="sm-875">
         <name>__TI_auto_init_nobinit_nopinit</name>
         <value>0x50ad</value>
         <object_component_ref idref="oc-104"/>
      </symbol>
      <symbol id="sm-87f">
         <name>_system_pre_init</name>
         <value>0x5517</value>
         <object_component_ref idref="oc-94"/>
      </symbol>
      <symbol id="sm-88f">
         <name>strcpy</name>
         <value>0x5499</value>
         <object_component_ref idref="oc-242"/>
      </symbol>
      <symbol id="sm-89e">
         <name>strrchr</name>
         <value>0x546b</value>
         <object_component_ref idref="oc-26e"/>
      </symbol>
      <symbol id="sm-8fe">
         <name>strtold</name>
         <value>0x2019</value>
         <object_component_ref idref="oc-254"/>
      </symbol>
      <symbol id="sm-8ff">
         <name>strtod</name>
         <value>0x2019</value>
         <object_component_ref idref="oc-254"/>
      </symbol>
      <symbol id="sm-923">
         <name>strtol</name>
         <value>0x37e9</value>
         <object_component_ref idref="oc-25f"/>
      </symbol>
      <symbol id="sm-949">
         <name>strtoll</name>
         <value>0x2d5d</value>
         <object_component_ref idref="oc-265"/>
      </symbol>
      <symbol id="sm-969">
         <name>strtoul</name>
         <value>0x3c61</value>
         <object_component_ref idref="oc-24e"/>
      </symbol>
      <symbol id="sm-98c">
         <name>strtoull</name>
         <value>0x32c1</value>
         <object_component_ref idref="oc-248"/>
      </symbol>
      <symbol id="sm-99d">
         <name>HOSTclose</name>
         <value>0x5025</value>
         <object_component_ref idref="oc-44f"/>
      </symbol>
      <symbol id="sm-9ae">
         <name>HOSTlseek</name>
         <value>0x497d</value>
         <object_component_ref idref="oc-461"/>
      </symbol>
      <symbol id="sm-9c0">
         <name>parmbuf</name>
         <value>0x200007ac</value>
      </symbol>
      <symbol id="sm-9c1">
         <name>HOSTopen</name>
         <value>0x4c49</value>
         <object_component_ref idref="oc-449"/>
      </symbol>
      <symbol id="sm-9d2">
         <name>HOSTread</name>
         <value>0x4d05</value>
         <object_component_ref idref="oc-455"/>
      </symbol>
      <symbol id="sm-9e3">
         <name>HOSTrename</name>
         <value>0x4911</value>
         <object_component_ref idref="oc-46d"/>
      </symbol>
      <symbol id="sm-9f4">
         <name>HOSTunlink</name>
         <value>0x5069</value>
         <object_component_ref idref="oc-467"/>
      </symbol>
      <symbol id="sm-a05">
         <name>HOSTwrite</name>
         <value>0x4d5d</value>
         <object_component_ref idref="oc-45b"/>
      </symbol>
      <symbol id="sm-a29">
         <name>__TI_readmsg</name>
         <value>0x5219</value>
         <object_component_ref idref="oc-49a"/>
      </symbol>
      <symbol id="sm-a2a">
         <name>C$$IO$$</name>
         <value>0x51a3</value>
         <object_component_ref idref="oc-494"/>
      </symbol>
      <symbol id="sm-a2b">
         <name>__CIOBUF_</name>
         <value>0x200005ec</value>
         <object_component_ref idref="oc-4bf"/>
      </symbol>
      <symbol id="sm-a2c">
         <name>__TI_writemsg</name>
         <value>0x5175</value>
         <object_component_ref idref="oc-494"/>
      </symbol>
      <symbol id="sm-a3d">
         <name>lseek</name>
         <value>0x5335</value>
         <object_component_ref idref="oc-402"/>
      </symbol>
      <symbol id="sm-a52">
         <name>__TI_closefile</name>
         <value>0x4751</value>
         <object_component_ref idref="oc-43c"/>
      </symbol>
      <symbol id="sm-a75">
         <name>finddevice</name>
         <value>0x5281</value>
         <object_component_ref idref="oc-4db"/>
      </symbol>
      <symbol id="sm-a76">
         <name>getdevice</name>
         <value>0x50f1</value>
         <object_component_ref idref="oc-4b5"/>
      </symbol>
      <symbol id="sm-a7f">
         <name>__aeabi_lmul</name>
         <value>0x543b</value>
         <object_component_ref idref="oc-33b"/>
      </symbol>
      <symbol id="sm-a8e">
         <name>strcmp</name>
         <value>0x5453</value>
         <object_component_ref idref="oc-4f0"/>
      </symbol>
      <symbol id="sm-a9e">
         <name>strncpy</name>
         <value>0x51ad</value>
         <object_component_ref idref="oc-4d5"/>
      </symbol>
      <symbol id="sm-ab3">
         <name>close</name>
         <value>0x4ca9</value>
         <object_component_ref idref="oc-483"/>
      </symbol>
      <symbol id="sm-ac3">
         <name>unlink</name>
         <value>0x52e1</value>
         <object_component_ref idref="oc-489"/>
      </symbol>
      <symbol id="sm-ac4">
         <name>__TI_static_base__</name>
         <value>0x0</value>
      </symbol>
      <symbol id="sm-ac7">
         <name>__mpu_init</name>
         <value>0x0</value>
      </symbol>
      <symbol id="sm-ac8">
         <name>_system_post_cinit</name>
         <value>0x0</value>
      </symbol>
      <symbol id="sm-ac9">
         <name>NMI_Handler</name>
         <value>0x54ed</value>
      </symbol>
      <symbol id="sm-aca">
         <name>HardFault_Handler</name>
         <value>0x54ed</value>
      </symbol>
      <symbol id="sm-acb">
         <name>MemManage_Handler</name>
         <value>0x54ed</value>
      </symbol>
      <symbol id="sm-acc">
         <name>BusFault_Handler</name>
         <value>0x54ed</value>
      </symbol>
      <symbol id="sm-acd">
         <name>UsageFault_Handler</name>
         <value>0x54ed</value>
      </symbol>
      <symbol id="sm-ace">
         <name>SVC_Handler</name>
         <value>0x54ed</value>
      </symbol>
      <symbol id="sm-acf">
         <name>DebugMon_Handler</name>
         <value>0x54ed</value>
      </symbol>
      <symbol id="sm-ad0">
         <name>PendSV_Handler</name>
         <value>0x54ed</value>
      </symbol>
      <symbol id="sm-ad1">
         <name>SysTick_Handler</name>
         <value>0x54ed</value>
      </symbol>
      <symbol id="sm-ad2">
         <name>PSS_IRQHandler</name>
         <value>0x54ed</value>
      </symbol>
      <symbol id="sm-ad3">
         <name>CS_IRQHandler</name>
         <value>0x54ed</value>
      </symbol>
      <symbol id="sm-ad4">
         <name>PCM_IRQHandler</name>
         <value>0x54ed</value>
      </symbol>
      <symbol id="sm-ad5">
         <name>WDT_A_IRQHandler</name>
         <value>0x54ed</value>
      </symbol>
      <symbol id="sm-ad6">
         <name>FPU_IRQHandler</name>
         <value>0x54ed</value>
      </symbol>
      <symbol id="sm-ad7">
         <name>FLCTL_IRQHandler</name>
         <value>0x54ed</value>
      </symbol>
      <symbol id="sm-ad8">
         <name>COMP_E0_IRQHandler</name>
         <value>0x54ed</value>
      </symbol>
      <symbol id="sm-ad9">
         <name>COMP_E1_IRQHandler</name>
         <value>0x54ed</value>
      </symbol>
      <symbol id="sm-ada">
         <name>TA0_0_IRQHandler</name>
         <value>0x54ed</value>
      </symbol>
      <symbol id="sm-adb">
         <name>TA0_N_IRQHandler</name>
         <value>0x54ed</value>
      </symbol>
      <symbol id="sm-adc">
         <name>TA1_0_IRQHandler</name>
         <value>0x54ed</value>
      </symbol>
      <symbol id="sm-add">
         <name>TA1_N_IRQHandler</name>
         <value>0x54ed</value>
      </symbol>
      <symbol id="sm-ade">
         <name>TA2_0_IRQHandler</name>
         <value>0x54ed</value>
      </symbol>
      <symbol id="sm-adf">
         <name>TA2_N_IRQHandler</name>
         <value>0x54ed</value>
      </symbol>
      <symbol id="sm-ae0">
         <name>TA3_0_IRQHandler</name>
         <value>0x54ed</value>
      </symbol>
      <symbol id="sm-ae1">
         <name>TA3_N_IRQHandler</name>
         <value>0x54ed</value>
      </symbol>
      <symbol id="sm-ae2">
         <name>EUSCIA0_IRQHandler</name>
         <value>0x54ed</value>
      </symbol>
      <symbol id="sm-ae3">
         <name>EUSCIA1_IRQHandler</name>
         <value>0x54ed</value>
      </symbol>
      <symbol id="sm-ae4">
         <name>EUSCIA2_IRQHandler</name>
         <value>0x54ed</value>
      </symbol>
      <symbol id="sm-ae5">
         <name>EUSCIA3_IRQHandler</name>
         <value>0x54ed</value>
      </symbol>
      <symbol id="sm-ae6">
         <name>EUSCIB0_IRQHandler</name>
         <value>0x54ed</value>
      </symbol>
      <symbol id="sm-ae7">
         <name>EUSCIB1_IRQHandler</name>
         <value>0x54ed</value>
      </symbol>
      <symbol id="sm-ae8">
         <name>EUSCIB2_IRQHandler</name>
         <value>0x54ed</value>
      </symbol>
      <symbol id="sm-ae9">
         <name>EUSCIB3_IRQHandler</name>
         <value>0x54ed</value>
      </symbol>
      <symbol id="sm-aea">
         <name>ADC14_IRQHandler</name>
         <value>0x54ed</value>
      </symbol>
      <symbol id="sm-aeb">
         <name>T32_INT1_IRQHandler</name>
         <value>0x54ed</value>
      </symbol>
      <symbol id="sm-aec">
         <name>T32_INT2_IRQHandler</name>
         <value>0x54ed</value>
      </symbol>
      <symbol id="sm-aed">
         <name>T32_INTC_IRQHandler</name>
         <value>0x54ed</value>
      </symbol>
      <symbol id="sm-aee">
         <name>AES256_IRQHandler</name>
         <value>0x54ed</value>
      </symbol>
      <symbol id="sm-aef">
         <name>RTC_C_IRQHandler</name>
         <value>0x54ed</value>
      </symbol>
      <symbol id="sm-af0">
         <name>DMA_ERR_IRQHandler</name>
         <value>0x54ed</value>
      </symbol>
      <symbol id="sm-af1">
         <name>DMA_INT3_IRQHandler</name>
         <value>0x54ed</value>
      </symbol>
      <symbol id="sm-af2">
         <name>DMA_INT2_IRQHandler</name>
         <value>0x54ed</value>
      </symbol>
      <symbol id="sm-af3">
         <name>DMA_INT1_IRQHandler</name>
         <value>0x54ed</value>
      </symbol>
      <symbol id="sm-af4">
         <name>DMA_INT0_IRQHandler</name>
         <value>0x54ed</value>
      </symbol>
      <symbol id="sm-af5">
         <name>PORT1_IRQHandler</name>
         <value>0x54ed</value>
      </symbol>
      <symbol id="sm-af6">
         <name>PORT2_IRQHandler</name>
         <value>0x54ed</value>
      </symbol>
      <symbol id="sm-af7">
         <name>PORT3_IRQHandler</name>
         <value>0x54ed</value>
      </symbol>
      <symbol id="sm-af8">
         <name>PORT4_IRQHandler</name>
         <value>0x54ed</value>
      </symbol>
      <symbol id="sm-af9">
         <name>PORT5_IRQHandler</name>
         <value>0x54ed</value>
      </symbol>
      <symbol id="sm-afa">
         <name>PORT6_IRQHandler</name>
         <value>0x54ed</value>
      </symbol>
      <symbol id="sm-afb">
         <name>remove</name>
         <value>0x52e1</value>
      </symbol>
   </symbol_table>
   <title>Link successful</title>
</link_info>
