<?xml version="1.0" encoding="ISO-8859-1" ?>
<link_info>
   <banner>TI ARM Linker PC v20.2.5.LTS</banner>
   <copyright>Copyright (c) 1996-2018 Texas Instruments Incorporated</copyright>
   <link_time>0x620e840d</link_time>
   <link_errors>0x0</link_errors>
   <output_file>lab09_project_prog2.out</output_file>
   <entry_point>
      <name>_c_int00_noargs</name>
      <address>0x499d</address>
   </entry_point>
   <input_file_list>
      <input_file id="fl-2">
         <path>.\</path>
         <kind>object</kind>
         <file>morse.obj</file>
         <name>morse.obj</name>
      </input_file>
      <input_file id="fl-3">
         <path>.\</path>
         <kind>object</kind>
         <file>startup_msp432p401r_ccs.obj</file>
         <name>startup_msp432p401r_ccs.obj</name>
      </input_file>
      <input_file id="fl-4">
         <path>.\</path>
         <kind>object</kind>
         <file>system_msp432p401r.obj</file>
         <name>system_msp432p401r.obj</name>
      </input_file>
      <input_file id="fl-8">
         <kind>object</kind>
         <file>&lt;internal&gt;</file>
         <name>&lt;internal&gt;</name>
      </input_file>
      <input_file id="fl-be">
         <path>C:\ti\ccs1100\ccs\tools\compiler\ti-cgt-arm_20.2.5.LTS\lib\</path>
         <kind>archive</kind>
         <file>rtsv7M4_T_le_v4SPD16_eabi.lib</file>
         <name>printf.c.obj</name>
      </input_file>
      <input_file id="fl-bf">
         <path>C:\ti\ccs1100\ccs\tools\compiler\ti-cgt-arm_20.2.5.LTS\lib\</path>
         <kind>archive</kind>
         <file>rtsv7M4_T_le_v4SPD16_eabi.lib</file>
         <name>_printfi.c.obj</name>
      </input_file>
      <input_file id="fl-c0">
         <path>C:\ti\ccs1100\ccs\tools\compiler\ti-cgt-arm_20.2.5.LTS\lib\</path>
         <kind>archive</kind>
         <file>rtsv7M4_T_le_v4SPD16_eabi.lib</file>
         <name>fscanf.c.obj</name>
      </input_file>
      <input_file id="fl-c1">
         <path>C:\ti\ccs1100\ccs\tools\compiler\ti-cgt-arm_20.2.5.LTS\lib\</path>
         <kind>archive</kind>
         <file>rtsv7M4_T_le_v4SPD16_eabi.lib</file>
         <name>fgetc.c.obj</name>
      </input_file>
      <input_file id="fl-c2">
         <path>C:\ti\ccs1100\ccs\tools\compiler\ti-cgt-arm_20.2.5.LTS\lib\</path>
         <kind>archive</kind>
         <file>rtsv7M4_T_le_v4SPD16_eabi.lib</file>
         <name>fputc.c.obj</name>
      </input_file>
      <input_file id="fl-c3">
         <path>C:\ti\ccs1100\ccs\tools\compiler\ti-cgt-arm_20.2.5.LTS\lib\</path>
         <kind>archive</kind>
         <file>rtsv7M4_T_le_v4SPD16_eabi.lib</file>
         <name>fputs.c.obj</name>
      </input_file>
      <input_file id="fl-c4">
         <path>C:\ti\ccs1100\ccs\tools\compiler\ti-cgt-arm_20.2.5.LTS\lib\</path>
         <kind>archive</kind>
         <file>rtsv7M4_T_le_v4SPD16_eabi.lib</file>
         <name>_bufread.c.obj</name>
      </input_file>
      <input_file id="fl-c5">
         <path>C:\ti\ccs1100\ccs\tools\compiler\ti-cgt-arm_20.2.5.LTS\lib\</path>
         <kind>archive</kind>
         <file>rtsv7M4_T_le_v4SPD16_eabi.lib</file>
         <name>_io_perm.c.obj</name>
      </input_file>
      <input_file id="fl-c6">
         <path>C:\ti\ccs1100\ccs\tools\compiler\ti-cgt-arm_20.2.5.LTS\lib\</path>
         <kind>archive</kind>
         <file>rtsv7M4_T_le_v4SPD16_eabi.lib</file>
         <name>setvbuf.c.obj</name>
      </input_file>
      <input_file id="fl-c7">
         <path>C:\ti\ccs1100\ccs\tools\compiler\ti-cgt-arm_20.2.5.LTS\lib\</path>
         <kind>archive</kind>
         <file>rtsv7M4_T_le_v4SPD16_eabi.lib</file>
         <name>ungetc.c.obj</name>
      </input_file>
      <input_file id="fl-c8">
         <path>C:\ti\ccs1100\ccs\tools\compiler\ti-cgt-arm_20.2.5.LTS\lib\</path>
         <kind>archive</kind>
         <file>rtsv7M4_T_le_v4SPD16_eabi.lib</file>
         <name>s_frexp.c.obj</name>
      </input_file>
      <input_file id="fl-c9">
         <path>C:\ti\ccs1100\ccs\tools\compiler\ti-cgt-arm_20.2.5.LTS\lib\</path>
         <kind>archive</kind>
         <file>rtsv7M4_T_le_v4SPD16_eabi.lib</file>
         <name>s_scalbn.c.obj</name>
      </input_file>
      <input_file id="fl-ca">
         <path>C:\ti\ccs1100\ccs\tools\compiler\ti-cgt-arm_20.2.5.LTS\lib\</path>
         <kind>archive</kind>
         <file>rtsv7M4_T_le_v4SPD16_eabi.lib</file>
         <name>wcslen.c.obj</name>
      </input_file>
      <input_file id="fl-cb">
         <path>C:\ti\ccs1100\ccs\tools\compiler\ti-cgt-arm_20.2.5.LTS\lib\</path>
         <kind>archive</kind>
         <file>rtsv7M4_T_le_v4SPD16_eabi.lib</file>
         <name>fd_add_t2.asm.obj</name>
      </input_file>
      <input_file id="fl-cc">
         <path>C:\ti\ccs1100\ccs\tools\compiler\ti-cgt-arm_20.2.5.LTS\lib\</path>
         <kind>archive</kind>
         <file>rtsv7M4_T_le_v4SPD16_eabi.lib</file>
         <name>fd_cmp_t2.asm.obj</name>
      </input_file>
      <input_file id="fl-cd">
         <path>C:\ti\ccs1100\ccs\tools\compiler\ti-cgt-arm_20.2.5.LTS\lib\</path>
         <kind>archive</kind>
         <file>rtsv7M4_T_le_v4SPD16_eabi.lib</file>
         <name>fd_div_t2.asm.obj</name>
      </input_file>
      <input_file id="fl-ce">
         <path>C:\ti\ccs1100\ccs\tools\compiler\ti-cgt-arm_20.2.5.LTS\lib\</path>
         <kind>archive</kind>
         <file>rtsv7M4_T_le_v4SPD16_eabi.lib</file>
         <name>fd_mul_t2.asm.obj</name>
      </input_file>
      <input_file id="fl-cf">
         <path>C:\ti\ccs1100\ccs\tools\compiler\ti-cgt-arm_20.2.5.LTS\lib\</path>
         <kind>archive</kind>
         <file>rtsv7M4_T_le_v4SPD16_eabi.lib</file>
         <name>fd_toi_t2.asm.obj</name>
      </input_file>
      <input_file id="fl-d0">
         <path>C:\ti\ccs1100\ccs\tools\compiler\ti-cgt-arm_20.2.5.LTS\lib\</path>
         <kind>archive</kind>
         <file>rtsv7M4_T_le_v4SPD16_eabi.lib</file>
         <name>i_tofd_t2.asm.obj</name>
      </input_file>
      <input_file id="fl-d1">
         <path>C:\ti\ccs1100\ccs\tools\compiler\ti-cgt-arm_20.2.5.LTS\lib\</path>
         <kind>archive</kind>
         <file>rtsv7M4_T_le_v4SPD16_eabi.lib</file>
         <name>memcpy_t2.asm.obj</name>
      </input_file>
      <input_file id="fl-d2">
         <path>C:\ti\ccs1100\ccs\tools\compiler\ti-cgt-arm_20.2.5.LTS\lib\</path>
         <kind>archive</kind>
         <file>rtsv7M4_T_le_v4SPD16_eabi.lib</file>
         <name>ull_div_t2.asm.obj</name>
      </input_file>
      <input_file id="fl-d3">
         <path>C:\ti\ccs1100\ccs\tools\compiler\ti-cgt-arm_20.2.5.LTS\lib\</path>
         <kind>archive</kind>
         <file>rtsv7M4_T_le_v4SPD16_eabi.lib</file>
         <name>memset_t2.asm.obj</name>
      </input_file>
      <input_file id="fl-d4">
         <path>C:\ti\ccs1100\ccs\tools\compiler\ti-cgt-arm_20.2.5.LTS\lib\</path>
         <kind>archive</kind>
         <file>rtsv7M4_T_le_v4SPD16_eabi.lib</file>
         <name>copy_zero_init.c.obj</name>
      </input_file>
      <input_file id="fl-d5">
         <path>C:\ti\ccs1100\ccs\tools\compiler\ti-cgt-arm_20.2.5.LTS\lib\</path>
         <kind>archive</kind>
         <file>rtsv7M4_T_le_v4SPD16_eabi.lib</file>
         <name>copy_decompress_none.c.obj</name>
      </input_file>
      <input_file id="fl-d6">
         <path>C:\ti\ccs1100\ccs\tools\compiler\ti-cgt-arm_20.2.5.LTS\lib\</path>
         <kind>archive</kind>
         <file>rtsv7M4_T_le_v4SPD16_eabi.lib</file>
         <name>copy_decompress_lzss.c.obj</name>
      </input_file>
      <input_file id="fl-d7">
         <path>C:\ti\ccs1100\ccs\tools\compiler\ti-cgt-arm_20.2.5.LTS\lib\</path>
         <kind>archive</kind>
         <file>rtsv7M4_T_le_v4SPD16_eabi.lib</file>
         <name>exit.c.obj</name>
      </input_file>
      <input_file id="fl-d8">
         <path>C:\ti\ccs1100\ccs\tools\compiler\ti-cgt-arm_20.2.5.LTS\lib\</path>
         <kind>archive</kind>
         <file>rtsv7M4_T_le_v4SPD16_eabi.lib</file>
         <name>_lock.c.obj</name>
      </input_file>
      <input_file id="fl-d9">
         <path>C:\ti\ccs1100\ccs\tools\compiler\ti-cgt-arm_20.2.5.LTS\lib\</path>
         <kind>archive</kind>
         <file>rtsv7M4_T_le_v4SPD16_eabi.lib</file>
         <name>_ltoa.c.obj</name>
      </input_file>
      <input_file id="fl-da">
         <path>C:\ti\ccs1100\ccs\tools\compiler\ti-cgt-arm_20.2.5.LTS\lib\</path>
         <kind>archive</kind>
         <file>rtsv7M4_T_le_v4SPD16_eabi.lib</file>
         <name>atoi.c.obj</name>
      </input_file>
      <input_file id="fl-db">
         <path>C:\ti\ccs1100\ccs\tools\compiler\ti-cgt-arm_20.2.5.LTS\lib\</path>
         <kind>archive</kind>
         <file>rtsv7M4_T_le_v4SPD16_eabi.lib</file>
         <name>ctype.c.obj</name>
      </input_file>
      <input_file id="fl-dc">
         <path>C:\ti\ccs1100\ccs\tools\compiler\ti-cgt-arm_20.2.5.LTS\lib\</path>
         <kind>archive</kind>
         <file>rtsv7M4_T_le_v4SPD16_eabi.lib</file>
         <name>defs.c.obj</name>
      </input_file>
      <input_file id="fl-dd">
         <path>C:\ti\ccs1100\ccs\tools\compiler\ti-cgt-arm_20.2.5.LTS\lib\</path>
         <kind>archive</kind>
         <file>rtsv7M4_T_le_v4SPD16_eabi.lib</file>
         <name>memccpy.c.obj</name>
      </input_file>
      <input_file id="fl-de">
         <path>C:\ti\ccs1100\ccs\tools\compiler\ti-cgt-arm_20.2.5.LTS\lib\</path>
         <kind>archive</kind>
         <file>rtsv7M4_T_le_v4SPD16_eabi.lib</file>
         <name>memchr.c.obj</name>
      </input_file>
      <input_file id="fl-df">
         <path>C:\ti\ccs1100\ccs\tools\compiler\ti-cgt-arm_20.2.5.LTS\lib\</path>
         <kind>archive</kind>
         <file>rtsv7M4_T_le_v4SPD16_eabi.lib</file>
         <name>memory.c.obj</name>
      </input_file>
      <input_file id="fl-e0">
         <path>C:\ti\ccs1100\ccs\tools\compiler\ti-cgt-arm_20.2.5.LTS\lib\</path>
         <kind>archive</kind>
         <file>rtsv7M4_T_le_v4SPD16_eabi.lib</file>
         <name>strchr.c.obj</name>
      </input_file>
      <input_file id="fl-e1">
         <path>C:\ti\ccs1100\ccs\tools\compiler\ti-cgt-arm_20.2.5.LTS\lib\</path>
         <kind>archive</kind>
         <file>rtsv7M4_T_le_v4SPD16_eabi.lib</file>
         <name>strlen.c.obj</name>
      </input_file>
      <input_file id="fl-e2">
         <path>C:\ti\ccs1100\ccs\tools\compiler\ti-cgt-arm_20.2.5.LTS\lib\</path>
         <kind>archive</kind>
         <file>rtsv7M4_T_le_v4SPD16_eabi.lib</file>
         <name>errno.c.obj</name>
      </input_file>
      <input_file id="fl-e3">
         <path>C:\ti\ccs1100\ccs\tools\compiler\ti-cgt-arm_20.2.5.LTS\lib\</path>
         <kind>archive</kind>
         <file>rtsv7M4_T_le_v4SPD16_eabi.lib</file>
         <name>boot_cortex_m.c.obj</name>
      </input_file>
      <input_file id="fl-e4">
         <path>C:\ti\ccs1100\ccs\tools\compiler\ti-cgt-arm_20.2.5.LTS\lib\</path>
         <kind>archive</kind>
         <file>rtsv7M4_T_le_v4SPD16_eabi.lib</file>
         <name>write.c.obj</name>
      </input_file>
      <input_file id="fl-e5">
         <path>C:\ti\ccs1100\ccs\tools\compiler\ti-cgt-arm_20.2.5.LTS\lib\</path>
         <kind>archive</kind>
         <file>rtsv7M4_T_le_v4SPD16_eabi.lib</file>
         <name>host_device.c.obj</name>
      </input_file>
      <input_file id="fl-e6">
         <path>C:\ti\ccs1100\ccs\tools\compiler\ti-cgt-arm_20.2.5.LTS\lib\</path>
         <kind>archive</kind>
         <file>rtsv7M4_T_le_v4SPD16_eabi.lib</file>
         <name>read.c.obj</name>
      </input_file>
      <input_file id="fl-e7">
         <path>C:\ti\ccs1100\ccs\tools\compiler\ti-cgt-arm_20.2.5.LTS\lib\</path>
         <kind>archive</kind>
         <file>rtsv7M4_T_le_v4SPD16_eabi.lib</file>
         <name>_scanfi.c.obj</name>
      </input_file>
      <input_file id="fl-e8">
         <path>C:\ti\ccs1100\ccs\tools\compiler\ti-cgt-arm_20.2.5.LTS\lib\</path>
         <kind>archive</kind>
         <file>rtsv7M4_T_le_v4SPD16_eabi.lib</file>
         <name>fflush.c.obj</name>
      </input_file>
      <input_file id="fl-e9">
         <path>C:\ti\ccs1100\ccs\tools\compiler\ti-cgt-arm_20.2.5.LTS\lib\</path>
         <kind>archive</kind>
         <file>rtsv7M4_T_le_v4SPD16_eabi.lib</file>
         <name>fopen.c.obj</name>
      </input_file>
      <input_file id="fl-ea">
         <path>C:\ti\ccs1100\ccs\tools\compiler\ti-cgt-arm_20.2.5.LTS\lib\</path>
         <kind>archive</kind>
         <file>rtsv7M4_T_le_v4SPD16_eabi.lib</file>
         <name>fseek.c.obj</name>
      </input_file>
      <input_file id="fl-eb">
         <path>C:\ti\ccs1100\ccs\tools\compiler\ti-cgt-arm_20.2.5.LTS\lib\</path>
         <kind>archive</kind>
         <file>rtsv7M4_T_le_v4SPD16_eabi.lib</file>
         <name>s_copysign.c.obj</name>
      </input_file>
      <input_file id="fl-ec">
         <path>C:\ti\ccs1100\ccs\tools\compiler\ti-cgt-arm_20.2.5.LTS\lib\</path>
         <kind>archive</kind>
         <file>rtsv7M4_T_le_v4SPD16_eabi.lib</file>
         <name>div0.asm.obj</name>
      </input_file>
      <input_file id="fl-ed">
         <path>C:\ti\ccs1100\ccs\tools\compiler\ti-cgt-arm_20.2.5.LTS\lib\</path>
         <kind>archive</kind>
         <file>rtsv7M4_T_le_v4SPD16_eabi.lib</file>
         <name>fd_tos_t2.asm.obj</name>
      </input_file>
      <input_file id="fl-ee">
         <path>C:\ti\ccs1100\ccs\tools\compiler\ti-cgt-arm_20.2.5.LTS\lib\</path>
         <kind>archive</kind>
         <file>rtsv7M4_T_le_v4SPD16_eabi.lib</file>
         <name>autoinit.c.obj</name>
      </input_file>
      <input_file id="fl-ef">
         <path>C:\ti\ccs1100\ccs\tools\compiler\ti-cgt-arm_20.2.5.LTS\lib\</path>
         <kind>archive</kind>
         <file>rtsv7M4_T_le_v4SPD16_eabi.lib</file>
         <name>pre_init.c.obj</name>
      </input_file>
      <input_file id="fl-f0">
         <path>C:\ti\ccs1100\ccs\tools\compiler\ti-cgt-arm_20.2.5.LTS\lib\</path>
         <kind>archive</kind>
         <file>rtsv7M4_T_le_v4SPD16_eabi.lib</file>
         <name>cpy_tbl.c.obj</name>
      </input_file>
      <input_file id="fl-f1">
         <path>C:\ti\ccs1100\ccs\tools\compiler\ti-cgt-arm_20.2.5.LTS\lib\</path>
         <kind>archive</kind>
         <file>rtsv7M4_T_le_v4SPD16_eabi.lib</file>
         <name>args_main.c.obj</name>
      </input_file>
      <input_file id="fl-f2">
         <path>C:\ti\ccs1100\ccs\tools\compiler\ti-cgt-arm_20.2.5.LTS\lib\</path>
         <kind>archive</kind>
         <file>rtsv7M4_T_le_v4SPD16_eabi.lib</file>
         <name>strcpy.c.obj</name>
      </input_file>
      <input_file id="fl-f3">
         <path>C:\ti\ccs1100\ccs\tools\compiler\ti-cgt-arm_20.2.5.LTS\lib\</path>
         <kind>archive</kind>
         <file>rtsv7M4_T_le_v4SPD16_eabi.lib</file>
         <name>strrchr.c.obj</name>
      </input_file>
      <input_file id="fl-f4">
         <path>C:\ti\ccs1100\ccs\tools\compiler\ti-cgt-arm_20.2.5.LTS\lib\</path>
         <kind>archive</kind>
         <file>rtsv7M4_T_le_v4SPD16_eabi.lib</file>
         <name>strtod.c.obj</name>
      </input_file>
      <input_file id="fl-f5">
         <path>C:\ti\ccs1100\ccs\tools\compiler\ti-cgt-arm_20.2.5.LTS\lib\</path>
         <kind>archive</kind>
         <file>rtsv7M4_T_le_v4SPD16_eabi.lib</file>
         <name>strtol.c.obj</name>
      </input_file>
      <input_file id="fl-f6">
         <path>C:\ti\ccs1100\ccs\tools\compiler\ti-cgt-arm_20.2.5.LTS\lib\</path>
         <kind>archive</kind>
         <file>rtsv7M4_T_le_v4SPD16_eabi.lib</file>
         <name>strtoll.c.obj</name>
      </input_file>
      <input_file id="fl-f7">
         <path>C:\ti\ccs1100\ccs\tools\compiler\ti-cgt-arm_20.2.5.LTS\lib\</path>
         <kind>archive</kind>
         <file>rtsv7M4_T_le_v4SPD16_eabi.lib</file>
         <name>strtoul.c.obj</name>
      </input_file>
      <input_file id="fl-f8">
         <path>C:\ti\ccs1100\ccs\tools\compiler\ti-cgt-arm_20.2.5.LTS\lib\</path>
         <kind>archive</kind>
         <file>rtsv7M4_T_le_v4SPD16_eabi.lib</file>
         <name>strtoull.c.obj</name>
      </input_file>
      <input_file id="fl-f9">
         <path>C:\ti\ccs1100\ccs\tools\compiler\ti-cgt-arm_20.2.5.LTS\lib\</path>
         <kind>archive</kind>
         <file>rtsv7M4_T_le_v4SPD16_eabi.lib</file>
         <name>hostclose.c.obj</name>
      </input_file>
      <input_file id="fl-fa">
         <path>C:\ti\ccs1100\ccs\tools\compiler\ti-cgt-arm_20.2.5.LTS\lib\</path>
         <kind>archive</kind>
         <file>rtsv7M4_T_le_v4SPD16_eabi.lib</file>
         <name>hostlseek.c.obj</name>
      </input_file>
      <input_file id="fl-fb">
         <path>C:\ti\ccs1100\ccs\tools\compiler\ti-cgt-arm_20.2.5.LTS\lib\</path>
         <kind>archive</kind>
         <file>rtsv7M4_T_le_v4SPD16_eabi.lib</file>
         <name>hostopen.c.obj</name>
      </input_file>
      <input_file id="fl-fc">
         <path>C:\ti\ccs1100\ccs\tools\compiler\ti-cgt-arm_20.2.5.LTS\lib\</path>
         <kind>archive</kind>
         <file>rtsv7M4_T_le_v4SPD16_eabi.lib</file>
         <name>hostread.c.obj</name>
      </input_file>
      <input_file id="fl-fd">
         <path>C:\ti\ccs1100\ccs\tools\compiler\ti-cgt-arm_20.2.5.LTS\lib\</path>
         <kind>archive</kind>
         <file>rtsv7M4_T_le_v4SPD16_eabi.lib</file>
         <name>hostrename.c.obj</name>
      </input_file>
      <input_file id="fl-fe">
         <path>C:\ti\ccs1100\ccs\tools\compiler\ti-cgt-arm_20.2.5.LTS\lib\</path>
         <kind>archive</kind>
         <file>rtsv7M4_T_le_v4SPD16_eabi.lib</file>
         <name>hostunlink.c.obj</name>
      </input_file>
      <input_file id="fl-ff">
         <path>C:\ti\ccs1100\ccs\tools\compiler\ti-cgt-arm_20.2.5.LTS\lib\</path>
         <kind>archive</kind>
         <file>rtsv7M4_T_le_v4SPD16_eabi.lib</file>
         <name>hostwrite.c.obj</name>
      </input_file>
      <input_file id="fl-100">
         <path>C:\ti\ccs1100\ccs\tools\compiler\ti-cgt-arm_20.2.5.LTS\lib\</path>
         <kind>archive</kind>
         <file>rtsv7M4_T_le_v4SPD16_eabi.lib</file>
         <name>trgmsg.c.obj</name>
      </input_file>
      <input_file id="fl-101">
         <path>C:\ti\ccs1100\ccs\tools\compiler\ti-cgt-arm_20.2.5.LTS\lib\</path>
         <kind>archive</kind>
         <file>rtsv7M4_T_le_v4SPD16_eabi.lib</file>
         <name>open.c.obj</name>
      </input_file>
      <input_file id="fl-102">
         <path>C:\ti\ccs1100\ccs\tools\compiler\ti-cgt-arm_20.2.5.LTS\lib\</path>
         <kind>archive</kind>
         <file>rtsv7M4_T_le_v4SPD16_eabi.lib</file>
         <name>lseek.c.obj</name>
      </input_file>
      <input_file id="fl-103">
         <path>C:\ti\ccs1100\ccs\tools\compiler\ti-cgt-arm_20.2.5.LTS\lib\</path>
         <kind>archive</kind>
         <file>rtsv7M4_T_le_v4SPD16_eabi.lib</file>
         <name>fclose.c.obj</name>
      </input_file>
      <input_file id="fl-104">
         <path>C:\ti\ccs1100\ccs\tools\compiler\ti-cgt-arm_20.2.5.LTS\lib\</path>
         <kind>archive</kind>
         <file>rtsv7M4_T_le_v4SPD16_eabi.lib</file>
         <name>getdevice.c.obj</name>
      </input_file>
      <input_file id="fl-105">
         <path>C:\ti\ccs1100\ccs\tools\compiler\ti-cgt-arm_20.2.5.LTS\lib\</path>
         <kind>archive</kind>
         <file>rtsv7M4_T_le_v4SPD16_eabi.lib</file>
         <name>ll_mul_t2.asm.obj</name>
      </input_file>
      <input_file id="fl-106">
         <path>C:\ti\ccs1100\ccs\tools\compiler\ti-cgt-arm_20.2.5.LTS\lib\</path>
         <kind>archive</kind>
         <file>rtsv7M4_T_le_v4SPD16_eabi.lib</file>
         <name>strcmp.c.obj</name>
      </input_file>
      <input_file id="fl-107">
         <path>C:\ti\ccs1100\ccs\tools\compiler\ti-cgt-arm_20.2.5.LTS\lib\</path>
         <kind>archive</kind>
         <file>rtsv7M4_T_le_v4SPD16_eabi.lib</file>
         <name>strncpy.c.obj</name>
      </input_file>
      <input_file id="fl-108">
         <path>C:\ti\ccs1100\ccs\tools\compiler\ti-cgt-arm_20.2.5.LTS\lib\</path>
         <kind>archive</kind>
         <file>rtsv7M4_T_le_v4SPD16_eabi.lib</file>
         <name>remove.c.obj</name>
      </input_file>
      <input_file id="fl-109">
         <path>C:\ti\ccs1100\ccs\tools\compiler\ti-cgt-arm_20.2.5.LTS\lib\</path>
         <kind>archive</kind>
         <file>rtsv7M4_T_le_v4SPD16_eabi.lib</file>
         <name>close.c.obj</name>
      </input_file>
      <input_file id="fl-10a">
         <path>C:\ti\ccs1100\ccs\tools\compiler\ti-cgt-arm_20.2.5.LTS\lib\</path>
         <kind>archive</kind>
         <file>rtsv7M4_T_le_v4SPD16_eabi.lib</file>
         <name>unlink.c.obj</name>
      </input_file>
   </input_file_list>
   <object_component_list>
      <object_component id="oc-26">
         <name>.intvecs:retain</name>
         <load_address>0x0</load_address>
         <run_address>0x0</run_address>
         <size>0xe4</size>
         <input_file_ref idref="fl-3"/>
      </object_component>
      <object_component id="oc-14f">
         <name>.text:__TI_scanfi</name>
         <load_address>0xe4</load_address>
         <run_address>0xe4</run_address>
         <size>0xb14</size>
         <input_file_ref idref="fl-e7"/>
      </object_component>
      <object_component id="oc-130">
         <name>.text:__TI_printfi</name>
         <load_address>0xbf8</load_address>
         <run_address>0xbf8</run_address>
         <size>0xa4e</size>
         <input_file_ref idref="fl-bf"/>
      </object_component>
      <object_component id="oc-1e1">
         <name>.text:_nop</name>
         <load_address>0x1646</load_address>
         <run_address>0x1646</run_address>
         <size>0x2</size>
         <input_file_ref idref="fl-d8"/>
      </object_component>
      <object_component id="oc-9a">
         <name>.text</name>
         <load_address>0x1648</load_address>
         <run_address>0x1648</run_address>
         <size>0x5b8</size>
         <input_file_ref idref="fl-2"/>
      </object_component>
      <object_component id="oc-216">
         <name>.text:strtod</name>
         <load_address>0x1c00</load_address>
         <run_address>0x1c00</run_address>
         <size>0x460</size>
         <input_file_ref idref="fl-f4"/>
      </object_component>
      <object_component id="oc-ac">
         <name>.text</name>
         <load_address>0x2060</load_address>
         <run_address>0x2060</run_address>
         <size>0x334</size>
         <input_file_ref idref="fl-4"/>
      </object_component>
      <object_component id="oc-1bd">
         <name>.text:_pconv_a</name>
         <load_address>0x2394</load_address>
         <run_address>0x2394</run_address>
         <size>0x270</size>
         <input_file_ref idref="fl-bf"/>
      </object_component>
      <object_component id="oc-227">
         <name>.text:strtoll</name>
         <load_address>0x2604</load_address>
         <run_address>0x2604</run_address>
         <size>0x1dc</size>
         <input_file_ref idref="fl-f6"/>
      </object_component>
      <object_component id="oc-1ab">
         <name>.text:_pconv_g</name>
         <load_address>0x27e0</load_address>
         <run_address>0x27e0</run_address>
         <size>0x1d0</size>
         <input_file_ref idref="fl-bf"/>
      </object_component>
      <object_component id="oc-297">
         <name>.text</name>
         <load_address>0x29b0</load_address>
         <run_address>0x29b0</run_address>
         <size>0x1b6</size>
         <input_file_ref idref="fl-cb"/>
      </object_component>
      <object_component id="oc-34f">
         <name>.text</name>
         <load_address>0x2b66</load_address>
         <run_address>0x2b66</run_address>
         <size>0x2</size>
         <input_file_ref idref="fl-ec"/>
      </object_component>
      <object_component id="oc-20a">
         <name>.text:strtoull</name>
         <load_address>0x2b68</load_address>
         <run_address>0x2b68</run_address>
         <size>0x15c</size>
         <input_file_ref idref="fl-f8"/>
      </object_component>
      <object_component id="oc-1b7">
         <name>.text:_pconv_e</name>
         <load_address>0x2cc4</load_address>
         <run_address>0x2cc4</run_address>
         <size>0x13c</size>
         <input_file_ref idref="fl-bf"/>
      </object_component>
      <object_component id="oc-27d">
         <name>.text</name>
         <load_address>0x2e00</load_address>
         <run_address>0x2e00</run_address>
         <size>0x136</size>
         <input_file_ref idref="fl-cd"/>
      </object_component>
      <object_component id="oc-221">
         <name>.text:strtol</name>
         <load_address>0x2f38</load_address>
         <run_address>0x2f38</run_address>
         <size>0x130</size>
         <input_file_ref idref="fl-f5"/>
      </object_component>
      <object_component id="oc-2a9">
         <name>.text:fcvt</name>
         <load_address>0x3068</load_address>
         <run_address>0x3068</run_address>
         <size>0x124</size>
         <input_file_ref idref="fl-bf"/>
      </object_component>
      <object_component id="oc-1ef">
         <name>.text:fputs</name>
         <load_address>0x318c</load_address>
         <run_address>0x318c</run_address>
         <size>0x114</size>
         <input_file_ref idref="fl-c3"/>
      </object_component>
      <object_component id="oc-2bd">
         <name>.text:scalbn</name>
         <load_address>0x32a0</load_address>
         <run_address>0x32a0</run_address>
         <size>0x110</size>
         <input_file_ref idref="fl-c9"/>
      </object_component>
      <object_component id="oc-210">
         <name>.text:strtoul</name>
         <load_address>0x33b0</load_address>
         <run_address>0x33b0</run_address>
         <size>0x110</size>
         <input_file_ref idref="fl-f7"/>
      </object_component>
      <object_component id="oc-411">
         <name>.text:aligned_alloc</name>
         <load_address>0x34c0</load_address>
         <run_address>0x34c0</run_address>
         <size>0x100</size>
         <input_file_ref idref="fl-df"/>
      </object_component>
      <object_component id="oc-278">
         <name>.text</name>
         <load_address>0x35c0</load_address>
         <run_address>0x35c0</run_address>
         <size>0xfc</size>
         <input_file_ref idref="fl-ce"/>
      </object_component>
      <object_component id="oc-3b6">
         <name>.text:free</name>
         <load_address>0x36bc</load_address>
         <run_address>0x36bc</run_address>
         <size>0xe4</size>
         <input_file_ref idref="fl-df"/>
      </object_component>
      <object_component id="oc-337">
         <name>.text:setvbuf</name>
         <load_address>0x37a0</load_address>
         <run_address>0x37a0</run_address>
         <size>0xdc</size>
         <input_file_ref idref="fl-c6"/>
      </object_component>
      <object_component id="oc-1a0">
         <name>.text:_ltostr</name>
         <load_address>0x387c</load_address>
         <run_address>0x387c</run_address>
         <size>0xb1</size>
         <input_file_ref idref="fl-bf"/>
      </object_component>
      <object_component id="oc-329">
         <name>.text:__TI_buff_read</name>
         <load_address>0x3930</load_address>
         <run_address>0x3930</run_address>
         <size>0x9c</size>
         <input_file_ref idref="fl-c4"/>
      </object_component>
      <object_component id="oc-3a">
         <name>.text</name>
         <load_address>0x39cc</load_address>
         <run_address>0x39cc</run_address>
         <size>0x9c</size>
         <input_file_ref idref="fl-d1"/>
      </object_component>
      <object_component id="oc-271">
         <name>.text</name>
         <load_address>0x3a68</load_address>
         <run_address>0x3a68</run_address>
         <size>0x96</size>
         <input_file_ref idref="fl-d2"/>
      </object_component>
      <object_component id="oc-1f6">
         <name>.text:fputc</name>
         <load_address>0x3b00</load_address>
         <run_address>0x3b00</run_address>
         <size>0x8c</size>
         <input_file_ref idref="fl-c2"/>
      </object_component>
      <object_component id="oc-161">
         <name>.text:_chkmbc</name>
         <load_address>0x3b8c</load_address>
         <run_address>0x3b8c</run_address>
         <size>0x88</size>
         <input_file_ref idref="fl-c0"/>
      </object_component>
      <object_component id="oc-1a6">
         <name>.text:__aeabi_cdcmple</name>
         <load_address>0x3c14</load_address>
         <run_address>0x3c14</run_address>
         <size>0x86</size>
         <input_file_ref idref="fl-cc"/>
      </object_component>
      <object_component id="oc-282">
         <name>.text:__aeabi_cdrcmple</name>
         <load_address>0x3c9a</load_address>
         <run_address>0x3c9a</run_address>
         <size>0x86</size>
         <input_file_ref idref="fl-cc"/>
      </object_component>
      <object_component id="oc-245">
         <name>.text:fgetc</name>
         <load_address>0x3d20</load_address>
         <run_address>0x3d20</run_address>
         <size>0x84</size>
         <input_file_ref idref="fl-c1"/>
      </object_component>
      <object_component id="oc-24c">
         <name>.text:ungetc</name>
         <load_address>0x3da4</load_address>
         <run_address>0x3da4</run_address>
         <size>0x80</size>
         <input_file_ref idref="fl-c7"/>
      </object_component>
      <object_component id="oc-8e">
         <name>.text</name>
         <load_address>0x3e24</load_address>
         <run_address>0x3e24</run_address>
         <size>0x7a</size>
         <input_file_ref idref="fl-d3"/>
      </object_component>
      <object_component id="oc-418">
         <name>.text:__TI_closefile</name>
         <load_address>0x3ea0</load_address>
         <run_address>0x3ea0</run_address>
         <size>0x74</size>
         <input_file_ref idref="fl-103"/>
      </object_component>
      <object_component id="oc-458">
         <name>.text:split</name>
         <load_address>0x3f14</load_address>
         <run_address>0x3f14</run_address>
         <size>0x70</size>
         <input_file_ref idref="fl-df"/>
      </object_component>
      <object_component id="oc-2a2">
         <name>.text:_mcpy</name>
         <load_address>0x3f84</load_address>
         <run_address>0x3f84</run_address>
         <size>0x6e</size>
         <input_file_ref idref="fl-bf"/>
      </object_component>
      <object_component id="oc-21c">
         <name>.text</name>
         <load_address>0x3ff2</load_address>
         <run_address>0x3ff2</run_address>
         <size>0x6e</size>
         <input_file_ref idref="fl-ed"/>
      </object_component>
      <object_component id="oc-449">
         <name>.text:HOSTrename</name>
         <load_address>0x4060</load_address>
         <run_address>0x4060</run_address>
         <size>0x6c</size>
         <input_file_ref idref="fl-fd"/>
      </object_component>
      <object_component id="oc-43d">
         <name>.text:HOSTlseek</name>
         <load_address>0x40cc</load_address>
         <run_address>0x40cc</run_address>
         <size>0x68</size>
         <input_file_ref idref="fl-fa"/>
      </object_component>
      <object_component id="oc-17">
         <name>.text:decompress:lzss:__TI_decompress_lzss</name>
         <load_address>0x4134</load_address>
         <run_address>0x4134</run_address>
         <size>0x68</size>
         <input_file_ref idref="fl-d6"/>
      </object_component>
      <object_component id="oc-d6">
         <name>.text:printf</name>
         <load_address>0x419c</load_address>
         <run_address>0x419c</run_address>
         <size>0x68</size>
         <input_file_ref idref="fl-be"/>
      </object_component>
      <object_component id="oc-dc">
         <name>.text:scanf</name>
         <load_address>0x4204</load_address>
         <run_address>0x4204</run_address>
         <size>0x68</size>
         <input_file_ref idref="fl-c0"/>
      </object_component>
      <object_component id="oc-2b7">
         <name>.text:frexp</name>
         <load_address>0x426c</load_address>
         <run_address>0x426c</run_address>
         <size>0x64</size>
         <input_file_ref idref="fl-c8"/>
      </object_component>
      <object_component id="oc-382">
         <name>.text:fseek</name>
         <load_address>0x42d0</load_address>
         <run_address>0x42d0</run_address>
         <size>0x64</size>
         <input_file_ref idref="fl-ea"/>
      </object_component>
      <object_component id="oc-2e8">
         <name>.text:__TI_wrt_ok</name>
         <load_address>0x4334</load_address>
         <run_address>0x4334</run_address>
         <size>0x62</size>
         <input_file_ref idref="fl-c5"/>
      </object_component>
      <object_component id="oc-425">
         <name>.text:HOSTopen</name>
         <load_address>0x4398</load_address>
         <run_address>0x4398</run_address>
         <size>0x60</size>
         <input_file_ref idref="fl-fb"/>
      </object_component>
      <object_component id="oc-45f">
         <name>.text:close</name>
         <load_address>0x43f8</load_address>
         <run_address>0x43f8</run_address>
         <size>0x5c</size>
         <input_file_ref idref="fl-109"/>
      </object_component>
      <object_component id="oc-431">
         <name>.text:HOSTread</name>
         <load_address>0x4454</load_address>
         <run_address>0x4454</run_address>
         <size>0x58</size>
         <input_file_ref idref="fl-fc"/>
      </object_component>
      <object_component id="oc-437">
         <name>.text:HOSTwrite</name>
         <load_address>0x44ac</load_address>
         <run_address>0x44ac</run_address>
         <size>0x58</size>
         <input_file_ref idref="fl-ff"/>
      </object_component>
      <object_component id="oc-1b1">
         <name>.text:_pconv_f</name>
         <load_address>0x4504</load_address>
         <run_address>0x4504</run_address>
         <size>0x56</size>
         <input_file_ref idref="fl-bf"/>
      </object_component>
      <object_component id="oc-28c">
         <name>.text:__TI_ltoa</name>
         <load_address>0x455a</load_address>
         <run_address>0x455a</run_address>
         <size>0x54</size>
         <input_file_ref idref="fl-d9"/>
      </object_component>
      <object_component id="oc-29c">
         <name>.text:_ecpy</name>
         <load_address>0x45ae</load_address>
         <run_address>0x45ae</run_address>
         <size>0x52</size>
         <input_file_ref idref="fl-bf"/>
      </object_component>
      <object_component id="oc-2f4">
         <name>.text:__TI_doflush</name>
         <load_address>0x4600</load_address>
         <run_address>0x4600</run_address>
         <size>0x4c</size>
         <input_file_ref idref="fl-e8"/>
      </object_component>
      <object_component id="oc-19a">
         <name>.text:atoi</name>
         <load_address>0x464c</load_address>
         <run_address>0x464c</run_address>
         <size>0x4c</size>
         <input_file_ref idref="fl-da"/>
      </object_component>
      <object_component id="oc-323">
         <name>.text:__TI_rd_ok</name>
         <load_address>0x4698</load_address>
         <run_address>0x4698</run_address>
         <size>0x4a</size>
         <input_file_ref idref="fl-c5"/>
      </object_component>
      <object_component id="oc-ea">
         <name>.text:exit</name>
         <load_address>0x46e4</load_address>
         <run_address>0x46e4</run_address>
         <size>0x48</size>
         <input_file_ref idref="fl-d7"/>
      </object_component>
      <object_component id="oc-287">
         <name>.text</name>
         <load_address>0x472c</load_address>
         <run_address>0x472c</run_address>
         <size>0x48</size>
         <input_file_ref idref="fl-cf"/>
      </object_component>
      <object_component id="oc-42b">
         <name>.text:HOSTclose</name>
         <load_address>0x4774</load_address>
         <run_address>0x4774</run_address>
         <size>0x44</size>
         <input_file_ref idref="fl-f9"/>
      </object_component>
      <object_component id="oc-443">
         <name>.text:HOSTunlink</name>
         <load_address>0x47b8</load_address>
         <run_address>0x47b8</run_address>
         <size>0x44</size>
         <input_file_ref idref="fl-fe"/>
      </object_component>
      <object_component id="oc-f0">
         <name>.text:__TI_auto_init_nobinit_nopinit:__TI_auto_init_nobinit_nopinit</name>
         <load_address>0x47fc</load_address>
         <run_address>0x47fc</run_address>
         <size>0x44</size>
         <input_file_ref idref="fl-ee"/>
      </object_component>
      <object_component id="oc-491">
         <name>.text:getdevice</name>
         <load_address>0x4840</load_address>
         <run_address>0x4840</run_address>
         <size>0x44</size>
         <input_file_ref idref="fl-104"/>
      </object_component>
      <object_component id="oc-2af">
         <name>.text:_fcpy</name>
         <load_address>0x4884</load_address>
         <run_address>0x4884</run_address>
         <size>0x3e</size>
         <input_file_ref idref="fl-bf"/>
      </object_component>
      <object_component id="oc-470">
         <name>.text:__TI_writemsg</name>
         <load_address>0x48c4</load_address>
         <run_address>0x48c4</run_address>
         <size>0x38</size>
         <input_file_ref idref="fl-100"/>
      </object_component>
      <object_component id="oc-4b1">
         <name>.text:strncpy</name>
         <load_address>0x48fc</load_address>
         <run_address>0x48fc</run_address>
         <size>0x36</size>
         <input_file_ref idref="fl-107"/>
      </object_component>
      <object_component id="oc-3c2">
         <name>.text:__TI_cleanup</name>
         <load_address>0x4934</load_address>
         <run_address>0x4934</run_address>
         <size>0x34</size>
         <input_file_ref idref="fl-e9"/>
      </object_component>
      <object_component id="oc-476">
         <name>.text:__TI_readmsg</name>
         <load_address>0x4968</load_address>
         <run_address>0x4968</run_address>
         <size>0x34</size>
         <input_file_ref idref="fl-100"/>
      </object_component>
      <object_component id="oc-58">
         <name>.text:_c_int00_noargs:_c_int00_noargs</name>
         <load_address>0x499c</load_address>
         <run_address>0x499c</run_address>
         <size>0x34</size>
         <input_file_ref idref="fl-e3"/>
      </object_component>
      <object_component id="oc-4b7">
         <name>.text:finddevice</name>
         <load_address>0x49d0</load_address>
         <run_address>0x49d0</run_address>
         <size>0x30</size>
         <input_file_ref idref="fl-104"/>
      </object_component>
      <object_component id="oc-292">
         <name>.text</name>
         <load_address>0x4a00</load_address>
         <run_address>0x4a00</run_address>
         <size>0x2e</size>
         <input_file_ref idref="fl-d0"/>
      </object_component>
      <object_component id="oc-465">
         <name>.text:unlink</name>
         <load_address>0x4a30</load_address>
         <run_address>0x4a30</run_address>
         <size>0x2c</size>
         <input_file_ref idref="fl-10a"/>
      </object_component>
      <object_component id="oc-40a">
         <name>.text:free_list_insert</name>
         <load_address>0x4a5c</load_address>
         <run_address>0x4a5c</run_address>
         <size>0x28</size>
         <input_file_ref idref="fl-df"/>
      </object_component>
      <object_component id="oc-3de">
         <name>.text:lseek</name>
         <load_address>0x4a84</load_address>
         <run_address>0x4a84</run_address>
         <size>0x28</size>
         <input_file_ref idref="fl-102"/>
      </object_component>
      <object_component id="oc-32f">
         <name>.text:read</name>
         <load_address>0x4aac</load_address>
         <run_address>0x4aac</run_address>
         <size>0x28</size>
         <input_file_ref idref="fl-e6"/>
      </object_component>
      <object_component id="oc-2fa">
         <name>.text:write</name>
         <load_address>0x4ad4</load_address>
         <run_address>0x4ad4</run_address>
         <size>0x28</size>
         <input_file_ref idref="fl-e4"/>
      </object_component>
      <object_component id="oc-2ee">
         <name>.text:memchr</name>
         <load_address>0x4afc</load_address>
         <run_address>0x4afc</run_address>
         <size>0x20</size>
         <input_file_ref idref="fl-de"/>
      </object_component>
      <object_component id="oc-46">
         <name>.text:decompress:ZI:__TI_zero_init_nomemset:__TI_zero_init_nomemset</name>
         <load_address>0x4b1c</load_address>
         <run_address>0x4b1c</run_address>
         <size>0x1c</size>
         <input_file_ref idref="fl-d4"/>
      </object_component>
      <object_component id="oc-404">
         <name>.text:free_list_remove</name>
         <load_address>0x4b38</load_address>
         <run_address>0x4b38</run_address>
         <size>0x1c</size>
         <input_file_ref idref="fl-df"/>
      </object_component>
      <object_component id="oc-1c3">
         <name>.text:memccpy</name>
         <load_address>0x4b54</load_address>
         <run_address>0x4b54</run_address>
         <size>0x1c</size>
         <input_file_ref idref="fl-dd"/>
      </object_component>
      <object_component id="oc-368">
         <name>.text:copysign</name>
         <load_address>0x4b70</load_address>
         <run_address>0x4b70</run_address>
         <size>0x1a</size>
         <input_file_ref idref="fl-eb"/>
      </object_component>
      <object_component id="oc-306">
         <name>.text</name>
         <load_address>0x4b8a</load_address>
         <run_address>0x4b8a</run_address>
         <size>0x18</size>
         <input_file_ref idref="fl-105"/>
      </object_component>
      <object_component id="oc-4cc">
         <name>.text:strcmp</name>
         <load_address>0x4ba2</load_address>
         <run_address>0x4ba2</run_address>
         <size>0x18</size>
         <input_file_ref idref="fl-106"/>
      </object_component>
      <object_component id="oc-230">
         <name>.text:strrchr</name>
         <load_address>0x4bba</load_address>
         <run_address>0x4bba</run_address>
         <size>0x18</size>
         <input_file_ref idref="fl-f3"/>
      </object_component>
      <object_component id="oc-236">
         <name>.text:strchr</name>
         <load_address>0x4bd2</load_address>
         <run_address>0x4bd2</run_address>
         <size>0x16</size>
         <input_file_ref idref="fl-e0"/>
      </object_component>
      <object_component id="oc-204">
         <name>.text:strcpy</name>
         <load_address>0x4be8</load_address>
         <run_address>0x4be8</run_address>
         <size>0x14</size>
         <input_file_ref idref="fl-f2"/>
      </object_component>
      <object_component id="oc-194">
         <name>.text:strlen</name>
         <load_address>0x4bfc</load_address>
         <run_address>0x4bfc</run_address>
         <size>0x14</size>
         <input_file_ref idref="fl-e1"/>
      </object_component>
      <object_component id="oc-1c9">
         <name>.text:wcslen</name>
         <load_address>0x4c10</load_address>
         <run_address>0x4c10</run_address>
         <size>0x12</size>
         <input_file_ref idref="fl-ca"/>
      </object_component>
      <object_component id="oc-1d">
         <name>.text:decompress:none:__TI_decompress_none</name>
         <load_address>0x4c22</load_address>
         <run_address>0x4c22</run_address>
         <size>0xe</size>
         <input_file_ref idref="fl-d5"/>
      </object_component>
      <object_component id="oc-6a">
         <name>.text</name>
         <load_address>0x4c30</load_address>
         <run_address>0x4c30</run_address>
         <size>0xe</size>
         <input_file_ref idref="fl-3"/>
      </object_component>
      <object_component id="oc-15b">
         <name>.text:_uninpchar</name>
         <load_address>0x4c3e</load_address>
         <run_address>0x4c3e</run_address>
         <size>0xa</size>
         <input_file_ref idref="fl-c0"/>
      </object_component>
      <object_component id="oc-1cf">
         <name>.text:__aeabi_errno_addr</name>
         <load_address>0x4c48</load_address>
         <run_address>0x4c48</run_address>
         <size>0x8</size>
         <input_file_ref idref="fl-e2"/>
      </object_component>
      <object_component id="oc-3bc">
         <name>.text:malloc</name>
         <load_address>0x4c50</load_address>
         <run_address>0x4c50</run_address>
         <size>0x8</size>
         <input_file_ref idref="fl-df"/>
      </object_component>
      <object_component id="oc-155">
         <name>.text:_inpchar</name>
         <load_address>0x4c58</load_address>
         <run_address>0x4c58</run_address>
         <size>0x6</size>
         <input_file_ref idref="fl-c0"/>
      </object_component>
      <object_component id="oc-142">
         <name>.text:_outc</name>
         <load_address>0x4c5e</load_address>
         <run_address>0x4c5e</run_address>
         <size>0x4</size>
         <input_file_ref idref="fl-be"/>
      </object_component>
      <object_component id="oc-13c">
         <name>.text:_outs</name>
         <load_address>0x4c62</load_address>
         <run_address>0x4c62</run_address>
         <size>0x4</size>
         <input_file_ref idref="fl-be"/>
      </object_component>
      <object_component id="oc-94">
         <name>.text:_system_pre_init</name>
         <load_address>0x4c66</load_address>
         <run_address>0x4c66</run_address>
         <size>0x4</size>
         <input_file_ref idref="fl-ef"/>
      </object_component>
      <object_component id="oc-e4">
         <name>.text:abort:abort</name>
         <load_address>0x4c6a</load_address>
         <run_address>0x4c6a</run_address>
         <size>0x4</size>
         <input_file_ref idref="fl-d7"/>
      </object_component>
      <object_component id="oc-22d">
         <name>.const:.string:_ctypes_</name>
         <load_address>0x4c70</load_address>
         <run_address>0x4c70</run_address>
         <size>0x101</size>
         <input_file_ref idref="fl-db"/>
      </object_component>
      <object_component id="oc-30f">
         <name>.const:$O1$$</name>
         <load_address>0x4d78</load_address>
         <run_address>0x4d78</run_address>
         <size>0xc8</size>
         <input_file_ref idref="fl-f4"/>
      </object_component>
      <object_component id="oc-23c">
         <name>.const:$O1$$</name>
         <load_address>0x4e40</load_address>
         <run_address>0x4e40</run_address>
         <size>0x10</size>
         <input_file_ref idref="fl-e7"/>
      </object_component>
      <object_component id="oc-50c">
         <name>.cinit..data.load</name>
         <load_address>0x4e50</load_address>
         <run_address>0x4e50</run_address>
         <size>0x6d</size>
      </object_component>
      <object_component id="oc-50a">
         <name>__TI_handler_table</name>
         <load_address>0x4ec0</load_address>
         <run_address>0x4ec0</run_address>
         <size>0xc</size>
      </object_component>
      <object_component id="oc-50d">
         <name>.cinit..bss.load</name>
         <load_address>0x4ed0</load_address>
         <run_address>0x4ed0</run_address>
         <size>0x8</size>
      </object_component>
      <object_component id="oc-50b">
         <name>__TI_cinit_table</name>
         <load_address>0x4ed8</load_address>
         <run_address>0x4ed8</run_address>
         <size>0x10</size>
      </object_component>
      <object_component id="oc-4de">
         <name>.binit</name>
         <load_address>0x0</load_address>
         <run_address>0x0</run_address>
         <size>0x0</size>
      </object_component>
      <object_component id="oc-122">
         <name>.data</name>
         <load_address>0x200005e8</load_address>
         <run_address>0x200005e8</run_address>
         <size>0x4</size>
         <input_file_ref idref="fl-4"/>
      </object_component>
      <object_component id="oc-176">
         <name>.data:$O1$$</name>
         <load_address>0x200005c8</load_address>
         <run_address>0x200005c8</run_address>
         <size>0xc</size>
         <input_file_ref idref="fl-d7"/>
      </object_component>
      <object_component id="oc-136">
         <name>.data:$O1$$</name>
         <load_address>0x200005d4</load_address>
         <run_address>0x200005d4</run_address>
         <size>0x8</size>
         <input_file_ref idref="fl-d8"/>
      </object_component>
      <object_component id="oc-139">
         <name>.data:_ftable</name>
         <load_address>0x20000400</load_address>
         <run_address>0x20000400</run_address>
         <size>0xf0</size>
         <input_file_ref idref="fl-dc"/>
      </object_component>
      <object_component id="oc-3ad">
         <name>.data</name>
         <load_address>0x200005b8</load_address>
         <run_address>0x200005b8</run_address>
         <size>0x10</size>
         <input_file_ref idref="fl-dc"/>
      </object_component>
      <object_component id="oc-453">
         <name>.data:$O1$$</name>
         <load_address>0x200005dc</load_address>
         <run_address>0x200005dc</run_address>
         <size>0x8</size>
         <input_file_ref idref="fl-df"/>
      </object_component>
      <object_component id="oc-2cd">
         <name>.data</name>
         <load_address>0x200005e4</load_address>
         <run_address>0x200005e4</run_address>
         <size>0x4</size>
         <input_file_ref idref="fl-e2"/>
      </object_component>
      <object_component id="oc-3ec">
         <name>.data:_device</name>
         <load_address>0x200004f0</load_address>
         <run_address>0x200004f0</run_address>
         <size>0x78</size>
         <input_file_ref idref="fl-e5"/>
      </object_component>
      <object_component id="oc-38e">
         <name>.data:_stream</name>
         <load_address>0x20000568</load_address>
         <run_address>0x20000568</run_address>
         <size>0x50</size>
         <input_file_ref idref="fl-e5"/>
      </object_component>
      <object_component id="oc-49b">
         <name>.bss:_CIOBUF_</name>
         <uninitialized>true</uninitialized>
         <run_address>0x200005ec</run_address>
         <size>0x120</size>
         <input_file_ref idref="fl-100"/>
      </object_component>
      <object_component id="oc-46b">
         <name>.common:__TI_tmpnams</name>
         <uninitialized>true</uninitialized>
         <run_address>0x2000070c</run_address>
         <size>0xa0</size>
      </object_component>
      <object_component id="oc-47c">
         <name>.common:parmbuf</name>
         <uninitialized>true</uninitialized>
         <run_address>0x200007ac</run_address>
         <size>0x8</size>
      </object_component>
      <object_component id="oc-29">
         <name>.sysmem</name>
         <uninitialized>true</uninitialized>
         <run_address>0x20000000</run_address>
         <size>0x10</size>
         <input_file_ref idref="fl-df"/>
      </object_component>
      <object_component id="oc-510">
         <name>.sysmem</name>
         <uninitialized>true</uninitialized>
         <run_address>0x20000000</run_address>
         <size>0x0</size>
      </object_component>
      <object_component id="oc-2c">
         <name>.stack</name>
         <uninitialized>true</uninitialized>
         <run_address>0x2000fe00</run_address>
         <size>0x4</size>
         <input_file_ref idref="fl-e3"/>
      </object_component>
      <object_component id="oc-50f">
         <name>.stack</name>
         <uninitialized>true</uninitialized>
         <run_address>0x2000fe00</run_address>
         <size>0x0</size>
      </object_component>
      <object_component id="oc-e3">
         <name>.debug_info</name>
         <load_address>0x0</load_address>
         <run_address>0x0</run_address>
         <size>0x58d</size>
         <input_file_ref idref="fl-2"/>
      </object_component>
      <object_component id="oc-9c">
         <name>.debug_info</name>
         <load_address>0x58d</load_address>
         <run_address>0x58d</run_address>
         <size>0x364</size>
         <input_file_ref idref="fl-2"/>
      </object_component>
      <object_component id="oc-16b">
         <name>.debug_info</name>
         <load_address>0x8f1</load_address>
         <run_address>0x8f1</run_address>
         <size>0x37e2</size>
         <input_file_ref idref="fl-2"/>
      </object_component>
      <object_component id="oc-b5">
         <name>.debug_info</name>
         <load_address>0x40d3</load_address>
         <run_address>0x40d3</run_address>
         <size>0x26b</size>
         <input_file_ref idref="fl-2"/>
      </object_component>
      <object_component id="oc-170">
         <name>.debug_info</name>
         <load_address>0x433e</load_address>
         <run_address>0x433e</run_address>
         <size>0x1055</size>
         <input_file_ref idref="fl-2"/>
      </object_component>
      <object_component id="oc-35">
         <name>.debug_info</name>
         <load_address>0x5393</load_address>
         <run_address>0x5393</run_address>
         <size>0x84</size>
         <input_file_ref idref="fl-2"/>
      </object_component>
      <object_component id="oc-12b">
         <name>.debug_info</name>
         <load_address>0x5417</load_address>
         <run_address>0x5417</run_address>
         <size>0x2a4</size>
         <input_file_ref idref="fl-2"/>
      </object_component>
      <object_component id="oc-126">
         <name>.debug_info</name>
         <load_address>0x56bb</load_address>
         <run_address>0x56bb</run_address>
         <size>0xbb</size>
         <input_file_ref idref="fl-2"/>
      </object_component>
      <object_component id="oc-14a">
         <name>.debug_info</name>
         <load_address>0x5776</load_address>
         <run_address>0x5776</run_address>
         <size>0x2c</size>
         <input_file_ref idref="fl-2"/>
      </object_component>
      <object_component id="oc-72">
         <name>.debug_info</name>
         <load_address>0x57a2</load_address>
         <run_address>0x57a2</run_address>
         <size>0x2be</size>
         <input_file_ref idref="fl-3"/>
      </object_component>
      <object_component id="oc-27">
         <name>.debug_info</name>
         <load_address>0x5a60</load_address>
         <run_address>0x5a60</run_address>
         <size>0xea</size>
         <input_file_ref idref="fl-3"/>
      </object_component>
      <object_component id="oc-6d">
         <name>.debug_info</name>
         <load_address>0x5b4a</load_address>
         <run_address>0x5b4a</run_address>
         <size>0x1b1</size>
         <input_file_ref idref="fl-3"/>
      </object_component>
      <object_component id="oc-123">
         <name>.debug_info</name>
         <load_address>0x5cfb</load_address>
         <run_address>0x5cfb</run_address>
         <size>0xe3</size>
         <input_file_ref idref="fl-4"/>
      </object_component>
      <object_component id="oc-b0">
         <name>.debug_info</name>
         <load_address>0x5dde</load_address>
         <run_address>0x5dde</run_address>
         <size>0x255</size>
         <input_file_ref idref="fl-4"/>
      </object_component>
      <object_component id="oc-149">
         <name>.debug_info</name>
         <load_address>0x6033</load_address>
         <run_address>0x6033</run_address>
         <size>0x3e5</size>
         <input_file_ref idref="fl-be"/>
      </object_component>
      <object_component id="oc-145">
         <name>.debug_info</name>
         <load_address>0x6418</load_address>
         <run_address>0x6418</run_address>
         <size>0x157</size>
         <input_file_ref idref="fl-be"/>
      </object_component>
      <object_component id="oc-13e">
         <name>.debug_info</name>
         <load_address>0x656f</load_address>
         <run_address>0x656f</run_address>
         <size>0x166</size>
         <input_file_ref idref="fl-be"/>
      </object_component>
      <object_component id="oc-d9">
         <name>.debug_info</name>
         <load_address>0x66d5</load_address>
         <run_address>0x66d5</run_address>
         <size>0x1ac</size>
         <input_file_ref idref="fl-be"/>
      </object_component>
      <object_component id="oc-1ff">
         <name>.debug_info</name>
         <load_address>0x6881</load_address>
         <run_address>0x6881</run_address>
         <size>0xb2</size>
         <input_file_ref idref="fl-be"/>
      </object_component>
      <object_component id="oc-1d6">
         <name>.debug_info</name>
         <load_address>0x6933</load_address>
         <run_address>0x6933</run_address>
         <size>0x590</size>
         <input_file_ref idref="fl-bf"/>
      </object_component>
      <object_component id="oc-1a1">
         <name>.debug_info</name>
         <load_address>0x6ec3</load_address>
         <run_address>0x6ec3</run_address>
         <size>0x21e</size>
         <input_file_ref idref="fl-bf"/>
      </object_component>
      <object_component id="oc-29e">
         <name>.debug_info</name>
         <load_address>0x70e1</load_address>
         <run_address>0x70e1</run_address>
         <size>0x1b3</size>
         <input_file_ref idref="fl-bf"/>
      </object_component>
      <object_component id="oc-2a4">
         <name>.debug_info</name>
         <load_address>0x7294</load_address>
         <run_address>0x7294</run_address>
         <size>0x21b</size>
         <input_file_ref idref="fl-bf"/>
      </object_component>
      <object_component id="oc-1ac">
         <name>.debug_info</name>
         <load_address>0x74af</load_address>
         <run_address>0x74af</run_address>
         <size>0x3c0</size>
         <input_file_ref idref="fl-bf"/>
      </object_component>
      <object_component id="oc-2ab">
         <name>.debug_info</name>
         <load_address>0x786f</load_address>
         <run_address>0x786f</run_address>
         <size>0x30a</size>
         <input_file_ref idref="fl-bf"/>
      </object_component>
      <object_component id="oc-2b0">
         <name>.debug_info</name>
         <load_address>0x7b79</load_address>
         <run_address>0x7b79</run_address>
         <size>0x215</size>
         <input_file_ref idref="fl-bf"/>
      </object_component>
      <object_component id="oc-1b2">
         <name>.debug_info</name>
         <load_address>0x7d8e</load_address>
         <run_address>0x7d8e</run_address>
         <size>0x215</size>
         <input_file_ref idref="fl-bf"/>
      </object_component>
      <object_component id="oc-1b9">
         <name>.debug_info</name>
         <load_address>0x7fa3</load_address>
         <run_address>0x7fa3</run_address>
         <size>0x304</size>
         <input_file_ref idref="fl-bf"/>
      </object_component>
      <object_component id="oc-1bf">
         <name>.debug_info</name>
         <load_address>0x82a7</load_address>
         <run_address>0x82a7</run_address>
         <size>0x4b5</size>
         <input_file_ref idref="fl-bf"/>
      </object_component>
      <object_component id="oc-132">
         <name>.debug_info</name>
         <load_address>0x875c</load_address>
         <run_address>0x875c</run_address>
         <size>0x5f4</size>
         <input_file_ref idref="fl-bf"/>
      </object_component>
      <object_component id="oc-1d7">
         <name>.debug_info</name>
         <load_address>0x8d50</load_address>
         <run_address>0x8d50</run_address>
         <size>0x86</size>
         <input_file_ref idref="fl-bf"/>
      </object_component>
      <object_component id="oc-2d9">
         <name>.debug_info</name>
         <load_address>0x8dd6</load_address>
         <run_address>0x8dd6</run_address>
         <size>0x39</size>
         <input_file_ref idref="fl-bf"/>
      </object_component>
      <object_component id="oc-37d">
         <name>.debug_info</name>
         <load_address>0x8e0f</load_address>
         <run_address>0x8e0f</run_address>
         <size>0xb6</size>
         <input_file_ref idref="fl-bf"/>
      </object_component>
      <object_component id="oc-2de">
         <name>.debug_info</name>
         <load_address>0x8ec5</load_address>
         <run_address>0x8ec5</run_address>
         <size>0x46</size>
         <input_file_ref idref="fl-bf"/>
      </object_component>
      <object_component id="oc-1dc">
         <name>.debug_info</name>
         <load_address>0x8f0b</load_address>
         <run_address>0x8f0b</run_address>
         <size>0x46</size>
         <input_file_ref idref="fl-bf"/>
      </object_component>
      <object_component id="oc-2d4">
         <name>.debug_info</name>
         <load_address>0x8f51</load_address>
         <run_address>0x8f51</run_address>
         <size>0x2c</size>
         <input_file_ref idref="fl-bf"/>
      </object_component>
      <object_component id="oc-168">
         <name>.debug_info</name>
         <load_address>0x8f7d</load_address>
         <run_address>0x8f7d</run_address>
         <size>0x452</size>
         <input_file_ref idref="fl-c0"/>
      </object_component>
      <object_component id="oc-164">
         <name>.debug_info</name>
         <load_address>0x93cf</load_address>
         <run_address>0x93cf</run_address>
         <size>0x228</size>
         <input_file_ref idref="fl-c0"/>
      </object_component>
      <object_component id="oc-158">
         <name>.debug_info</name>
         <load_address>0x95f7</load_address>
         <run_address>0x95f7</run_address>
         <size>0x161</size>
         <input_file_ref idref="fl-c0"/>
      </object_component>
      <object_component id="oc-15d">
         <name>.debug_info</name>
         <load_address>0x9758</load_address>
         <run_address>0x9758</run_address>
         <size>0x190</size>
         <input_file_ref idref="fl-c0"/>
      </object_component>
      <object_component id="oc-de">
         <name>.debug_info</name>
         <load_address>0x98e8</load_address>
         <run_address>0x98e8</run_address>
         <size>0x195</size>
         <input_file_ref idref="fl-c0"/>
      </object_component>
      <object_component id="oc-336">
         <name>.debug_info</name>
         <load_address>0x9a7d</load_address>
         <run_address>0x9a7d</run_address>
         <size>0x375</size>
         <input_file_ref idref="fl-c1"/>
      </object_component>
      <object_component id="oc-249">
         <name>.debug_info</name>
         <load_address>0x9df2</load_address>
         <run_address>0x9df2</run_address>
         <size>0x1d1</size>
         <input_file_ref idref="fl-c1"/>
      </object_component>
      <object_component id="oc-303">
         <name>.debug_info</name>
         <load_address>0x9fc3</load_address>
         <run_address>0x9fc3</run_address>
         <size>0x383</size>
         <input_file_ref idref="fl-c2"/>
      </object_component>
      <object_component id="oc-1f9">
         <name>.debug_info</name>
         <load_address>0xa346</load_address>
         <run_address>0xa346</run_address>
         <size>0x1ea</size>
         <input_file_ref idref="fl-c2"/>
      </object_component>
      <object_component id="oc-301">
         <name>.debug_info</name>
         <load_address>0xa530</load_address>
         <run_address>0xa530</run_address>
         <size>0x3fc</size>
         <input_file_ref idref="fl-c3"/>
      </object_component>
      <object_component id="oc-1f2">
         <name>.debug_info</name>
         <load_address>0xa92c</load_address>
         <run_address>0xa92c</run_address>
         <size>0x2e2</size>
         <input_file_ref idref="fl-c3"/>
      </object_component>
      <object_component id="oc-cd">
         <name>.debug_info</name>
         <load_address>0xac0e</load_address>
         <run_address>0xac0e</run_address>
         <size>0x2c</size>
         <input_file_ref idref="fl-c3"/>
      </object_component>
      <object_component id="oc-3b1">
         <name>.debug_info</name>
         <load_address>0xac3a</load_address>
         <run_address>0xac3a</run_address>
         <size>0x370</size>
         <input_file_ref idref="fl-c4"/>
      </object_component>
      <object_component id="oc-32c">
         <name>.debug_info</name>
         <load_address>0xafaa</load_address>
         <run_address>0xafaa</run_address>
         <size>0x1e2</size>
         <input_file_ref idref="fl-c4"/>
      </object_component>
      <object_component id="oc-389">
         <name>.debug_info</name>
         <load_address>0xb18c</load_address>
         <run_address>0xb18c</run_address>
         <size>0x300</size>
         <input_file_ref idref="fl-c5"/>
      </object_component>
      <object_component id="oc-2e9">
         <name>.debug_info</name>
         <load_address>0xb48c</load_address>
         <run_address>0xb48c</run_address>
         <size>0x19c</size>
         <input_file_ref idref="fl-c5"/>
      </object_component>
      <object_component id="oc-327">
         <name>.debug_info</name>
         <load_address>0xb628</load_address>
         <run_address>0xb628</run_address>
         <size>0x18e</size>
         <input_file_ref idref="fl-c5"/>
      </object_component>
      <object_component id="oc-3ca">
         <name>.debug_info</name>
         <load_address>0xb7b6</load_address>
         <run_address>0xb7b6</run_address>
         <size>0xbf</size>
         <input_file_ref idref="fl-c5"/>
      </object_component>
      <object_component id="oc-3c9">
         <name>.debug_info</name>
         <load_address>0xb875</load_address>
         <run_address>0xb875</run_address>
         <size>0x374</size>
         <input_file_ref idref="fl-c6"/>
      </object_component>
      <object_component id="oc-339">
         <name>.debug_info</name>
         <load_address>0xbbe9</load_address>
         <run_address>0xbbe9</run_address>
         <size>0x20b</size>
         <input_file_ref idref="fl-c6"/>
      </object_component>
      <object_component id="oc-33e">
         <name>.debug_info</name>
         <load_address>0xbdf4</load_address>
         <run_address>0xbdf4</run_address>
         <size>0x310</size>
         <input_file_ref idref="fl-c7"/>
      </object_component>
      <object_component id="oc-250">
         <name>.debug_info</name>
         <load_address>0xc104</load_address>
         <run_address>0xc104</run_address>
         <size>0x1b7</size>
         <input_file_ref idref="fl-c7"/>
      </object_component>
      <object_component id="oc-362">
         <name>.debug_info</name>
         <load_address>0xc2bb</load_address>
         <run_address>0xc2bb</run_address>
         <size>0x295</size>
         <input_file_ref idref="fl-c8"/>
      </object_component>
      <object_component id="oc-2b8">
         <name>.debug_info</name>
         <load_address>0xc550</load_address>
         <run_address>0xc550</run_address>
         <size>0x195</size>
         <input_file_ref idref="fl-c8"/>
      </object_component>
      <object_component id="oc-3d6">
         <name>.debug_info</name>
         <load_address>0xc6e5</load_address>
         <run_address>0xc6e5</run_address>
         <size>0x39</size>
         <input_file_ref idref="fl-c8"/>
      </object_component>
      <object_component id="oc-363">
         <name>.debug_info</name>
         <load_address>0xc71e</load_address>
         <run_address>0xc71e</run_address>
         <size>0x2c</size>
         <input_file_ref idref="fl-c8"/>
      </object_component>
      <object_component id="oc-36f">
         <name>.debug_info</name>
         <load_address>0xc74a</load_address>
         <run_address>0xc74a</run_address>
         <size>0x2f8</size>
         <input_file_ref idref="fl-c9"/>
      </object_component>
      <object_component id="oc-2be">
         <name>.debug_info</name>
         <load_address>0xca42</load_address>
         <run_address>0xca42</run_address>
         <size>0x225</size>
         <input_file_ref idref="fl-c9"/>
      </object_component>
      <object_component id="oc-2cc">
         <name>.debug_info</name>
         <load_address>0xcc67</load_address>
         <run_address>0xcc67</run_address>
         <size>0x28f</size>
         <input_file_ref idref="fl-ca"/>
      </object_component>
      <object_component id="oc-1cd">
         <name>.debug_info</name>
         <load_address>0xcef6</load_address>
         <run_address>0xcef6</run_address>
         <size>0x15a</size>
         <input_file_ref idref="fl-ca"/>
      </object_component>
      <object_component id="oc-372">
         <name>.debug_info</name>
         <load_address>0xd050</load_address>
         <run_address>0xd050</run_address>
         <size>0x46</size>
         <input_file_ref idref="fl-ca"/>
      </object_component>
      <object_component id="oc-2c7">
         <name>.debug_info</name>
         <load_address>0xd096</load_address>
         <run_address>0xd096</run_address>
         <size>0x39</size>
         <input_file_ref idref="fl-ca"/>
      </object_component>
      <object_component id="oc-299">
         <name>.debug_info</name>
         <load_address>0xd0cf</load_address>
         <run_address>0xd0cf</run_address>
         <size>0x14c</size>
         <input_file_ref idref="fl-cb"/>
      </object_component>
      <object_component id="oc-1a7">
         <name>.debug_info</name>
         <load_address>0xd21b</load_address>
         <run_address>0xd21b</run_address>
         <size>0x128</size>
         <input_file_ref idref="fl-cc"/>
      </object_component>
      <object_component id="oc-284">
         <name>.debug_info</name>
         <load_address>0xd343</load_address>
         <run_address>0xd343</run_address>
         <size>0x12a</size>
         <input_file_ref idref="fl-cc"/>
      </object_component>
      <object_component id="oc-27e">
         <name>.debug_info</name>
         <load_address>0xd46d</load_address>
         <run_address>0xd46d</run_address>
         <size>0x13a</size>
         <input_file_ref idref="fl-cd"/>
      </object_component>
      <object_component id="oc-27a">
         <name>.debug_info</name>
         <load_address>0xd5a7</load_address>
         <run_address>0xd5a7</run_address>
         <size>0x13a</size>
         <input_file_ref idref="fl-ce"/>
      </object_component>
      <object_component id="oc-288">
         <name>.debug_info</name>
         <load_address>0xd6e1</load_address>
         <run_address>0xd6e1</run_address>
         <size>0x12e</size>
         <input_file_ref idref="fl-cf"/>
      </object_component>
      <object_component id="oc-293">
         <name>.debug_info</name>
         <load_address>0xd80f</load_address>
         <run_address>0xd80f</run_address>
         <size>0x12c</size>
         <input_file_ref idref="fl-d0"/>
      </object_component>
      <object_component id="oc-3c">
         <name>.debug_info</name>
         <load_address>0xd93b</load_address>
         <run_address>0xd93b</run_address>
         <size>0x119</size>
         <input_file_ref idref="fl-d1"/>
      </object_component>
      <object_component id="oc-273">
         <name>.debug_info</name>
         <load_address>0xda54</load_address>
         <run_address>0xda54</run_address>
         <size>0x134</size>
         <input_file_ref idref="fl-d2"/>
      </object_component>
      <object_component id="oc-91">
         <name>.debug_info</name>
         <load_address>0xdb88</load_address>
         <run_address>0xdb88</run_address>
         <size>0x147</size>
         <input_file_ref idref="fl-d3"/>
      </object_component>
      <object_component id="oc-8d">
         <name>.debug_info</name>
         <load_address>0xdccf</load_address>
         <run_address>0xdccf</run_address>
         <size>0x2d4</size>
         <input_file_ref idref="fl-d4"/>
      </object_component>
      <object_component id="oc-48">
         <name>.debug_info</name>
         <load_address>0xdfa3</load_address>
         <run_address>0xdfa3</run_address>
         <size>0x1d2</size>
         <input_file_ref idref="fl-d4"/>
      </object_component>
      <object_component id="oc-88">
         <name>.debug_info</name>
         <load_address>0xe175</load_address>
         <run_address>0xe175</run_address>
         <size>0x46</size>
         <input_file_ref idref="fl-d4"/>
      </object_component>
      <object_component id="oc-45">
         <name>.debug_info</name>
         <load_address>0xe1bb</load_address>
         <run_address>0xe1bb</run_address>
         <size>0x2a8</size>
         <input_file_ref idref="fl-d5"/>
      </object_component>
      <object_component id="oc-1e">
         <name>.debug_info</name>
         <load_address>0xe463</load_address>
         <run_address>0xe463</run_address>
         <size>0x1ea</size>
         <input_file_ref idref="fl-d5"/>
      </object_component>
      <object_component id="oc-40">
         <name>.debug_info</name>
         <load_address>0xe64d</load_address>
         <run_address>0xe64d</run_address>
         <size>0x46</size>
         <input_file_ref idref="fl-d5"/>
      </object_component>
      <object_component id="oc-80">
         <name>.debug_info</name>
         <load_address>0xe693</load_address>
         <run_address>0xe693</run_address>
         <size>0x2c</size>
         <input_file_ref idref="fl-d5"/>
      </object_component>
      <object_component id="oc-7e">
         <name>.debug_info</name>
         <load_address>0xe6bf</load_address>
         <run_address>0xe6bf</run_address>
         <size>0x29e</size>
         <input_file_ref idref="fl-d6"/>
      </object_component>
      <object_component id="oc-19">
         <name>.debug_info</name>
         <load_address>0xe95d</load_address>
         <run_address>0xe95d</run_address>
         <size>0x250</size>
         <input_file_ref idref="fl-d6"/>
      </object_component>
      <object_component id="oc-30">
         <name>.debug_info</name>
         <load_address>0xebad</load_address>
         <run_address>0xebad</run_address>
         <size>0x60</size>
         <input_file_ref idref="fl-d6"/>
      </object_component>
      <object_component id="oc-c6">
         <name>.debug_info</name>
         <load_address>0xec0d</load_address>
         <run_address>0xec0d</run_address>
         <size>0x46</size>
         <input_file_ref idref="fl-d6"/>
      </object_component>
      <object_component id="oc-79">
         <name>.debug_info</name>
         <load_address>0xec53</load_address>
         <run_address>0xec53</run_address>
         <size>0x39</size>
         <input_file_ref idref="fl-d6"/>
      </object_component>
      <object_component id="oc-17a">
         <name>.debug_info</name>
         <load_address>0xec8c</load_address>
         <run_address>0xec8c</run_address>
         <size>0x3ad</size>
         <input_file_ref idref="fl-d7"/>
      </object_component>
      <object_component id="oc-177">
         <name>.debug_info</name>
         <load_address>0xf039</load_address>
         <run_address>0xf039</run_address>
         <size>0x190</size>
         <input_file_ref idref="fl-d7"/>
      </object_component>
      <object_component id="oc-e8">
         <name>.debug_info</name>
         <load_address>0xf1c9</load_address>
         <run_address>0xf1c9</run_address>
         <size>0x122</size>
         <input_file_ref idref="fl-d7"/>
      </object_component>
      <object_component id="oc-ee">
         <name>.debug_info</name>
         <load_address>0xf2eb</load_address>
         <run_address>0xf2eb</run_address>
         <size>0x184</size>
         <input_file_ref idref="fl-d7"/>
      </object_component>
      <object_component id="oc-1e9">
         <name>.debug_info</name>
         <load_address>0xf46f</load_address>
         <run_address>0xf46f</run_address>
         <size>0x2c9</size>
         <input_file_ref idref="fl-d8"/>
      </object_component>
      <object_component id="oc-137">
         <name>.debug_info</name>
         <load_address>0xf738</load_address>
         <run_address>0xf738</run_address>
         <size>0x11e</size>
         <input_file_ref idref="fl-d8"/>
      </object_component>
      <object_component id="oc-1e4">
         <name>.debug_info</name>
         <load_address>0xf856</load_address>
         <run_address>0xf856</run_address>
         <size>0x12e</size>
         <input_file_ref idref="fl-d8"/>
      </object_component>
      <object_component id="oc-35a">
         <name>.debug_info</name>
         <load_address>0xf984</load_address>
         <run_address>0xf984</run_address>
         <size>0x29c</size>
         <input_file_ref idref="fl-d9"/>
      </object_component>
      <object_component id="oc-28d">
         <name>.debug_info</name>
         <load_address>0xfc20</load_address>
         <run_address>0xfc20</run_address>
         <size>0x1da</size>
         <input_file_ref idref="fl-d9"/>
      </object_component>
      <object_component id="oc-270">
         <name>.debug_info</name>
         <load_address>0xfdfa</load_address>
         <run_address>0xfdfa</run_address>
         <size>0x2b9</size>
         <input_file_ref idref="fl-da"/>
      </object_component>
      <object_component id="oc-19e">
         <name>.debug_info</name>
         <load_address>0x100b3</load_address>
         <run_address>0x100b3</run_address>
         <size>0x17c</size>
         <input_file_ref idref="fl-da"/>
      </object_component>
      <object_component id="oc-31c">
         <name>.debug_info</name>
         <load_address>0x1022f</load_address>
         <run_address>0x1022f</run_address>
         <size>0xf9</size>
         <input_file_ref idref="fl-db"/>
      </object_component>
      <object_component id="oc-22e">
         <name>.debug_info</name>
         <load_address>0x10328</load_address>
         <run_address>0x10328</run_address>
         <size>0x105</size>
         <input_file_ref idref="fl-db"/>
      </object_component>
      <object_component id="oc-1ed">
         <name>.debug_info</name>
         <load_address>0x1042d</load_address>
         <run_address>0x1042d</run_address>
         <size>0x144</size>
         <input_file_ref idref="fl-dc"/>
      </object_component>
      <object_component id="oc-13a">
         <name>.debug_info</name>
         <load_address>0x10571</load_address>
         <run_address>0x10571</run_address>
         <size>0x102</size>
         <input_file_ref idref="fl-dc"/>
      </object_component>
      <object_component id="oc-3ae">
         <name>.debug_info</name>
         <load_address>0x10673</load_address>
         <run_address>0x10673</run_address>
         <size>0x18f</size>
         <input_file_ref idref="fl-dc"/>
      </object_component>
      <object_component id="oc-2c5">
         <name>.debug_info</name>
         <load_address>0x10802</load_address>
         <run_address>0x10802</run_address>
         <size>0x2a7</size>
         <input_file_ref idref="fl-dd"/>
      </object_component>
      <object_component id="oc-1c7">
         <name>.debug_info</name>
         <load_address>0x10aa9</load_address>
         <run_address>0x10aa9</run_address>
         <size>0x1b8</size>
         <input_file_ref idref="fl-dd"/>
      </object_component>
      <object_component id="oc-38b">
         <name>.debug_info</name>
         <load_address>0x10c61</load_address>
         <run_address>0x10c61</run_address>
         <size>0x2a5</size>
         <input_file_ref idref="fl-de"/>
      </object_component>
      <object_component id="oc-2ef">
         <name>.debug_info</name>
         <load_address>0x10f06</load_address>
         <run_address>0x10f06</run_address>
         <size>0x25d</size>
         <input_file_ref idref="fl-de"/>
      </object_component>
      <object_component id="oc-75">
         <name>.debug_info</name>
         <load_address>0x11163</load_address>
         <run_address>0x11163</run_address>
         <size>0x3b2</size>
         <input_file_ref idref="fl-df"/>
      </object_component>
      <object_component id="oc-2a">
         <name>.debug_info</name>
         <load_address>0x11515</load_address>
         <run_address>0x11515</run_address>
         <size>0x10c</size>
         <input_file_ref idref="fl-df"/>
      </object_component>
      <object_component id="oc-454">
         <name>.debug_info</name>
         <load_address>0x11621</load_address>
[...]
      </symbol>
      <symbol id="sm-474">
         <name>__aeabi_memcpy</name>
         <value>0x39cd</value>
         <object_component_ref idref="oc-3a"/>
      </symbol>
      <symbol id="sm-475">
         <name>__aeabi_memcpy8</name>
         <value>0x39cd</value>
         <object_component_ref idref="oc-3a"/>
      </symbol>
      <symbol id="sm-476">
         <name>__aeabi_memcpy4</name>
         <value>0x39cd</value>
         <object_component_ref idref="oc-3a"/>
      </symbol>
      <symbol id="sm-483">
         <name>__aeabi_uldivmod</name>
         <value>0x3a69</value>
         <object_component_ref idref="oc-271"/>
      </symbol>
      <symbol id="sm-492">
         <name>__aeabi_memset</name>
         <value>0x3e27</value>
         <object_component_ref idref="oc-8e"/>
      </symbol>
      <symbol id="sm-493">
         <name>memset</name>
         <value>0x3e2d</value>
         <object_component_ref idref="oc-8e"/>
      </symbol>
      <symbol id="sm-494">
         <name>__aeabi_memset8</name>
         <value>0x3e27</value>
         <object_component_ref idref="oc-8e"/>
      </symbol>
      <symbol id="sm-495">
         <name>__aeabi_memset4</name>
         <value>0x3e27</value>
         <object_component_ref idref="oc-8e"/>
      </symbol>
      <symbol id="sm-496">
         <name>__aeabi_memclr8</name>
         <value>0x3e25</value>
         <object_component_ref idref="oc-8e"/>
      </symbol>
      <symbol id="sm-497">
         <name>__aeabi_memclr4</name>
         <value>0x3e25</value>
         <object_component_ref idref="oc-8e"/>
      </symbol>
      <symbol id="sm-498">
         <name>__aeabi_memclr</name>
         <value>0x3e25</value>
         <object_component_ref idref="oc-8e"/>
      </symbol>
      <symbol id="sm-4ac">
         <name>__TI_zero_init_nomemset</name>
         <value>0x4b1d</value>
         <object_component_ref idref="oc-46"/>
      </symbol>
      <symbol id="sm-4c3">
         <name>__TI_decompress_none</name>
         <value>0x4c23</value>
         <object_component_ref idref="oc-1d"/>
      </symbol>
      <symbol id="sm-4e6">
         <name>__TI_decompress_lzss</name>
         <value>0x4135</value>
         <object_component_ref idref="oc-17"/>
      </symbol>
      <symbol id="sm-50c">
         <name>C$$EXIT</name>
         <value>0x4c6b</value>
         <object_component_ref idref="oc-e4"/>
      </symbol>
      <symbol id="sm-50d">
         <name>abort</name>
         <value>0x4c6b</value>
         <object_component_ref idref="oc-e4"/>
      </symbol>
      <symbol id="sm-50e">
         <name>__TI_dtors_ptr</name>
         <value>0x200005cc</value>
         <object_component_ref idref="oc-176"/>
      </symbol>
      <symbol id="sm-50f">
         <name>__TI_cleanup_ptr</name>
         <value>0x200005c8</value>
         <object_component_ref idref="oc-176"/>
      </symbol>
      <symbol id="sm-510">
         <name>__TI_enable_exit_profile_output</name>
         <value>0x200005d0</value>
         <object_component_ref idref="oc-176"/>
      </symbol>
      <symbol id="sm-511">
         <name>exit</name>
         <value>0x46e5</value>
         <object_component_ref idref="oc-ea"/>
      </symbol>
      <symbol id="sm-526">
         <name>_nop</name>
         <value>0x1647</value>
         <object_component_ref idref="oc-1e1"/>
      </symbol>
      <symbol id="sm-527">
         <name>_lock</name>
         <value>0x200005d4</value>
         <object_component_ref idref="oc-136"/>
      </symbol>
      <symbol id="sm-528">
         <name>_unlock</name>
         <value>0x200005d8</value>
         <object_component_ref idref="oc-136"/>
      </symbol>
      <symbol id="sm-537">
         <name>__TI_ltoa</name>
         <value>0x455b</value>
         <object_component_ref idref="oc-28c"/>
      </symbol>
      <symbol id="sm-54d">
         <name>atoi</name>
         <value>0x464d</value>
         <object_component_ref idref="oc-19a"/>
      </symbol>
      <symbol id="sm-558">
         <name>_ctypes_</name>
         <value>0x4c70</value>
         <object_component_ref idref="oc-22d"/>
      </symbol>
      <symbol id="sm-56d">
         <name>__TI_tmpnams</name>
         <value>0x2000070c</value>
      </symbol>
      <symbol id="sm-56e">
         <name>__aeabi_stdout</name>
         <value>0x200005c0</value>
         <object_component_ref idref="oc-3ad"/>
      </symbol>
      <symbol id="sm-56f">
         <name>__aeabi_stderr</name>
         <value>0x200005c4</value>
         <object_component_ref idref="oc-3ad"/>
      </symbol>
      <symbol id="sm-570">
         <name>__aeabi_stdin</name>
         <value>0x200005bc</value>
         <object_component_ref idref="oc-3ad"/>
      </symbol>
      <symbol id="sm-571">
         <name>_ftable</name>
         <value>0x20000400</value>
         <object_component_ref idref="oc-139"/>
      </symbol>
      <symbol id="sm-572">
         <name>__TI_ft_end</name>
         <value>0x200005b8</value>
         <object_component_ref idref="oc-3ad"/>
      </symbol>
      <symbol id="sm-582">
         <name>memccpy</name>
         <value>0x4b55</value>
         <object_component_ref idref="oc-1c3"/>
      </symbol>
      <symbol id="sm-592">
         <name>memchr</name>
         <value>0x4afd</value>
         <object_component_ref idref="oc-2ee"/>
      </symbol>
      <symbol id="sm-61b">
         <name>_sys_memory</name>
         <value>0x20000000</value>
         <object_component_ref idref="oc-29"/>
      </symbol>
      <symbol id="sm-61c">
         <name>free</name>
         <value>0x36bd</value>
         <object_component_ref idref="oc-3b6"/>
      </symbol>
      <symbol id="sm-61d">
         <name>memalign</name>
         <value>0x34c1</value>
         <object_component_ref idref="oc-411"/>
      </symbol>
      <symbol id="sm-61e">
         <name>malloc</name>
         <value>0x4c51</value>
         <object_component_ref idref="oc-3bc"/>
      </symbol>
      <symbol id="sm-61f">
         <name>aligned_alloc</name>
         <value>0x34c1</value>
         <object_component_ref idref="oc-411"/>
      </symbol>
      <symbol id="sm-62f">
         <name>strchr</name>
         <value>0x4bd3</value>
         <object_component_ref idref="oc-236"/>
      </symbol>
      <symbol id="sm-63d">
         <name>strlen</name>
         <value>0x4bfd</value>
         <object_component_ref idref="oc-194"/>
      </symbol>
      <symbol id="sm-653">
         <name>__aeabi_errno_addr</name>
         <value>0x4c49</value>
         <object_component_ref idref="oc-1cf"/>
      </symbol>
      <symbol id="sm-654">
         <name>errno</name>
         <value>0x200005e4</value>
         <object_component_ref idref="oc-2cd"/>
      </symbol>
      <symbol id="sm-667">
         <name>__stack</name>
         <value>0x2000fe00</value>
         <object_component_ref idref="oc-2c"/>
      </symbol>
      <symbol id="sm-668">
         <name>_c_int00_noargs</name>
         <value>0x499d</value>
         <object_component_ref idref="oc-58"/>
      </symbol>
      <symbol id="sm-682">
         <name>write</name>
         <value>0x4ad5</value>
         <object_component_ref idref="oc-2fa"/>
      </symbol>
      <symbol id="sm-693">
         <name>_stream</name>
         <value>0x20000568</value>
         <object_component_ref idref="oc-38e"/>
      </symbol>
      <symbol id="sm-694">
         <name>_device</name>
         <value>0x200004f0</value>
         <object_component_ref idref="oc-3ec"/>
      </symbol>
      <symbol id="sm-6a4">
         <name>read</name>
         <value>0x4aad</value>
         <object_component_ref idref="oc-32f"/>
      </symbol>
      <symbol id="sm-75a">
         <name>__TI_scanfi</name>
         <value>0xe5</value>
         <object_component_ref idref="oc-14f"/>
      </symbol>
      <symbol id="sm-76a">
         <name>__TI_doflush</name>
         <value>0x4601</value>
         <object_component_ref idref="oc-2f4"/>
      </symbol>
      <symbol id="sm-77a">
         <name>__TI_cleanup</name>
         <value>0x4935</value>
         <object_component_ref idref="oc-3c2"/>
      </symbol>
      <symbol id="sm-78c">
         <name>fseek</name>
         <value>0x42d1</value>
         <object_component_ref idref="oc-382"/>
      </symbol>
      <symbol id="sm-796">
         <name>copysign</name>
         <value>0x4b71</value>
         <object_component_ref idref="oc-368"/>
      </symbol>
      <symbol id="sm-797">
         <name>copysignl</name>
         <value>0x4b71</value>
         <object_component_ref idref="oc-368"/>
      </symbol>
      <symbol id="sm-7a1">
         <name>__aeabi_idiv0</name>
         <value>0x2b67</value>
         <object_component_ref idref="oc-34f"/>
      </symbol>
      <symbol id="sm-7a2">
         <name>__aeabi_ldiv0</name>
         <value>0x2b67</value>
         <object_component_ref idref="oc-34f"/>
      </symbol>
      <symbol id="sm-7ae">
         <name>__aeabi_d2f</name>
         <value>0x3ff3</value>
         <object_component_ref idref="oc-21c"/>
      </symbol>
      <symbol id="sm-7d6">
         <name>__TI_auto_init_nobinit_nopinit</name>
         <value>0x47fd</value>
         <object_component_ref idref="oc-f0"/>
      </symbol>
      <symbol id="sm-7e0">
         <name>_system_pre_init</name>
         <value>0x4c67</value>
         <object_component_ref idref="oc-94"/>
      </symbol>
      <symbol id="sm-7f0">
         <name>strcpy</name>
         <value>0x4be9</value>
         <object_component_ref idref="oc-204"/>
      </symbol>
      <symbol id="sm-7ff">
         <name>strrchr</name>
         <value>0x4bbb</value>
         <object_component_ref idref="oc-230"/>
      </symbol>
      <symbol id="sm-85f">
         <name>strtold</name>
         <value>0x1c01</value>
         <object_component_ref idref="oc-216"/>
      </symbol>
      <symbol id="sm-860">
         <name>strtod</name>
         <value>0x1c01</value>
         <object_component_ref idref="oc-216"/>
      </symbol>
      <symbol id="sm-884">
         <name>strtol</name>
         <value>0x2f39</value>
         <object_component_ref idref="oc-221"/>
      </symbol>
      <symbol id="sm-8aa">
         <name>strtoll</name>
         <value>0x2605</value>
         <object_component_ref idref="oc-227"/>
      </symbol>
      <symbol id="sm-8ca">
         <name>strtoul</name>
         <value>0x33b1</value>
         <object_component_ref idref="oc-210"/>
      </symbol>
      <symbol id="sm-8ed">
         <name>strtoull</name>
         <value>0x2b69</value>
         <object_component_ref idref="oc-20a"/>
      </symbol>
      <symbol id="sm-8fe">
         <name>HOSTclose</name>
         <value>0x4775</value>
         <object_component_ref idref="oc-42b"/>
      </symbol>
      <symbol id="sm-90f">
         <name>HOSTlseek</name>
         <value>0x40cd</value>
         <object_component_ref idref="oc-43d"/>
      </symbol>
      <symbol id="sm-921">
         <name>parmbuf</name>
         <value>0x200007ac</value>
      </symbol>
      <symbol id="sm-922">
         <name>HOSTopen</name>
         <value>0x4399</value>
         <object_component_ref idref="oc-425"/>
      </symbol>
      <symbol id="sm-933">
         <name>HOSTread</name>
         <value>0x4455</value>
         <object_component_ref idref="oc-431"/>
      </symbol>
      <symbol id="sm-944">
         <name>HOSTrename</name>
         <value>0x4061</value>
         <object_component_ref idref="oc-449"/>
      </symbol>
      <symbol id="sm-955">
         <name>HOSTunlink</name>
         <value>0x47b9</value>
         <object_component_ref idref="oc-443"/>
      </symbol>
      <symbol id="sm-966">
         <name>HOSTwrite</name>
         <value>0x44ad</value>
         <object_component_ref idref="oc-437"/>
      </symbol>
      <symbol id="sm-98a">
         <name>__TI_readmsg</name>
         <value>0x4969</value>
         <object_component_ref idref="oc-476"/>
      </symbol>
      <symbol id="sm-98b">
         <name>C$$IO$$</name>
         <value>0x48f3</value>
         <object_component_ref idref="oc-470"/>
      </symbol>
      <symbol id="sm-98c">
         <name>__CIOBUF_</name>
         <value>0x200005ec</value>
         <object_component_ref idref="oc-49b"/>
      </symbol>
      <symbol id="sm-98d">
         <name>__TI_writemsg</name>
         <value>0x48c5</value>
         <object_component_ref idref="oc-470"/>
      </symbol>
      <symbol id="sm-99e">
         <name>lseek</name>
         <value>0x4a85</value>
         <object_component_ref idref="oc-3de"/>
      </symbol>
      <symbol id="sm-9b3">
         <name>__TI_closefile</name>
         <value>0x3ea1</value>
         <object_component_ref idref="oc-418"/>
      </symbol>
      <symbol id="sm-9d6">
         <name>finddevice</name>
         <value>0x49d1</value>
         <object_component_ref idref="oc-4b7"/>
      </symbol>
      <symbol id="sm-9d7">
         <name>getdevice</name>
         <value>0x4841</value>
         <object_component_ref idref="oc-491"/>
      </symbol>
      <symbol id="sm-9e0">
         <name>__aeabi_lmul</name>
         <value>0x4b8b</value>
         <object_component_ref idref="oc-306"/>
      </symbol>
      <symbol id="sm-9ef">
         <name>strcmp</name>
         <value>0x4ba3</value>
         <object_component_ref idref="oc-4cc"/>
      </symbol>
      <symbol id="sm-9ff">
         <name>strncpy</name>
         <value>0x48fd</value>
         <object_component_ref idref="oc-4b1"/>
      </symbol>
      <symbol id="sm-a14">
         <name>close</name>
         <value>0x43f9</value>
         <object_component_ref idref="oc-45f"/>
      </symbol>
      <symbol id="sm-a24">
         <name>unlink</name>
         <value>0x4a31</value>
         <object_component_ref idref="oc-465"/>
      </symbol>
      <symbol id="sm-a25">
         <name>__TI_static_base__</name>
         <value>0x0</value>
      </symbol>
      <symbol id="sm-a28">
         <name>__mpu_init</name>
         <value>0x0</value>
      </symbol>
      <symbol id="sm-a29">
         <name>_system_post_cinit</name>
         <value>0x0</value>
      </symbol>
      <symbol id="sm-a2a">
         <name>NMI_Handler</name>
         <value>0x4c3d</value>
      </symbol>
      <symbol id="sm-a2b">
         <name>HardFault_Handler</name>
         <value>0x4c3d</value>
      </symbol>
      <symbol id="sm-a2c">
         <name>MemManage_Handler</name>
         <value>0x4c3d</value>
      </symbol>
      <symbol id="sm-a2d">
         <name>BusFault_Handler</name>
         <value>0x4c3d</value>
      </symbol>
      <symbol id="sm-a2e">
         <name>UsageFault_Handler</name>
         <value>0x4c3d</value>
      </symbol>
      <symbol id="sm-a2f">
         <name>SVC_Handler</name>
         <value>0x4c3d</value>
      </symbol>
      <symbol id="sm-a30">
         <name>DebugMon_Handler</name>
         <value>0x4c3d</value>
      </symbol>
      <symbol id="sm-a31">
         <name>PendSV_Handler</name>
         <value>0x4c3d</value>
      </symbol>
      <symbol id="sm-a32">
         <name>SysTick_Handler</name>
         <value>0x4c3d</value>
      </symbol>
      <symbol id="sm-a33">
         <name>PSS_IRQHandler</name>
         <value>0x4c3d</value>
      </symbol>
      <symbol id="sm-a34">
         <name>CS_IRQHandler</name>
         <value>0x4c3d</value>
      </symbol>
      <symbol id="sm-a35">
         <name>PCM_IRQHandler</name>
         <value>0x4c3d</value>
      </symbol>
      <symbol id="sm-a36">
         <name>WDT_A_IRQHandler</name>
         <value>0x4c3d</value>
      </symbol>
      <symbol id="sm-a37">
         <name>FPU_IRQHandler</name>
         <value>0x4c3d</value>
      </symbol>
      <symbol id="sm-a38">
         <name>FLCTL_IRQHandler</name>
         <value>0x4c3d</value>
      </symbol>
      <symbol id="sm-a39">
         <name>COMP_E0_IRQHandler</name>
         <value>0x4c3d</value>
      </symbol>
      <symbol id="sm-a3a">
         <name>COMP_E1_IRQHandler</name>
         <value>0x4c3d</value>
      </symbol>
      <symbol id="sm-a3b">
         <name>TA0_0_IRQHandler</name>
         <value>0x4c3d</value>
      </symbol>
      <symbol id="sm-a3c">
         <name>TA0_N_IRQHandler</name>
         <value>0x4c3d</value>
      </symbol>
      <symbol id="sm-a3d">
         <name>TA1_0_IRQHandler</name>
         <value>0x4c3d</value>
      </symbol>
      <symbol id="sm-a3e">
         <name>TA1_N_IRQHandler</name>
         <value>0x4c3d</value>
      </symbol>
      <symbol id="sm-a3f">
         <name>TA2_0_IRQHandler</name>
         <value>0x4c3d</value>
      </symbol>
      <symbol id="sm-a40">
         <name>TA2_N_IRQHandler</name>
         <value>0x4c3d</value>
      </symbol>
      <symbol id="sm-a41">
         <name>TA3_0_IRQHandler</name>
         <value>0x4c3d</value>
      </symbol>
      <symbol id="sm-a42">
         <name>TA3_N_IRQHandler</name>
         <value>0x4c3d</value>
      </symbol>
      <symbol id="sm-a43">
         <name>EUSCIA0_IRQHandler</name>
         <value>0x4c3d</value>
      </symbol>
      <symbol id="sm-a44">
         <name>EUSCIA1_IRQHandler</name>
         <value>0x4c3d</value>
      </symbol>
      <symbol id="sm-a45">
         <name>EUSCIA2_IRQHandler</name>
         <value>0x4c3d</value>
      </symbol>
      <symbol id="sm-a46">
         <name>EUSCIA3_IRQHandler</name>
         <value>0x4c3d</value>
      </symbol>
      <symbol id="sm-a47">
         <name>EUSCIB0_IRQHandler</name>
         <value>0x4c3d</value>
      </symbol>
      <symbol id="sm-a48">
         <name>EUSCIB1_IRQHandler</name>
         <value>0x4c3d</value>
      </symbol>
      <symbol id="sm-a49">
         <name>EUSCIB2_IRQHandler</name>
         <value>0x4c3d</value>
      </symbol>
      <symbol id="sm-a4a">
         <name>EUSCIB3_IRQHandler</name>
         <value>0x4c3d</value>
      </symbol>
      <symbol id="sm-a4b">
         <name>ADC14_IRQHandler</name>
         <value>0x4c3d</value>
      </symbol>
      <symbol id="sm-a4c">
         <name>T32_INT1_IRQHandler</name>
         <value>0x4c3d</value>
      </symbol>
      <symbol id="sm-a4d">
         <name>T32_INT2_IRQHandler</name>
         <value>0x4c3d</value>
      </symbol>
      <symbol id="sm-a4e">
         <name>T32_INTC_IRQHandler</name>
         <value>0x4c3d</value>
      </symbol>
      <symbol id="sm-a4f">
         <name>AES256_IRQHandler</name>
         <value>0x4c3d</value>
      </symbol>
      <symbol id="sm-a50">
         <name>RTC_C_IRQHandler</name>
         <value>0x4c3d</value>
      </symbol>
      <symbol id="sm-a51">
         <name>DMA_ERR_IRQHandler</name>
         <value>0x4c3d</value>
      </symbol>
      <symbol id="sm-a52">
         <name>DMA_INT3_IRQHandler</name>
         <value>0x4c3d</value>
      </symbol>
      <symbol id="sm-a53">
         <name>DMA_INT2_IRQHandler</name>
         <value>0x4c3d</value>
      </symbol>
      <symbol id="sm-a54">
         <name>DMA_INT1_IRQHandler</name>
         <value>0x4c3d</value>
      </symbol>
      <symbol id="sm-a55">
         <name>DMA_INT0_IRQHandler</name>
         <value>0x4c3d</value>
      </symbol>
      <symbol id="sm-a56">
         <name>PORT1_IRQHandler</name>
         <value>0x4c3d</value>
      </symbol>
      <symbol id="sm-a57">
         <name>PORT2_IRQHandler</name>
         <value>0x4c3d</value>
      </symbol>
      <symbol id="sm-a58">
         <name>PORT3_IRQHandler</name>
         <value>0x4c3d</value>
      </symbol>
      <symbol id="sm-a59">
         <name>PORT4_IRQHandler</name>
         <value>0x4c3d</value>
      </symbol>
      <symbol id="sm-a5a">
         <name>PORT5_IRQHandler</name>
         <value>0x4c3d</value>
      </symbol>
      <symbol id="sm-a5b">
         <name>PORT6_IRQHandler</name>
         <value>0x4c3d</value>
      </symbol>
      <symbol id="sm-a5c">
         <name>remove</name>
         <value>0x4a31</value>
      </symbol>
   </symbol_table>
   <title>Link successful</title>
</link_info>
