******************************************************************************
                  TI ARM Linker PC v20.2.5                     
******************************************************************************
>> Linked Thu Feb 17 11:21:17 2022

OUTPUT FILE NAME:   <lab09_project_prog2.out>
ENTRY POINT SYMBOL: "_c_int00_noargs"  address: 0000499d


MEMORY CONFIGURATION

         name            origin    length      used     unused   attr    fill
----------------------  --------  ---------  --------  --------  ----  --------
  MAIN                  00000000   00040000  00004ee6  0003b11a  R  X
  INFO                  00200000   00004000  00000000  00004000  R  X
  SRAM_CODE             01000000   00010000  000009b4  0000f64c  RW X
  SRAM_DATA             20000000   00010000  000009b4  0000f64c  RW  


SEGMENT ALLOCATION MAP

run origin  load origin   length   init length attrs members
----------  ----------- ---------- ----------- ----- -------
00000000    00000000    00004ee8   00004ee8    r-x
  00000000    00000000    000000e4   000000e4    r-- .intvecs
  000000e4    000000e4    00004b8a   00004b8a    r-x .text
  00004c70    00004c70    000001e0   000001e0    r-- .const
  00004e50    00004e50    00000098   00000098    r-- .cinit
20000000    20000000    000007b4   00000000    rw-
  20000000    20000000    00000400   00000000    rw- .sysmem
  20000400    20000400    000001ec   00000000    rw- .data
  200005ec    200005ec    000001c8   00000000    rw- .bss
2000fe00    2000fe00    00000200   00000000    rw-
  2000fe00    2000fe00    00000200   00000000    rw- .stack


SECTION ALLOCATION MAP

 output                                  attributes/
section   page    origin      length       input sections
--------  ----  ----------  ----------   ----------------
.intvecs   0    00000000    000000e4     
                  00000000    000000e4     startup_msp432p401r_ccs.obj (.intvecs:retain)

.text      0    000000e4    00004b8a     
                  000000e4    00000b14     rtsv7M4_T_le_v4SPD16_eabi.lib : _scanfi.c.obj (.text:__TI_scanfi)
                  00000bf8    00000a4e                                   : _printfi.c.obj (.text:__TI_printfi)
                  00001646    00000002                                   : _lock.c.obj (.text:_nop)
                  00001648    000005b8     morse.obj (.text)
                  00001c00    00000460     rtsv7M4_T_le_v4SPD16_eabi.lib : strtod.c.obj (.text:strtod)
                  00002060    00000334     system_msp432p401r.obj (.text)
                  00002394    00000270     rtsv7M4_T_le_v4SPD16_eabi.lib : _printfi.c.obj (.text:_pconv_a)
                  00002604    000001dc                                   : strtoll.c.obj (.text:strtoll)
                  000027e0    000001d0                                   : _printfi.c.obj (.text:_pconv_g)
                  000029b0    000001b6                                   : fd_add_t2.asm.obj (.text)
                  00002b66    00000002                                   : div0.asm.obj (.text)
                  00002b68    0000015c                                   : strtoull.c.obj (.text:strtoull)
                  00002cc4    0000013c                                   : _printfi.c.obj (.text:_pconv_e)
                  00002e00    00000136                                   : fd_div_t2.asm.obj (.text)
                  00002f36    00000002     --HOLE-- [fill = 0]
                  00002f38    00000130                                   : strtol.c.obj (.text:strtol)
                  00003068    00000124                                   : _printfi.c.obj (.text:fcvt)
                  0000318c    00000114                                   : fputs.c.obj (.text:fputs)
                  000032a0    00000110                                   : s_scalbn.c.obj (.text:scalbn)
                  000033b0    00000110                                   : strtoul.c.obj (.text:strtoul)
                  000034c0    00000100                                   : memory.c.obj (.text:aligned_alloc)
                  000035c0    000000fc                                   : fd_mul_t2.asm.obj (.text)
                  000036bc    000000e4                                   : memory.c.obj (.text:free)
                  000037a0    000000dc                                   : setvbuf.c.obj (.text:setvbuf)
                  0000387c    000000b1                                   : _printfi.c.obj (.text:_ltostr)
                  0000392d    00000003     --HOLE-- [fill = 0]
                  00003930    0000009c                                   : _bufread.c.obj (.text:__TI_buff_read)
                  000039cc    0000009c                                   : memcpy_t2.asm.obj (.text)
                  00003a68    00000096                                   : ull_div_t2.asm.obj (.text)
                  00003afe    00000002     --HOLE-- [fill = 0]
                  00003b00    0000008c                                   : fputc.c.obj (.text:fputc)
                  00003b8c    00000088                                   : fscanf.c.obj (.text:_chkmbc)
                  00003c14    00000086                                   : fd_cmp_t2.asm.obj (.text:__aeabi_cdcmple)
                  00003c9a    00000086                                   : fd_cmp_t2.asm.obj (.text:__aeabi_cdrcmple)
                  00003d20    00000084                                   : fgetc.c.obj (.text:fgetc)
                  00003da4    00000080                                   : ungetc.c.obj (.text:ungetc)
                  00003e24    0000007a                                   : memset_t2.asm.obj (.text)
                  00003e9e    00000002     --HOLE-- [fill = 0]
                  00003ea0    00000074                                   : fclose.c.obj (.text:__TI_closefile)
                  00003f14    00000070                                   : memory.c.obj (.text:split)
                  00003f84    0000006e                                   : _printfi.c.obj (.text:_mcpy)
                  00003ff2    0000006e                                   : fd_tos_t2.asm.obj (.text)
                  00004060    0000006c                                   : hostrename.c.obj (.text:HOSTrename)
                  000040cc    00000068                                   : hostlseek.c.obj (.text:HOSTlseek)
                  00004134    00000068                                   : copy_decompress_lzss.c.obj (.text:decompress:lzss:__TI_decompress_lzss)
                  0000419c    00000068                                   : printf.c.obj (.text:printf)
                  00004204    00000068                                   : fscanf.c.obj (.text:scanf)
                  0000426c    00000064                                   : s_frexp.c.obj (.text:frexp)
                  000042d0    00000064                                   : fseek.c.obj (.text:fseek)
                  00004334    00000062                                   : _io_perm.c.obj (.text:__TI_wrt_ok)
                  00004396    00000002     --HOLE-- [fill = 0]
                  00004398    00000060                                   : hostopen.c.obj (.text:HOSTopen)
                  000043f8    0000005c                                   : close.c.obj (.text:close)
                  00004454    00000058                                   : hostread.c.obj (.text:HOSTread)
                  000044ac    00000058                                   : hostwrite.c.obj (.text:HOSTwrite)
                  00004504    00000056                                   : _printfi.c.obj (.text:_pconv_f)
                  0000455a    00000054                                   : _ltoa.c.obj (.text:__TI_ltoa)
                  000045ae    00000052                                   : _printfi.c.obj (.text:_ecpy)
                  00004600    0000004c                                   : fflush.c.obj (.text:__TI_doflush)
                  0000464c    0000004c                                   : atoi.c.obj (.text:atoi)
                  00004698    0000004a                                   : _io_perm.c.obj (.text:__TI_rd_ok)
                  000046e2    00000002     --HOLE-- [fill = 0]
                  000046e4    00000048                                   : exit.c.obj (.text:exit)
                  0000472c    00000048                                   : fd_toi_t2.asm.obj (.text)
                  00004774    00000044                                   : hostclose.c.obj (.text:HOSTclose)
                  000047b8    00000044                                   : hostunlink.c.obj (.text:HOSTunlink)
                  000047fc    00000044                                   : autoinit.c.obj (.text:__TI_auto_init_nobinit_nopinit:__TI_auto_init_nobinit_nopinit)
                  00004840    00000044                                   : getdevice.c.obj (.text:getdevice)
                  00004884    0000003e                                   : _printfi.c.obj (.text:_fcpy)
                  000048c2    00000002     --HOLE-- [fill = 0]
                  000048c4    00000038                                   : trgmsg.c.obj (.text:__TI_writemsg)
                  000048fc    00000036                                   : strncpy.c.obj (.text:strncpy)
                  00004932    00000002     --HOLE-- [fill = 0]
                  00004934    00000034                                   : fopen.c.obj (.text:__TI_cleanup)
                  00004968    00000034                                   : trgmsg.c.obj (.text:__TI_readmsg)
                  0000499c    00000034                                   : boot_cortex_m.c.obj (.text:_c_int00_noargs:_c_int00_noargs)
                  000049d0    00000030                                   : getdevice.c.obj (.text:finddevice)
                  00004a00    0000002e                                   : i_tofd_t2.asm.obj (.text)
                  00004a2e    00000002     --HOLE-- [fill = 0]
                  00004a30    0000002c                                   : unlink.c.obj (.text:unlink)
                  00004a5c    00000028                                   : memory.c.obj (.text:free_list_insert)
                  00004a84    00000028                                   : lseek.c.obj (.text:lseek)
                  00004aac    00000028                                   : read.c.obj (.text:read)
                  00004ad4    00000028                                   : write.c.obj (.text:write)
                  00004afc    00000020                                   : memchr.c.obj (.text:memchr)
                  00004b1c    0000001c                                   : copy_zero_init.c.obj (.text:decompress:ZI:__TI_zero_init_nomemset:__TI_zero_init_nomemset)
                  00004b38    0000001c                                   : memory.c.obj (.text:free_list_remove)
                  00004b54    0000001c                                   : memccpy.c.obj (.text:memccpy)
                  00004b70    0000001a                                   : s_copysign.c.obj (.text:copysign)
                  00004b8a    00000018                                   : ll_mul_t2.asm.obj (.text)
                  00004ba2    00000018                                   : strcmp.c.obj (.text:strcmp)
                  00004bba    00000018                                   : strrchr.c.obj (.text:strrchr)
                  00004bd2    00000016                                   : strchr.c.obj (.text:strchr)
                  00004be8    00000014                                   : strcpy.c.obj (.text:strcpy)
                  00004bfc    00000014                                   : strlen.c.obj (.text:strlen)
                  00004c10    00000012                                   : wcslen.c.obj (.text:wcslen)
                  00004c22    0000000e                                   : copy_decompress_none.c.obj (.text:decompress:none:__TI_decompress_none)
                  00004c30    0000000e     startup_msp432p401r_ccs.obj (.text)
                  00004c3e    0000000a     rtsv7M4_T_le_v4SPD16_eabi.lib : fscanf.c.obj (.text:_uninpchar)
                  00004c48    00000008                                   : errno.c.obj (.text:__aeabi_errno_addr)
                  00004c50    00000008                                   : memory.c.obj (.text:malloc)
                  00004c58    00000006                                   : fscanf.c.obj (.text:_inpchar)
                  00004c5e    00000004                                   : printf.c.obj (.text:_outc)
                  00004c62    00000004                                   : printf.c.obj (.text:_outs)
                  00004c66    00000004                                   : pre_init.c.obj (.text:_system_pre_init)
                  00004c6a    00000004                                   : exit.c.obj (.text:abort:abort)

.const     0    00004c70    000001e0     
                  00004c70    00000101     rtsv7M4_T_le_v4SPD16_eabi.lib : ctype.c.obj (.const:.string:_ctypes_)
                  00004d71    00000007     --HOLE-- [fill = 0]
                  00004d78    000000c8                                   : strtod.c.obj (.const:$O1$$)
                  00004e40    00000010                                   : _scanfi.c.obj (.const:$O1$$)

.cinit     0    00004e50    00000098     
                  00004e50    0000006d     (.cinit..data.load) [load image, compression = lzss]
                  00004ebd    00000003     --HOLE-- [fill = 0]
                  00004ec0    0000000c     (__TI_handler_table)
                  00004ecc    00000004     --HOLE-- [fill = 0]
                  00004ed0    00000008     (.cinit..bss.load) [load image, compression = zero_init]
                  00004ed8    00000010     (__TI_cinit_table)

.init_array 
*          0    00000000    00000000     UNINITIALIZED

.binit     0    00000000    00000000     

.sysmem    0    20000000    00000400     UNINITIALIZED
                  20000000    00000010     rtsv7M4_T_le_v4SPD16_eabi.lib : memory.c.obj (.sysmem)
                  20000010    000003f0     --HOLE--

.data      0    20000400    000001ec     UNINITIALIZED
                  20000400    000000f0     rtsv7M4_T_le_v4SPD16_eabi.lib : defs.c.obj (.data:_ftable)
                  200004f0    00000078                                   : host_device.c.obj (.data:_device)
                  20000568    00000050                                   : host_device.c.obj (.data:_stream)
                  200005b8    00000010                                   : defs.c.obj (.data)
                  200005c8    0000000c                                   : exit.c.obj (.data:$O1$$)
                  200005d4    00000008                                   : _lock.c.obj (.data:$O1$$)
                  200005dc    00000008                                   : memory.c.obj (.data:$O1$$)
                  200005e4    00000004                                   : errno.c.obj (.data)
                  200005e8    00000004     system_msp432p401r.obj (.data)

.bss       0    200005ec    000001c8     UNINITIALIZED
                  200005ec    00000120     rtsv7M4_T_le_v4SPD16_eabi.lib : trgmsg.c.obj (.bss:_CIOBUF_)
                  2000070c    000000a0     (.common:__TI_tmpnams)
                  200007ac    00000008     (.common:parmbuf)

.stack     0    2000fe00    00000200     UNINITIALIZED
                  2000fe00    00000004     rtsv7M4_T_le_v4SPD16_eabi.lib : boot_cortex_m.c.obj (.stack)
                  2000fe04    000001fc     --HOLE--

__llvm_prf_cnts 
*          0    20000000    00000000     UNINITIALIZED

MODULE SUMMARY

       Module                        code    ro data   rw data
       ------                        ----    -------   -------
    .\
       morse.obj                     1464    0         0      
       system_msp432p401r.obj        820     0         8      
       startup_msp432p401r_ccs.obj   14      228       0      
    +--+-----------------------------+-------+---------+---------+
       Total:                        2298    228       8      
                                                              
    C:\ti\ccs1100\ccs\tools\compiler\ti-cgt-arm_20.2.5.LTS\lib\rtsv7M4_T_le_v4SPD16_eabi.lib
       _printfi.c.obj                4851    0         0      
       _scanfi.c.obj                 2836    16        0      
       strtod.c.obj                  1120    200       0      
       defs.c.obj                    0       0         832    
       memory.c.obj                  672     0         16     
       trgmsg.c.obj                  108     0         576    
       strtoll.c.obj                 476     0         0      
       fd_add_t2.asm.obj             438     0         0      
       host_device.c.obj             0       0         400    
       strtoull.c.obj                348     0         0      
       fd_div_t2.asm.obj             310     0         0      
       strtol.c.obj                  304     0         0      
       fputs.c.obj                   276     0         0      
       s_scalbn.c.obj                272     0         0      
       strtoul.c.obj                 272     0         0      
       fd_cmp_t2.asm.obj             268     0         0      
       ctype.c.obj                   0       257       0      
       fscanf.c.obj                  256     0         0      
       fd_mul_t2.asm.obj             252     0         0      
       setvbuf.c.obj                 220     0         0      
       _io_perm.c.obj                172     0         0      
       _bufread.c.obj                156     0         0      
       memcpy_t2.asm.obj             156     0         0      
       ull_div_t2.asm.obj            150     0         0      
       fputc.c.obj                   140     0         0      
       fgetc.c.obj                   132     0         0      
       ungetc.c.obj                  128     0         0      
       memset_t2.asm.obj             122     0         0      
       fclose.c.obj                  116     0         0      
       getdevice.c.obj               116     0         0      
       hostopen.c.obj                96      0         16     
       printf.c.obj                  112     0         0      
       fd_tos_t2.asm.obj             110     0         0      
       hostrename.c.obj              108     0         0      
       copy_decompress_lzss.c.obj    104     0         0      
       hostlseek.c.obj               104     0         0      
       exit.c.obj                    76      0         24     
       fseek.c.obj                   100     0         0      
       s_frexp.c.obj                 100     0         0      
       close.c.obj                   92      0         0      
       hostread.c.obj                88      0         0      
       hostwrite.c.obj               88      0         0      
       _ltoa.c.obj                   84      0         0      
       atoi.c.obj                    76      0         0      
       fflush.c.obj                  76      0         0      
       fd_toi_t2.asm.obj             72      0         0      
       autoinit.c.obj                68      0         0      
       hostclose.c.obj               68      0         0      
       hostunlink.c.obj              68      0         0      
       strncpy.c.obj                 54      0         0      
       boot_cortex_m.c.obj           52      0         0      
       fopen.c.obj                   52      0         0      
       i_tofd_t2.asm.obj             46      0         0      
       unlink.c.obj                  44      0         0      
       lseek.c.obj                   40      0         0      
       read.c.obj                    40      0         0      
       write.c.obj                   40      0         0      
       memchr.c.obj                  32      0         0      
       copy_zero_init.c.obj          28      0         0      
       memccpy.c.obj                 28      0         0      
       s_copysign.c.obj              26      0         0      
       ll_mul_t2.asm.obj             24      0         0      
       strcmp.c.obj                  24      0         0      
       strrchr.c.obj                 24      0         0      
       strchr.c.obj                  22      0         0      
       strcpy.c.obj                  20      0         0      
       strlen.c.obj                  20      0         0      
       _lock.c.obj                   2       0         16     
       wcslen.c.obj                  18      0         0      
       errno.c.obj                   8       0         8      
       copy_decompress_none.c.obj    14      0         0      
       pre_init.c.obj                4       0         0      
       div0.asm.obj                  2       0         0      
    +--+-----------------------------+-------+---------+---------+
       Total:                        17021   473       1888   
                                                              
       Heap:                         0       0         2048   
       Stack:                        0       0         1024   
       Linker Generated:             0       145       0      
    +--+-----------------------------+-------+---------+---------+
       Grand Total:                  19319   846       4968   


LINKER GENERATED COPY TABLES

__TI_cinit_table @ 00004ed8 records: 2, size/record: 8, table size: 16
	.data: load addr=00004e50, load size=0000006d bytes, run addr=20000400, run size=000001ec bytes, compression=lzss
	.bss: load addr=00004ed0, load size=00000008 bytes, run addr=200005ec, run size=000001c8 bytes, compression=zero_init


LINKER GENERATED HANDLER TABLE

__TI_handler_table @ 00004ec0 records: 3, size/record: 4, table size: 12
	index: 0, handler: __TI_decompress_lzss
	index: 1, handler: __TI_decompress_none
	index: 2, handler: __TI_zero_init


GLOBAL SYMBOLS: SORTED ALPHABETICALLY BY Name 

address   name                           
-------   ----                           
00004c3d  ADC14_IRQHandler               
00004c3d  AES256_IRQHandler              
00004c3d  BusFault_Handler               
00004c6b  C$$EXIT                        
000048f3  C$$IO$$                        
00004c3d  COMP_E0_IRQHandler             
00004c3d  COMP_E1_IRQHandler             
00004c3d  CS_IRQHandler                  
00004c3d  DMA_ERR_IRQHandler             
00004c3d  DMA_INT0_IRQHandler            
00004c3d  DMA_INT1_IRQHandler            
00004c3d  DMA_INT2_IRQHandler            
00004c3d  DMA_INT3_IRQHandler            
00004c3d  DebugMon_Handler               
00004c3d  Default_Handler                
00004c3d  EUSCIA0_IRQHandler             
00004c3d  EUSCIA1_IRQHandler             
00004c3d  EUSCIA2_IRQHandler             
00004c3d  EUSCIA3_IRQHandler             
00004c3d  EUSCIB0_IRQHandler             
00004c3d  EUSCIB1_IRQHandler             
00004c3d  EUSCIB2_IRQHandler             
00004c3d  EUSCIB3_IRQHandler             
00004c3d  FLCTL_IRQHandler               
00004c3d  FPU_IRQHandler                 
00004775  HOSTclose                      
000040cd  HOSTlseek                      
00004399  HOSTopen                       
00004455  HOSTread                       
00004061  HOSTrename                     
000047b9  HOSTunlink                     
000044ad  HOSTwrite                      
00004c3d  HardFault_Handler              
00004c3d  MemManage_Handler              
00004c3d  NMI_Handler                    
00004c3d  PCM_IRQHandler                 
00004c3d  PORT1_IRQHandler               
00004c3d  PORT2_IRQHandler               
00004c3d  PORT3_IRQHandler               
00004c3d  PORT4_IRQHandler               
00004c3d  PORT5_IRQHandler               
00004c3d  PORT6_IRQHandler               
00004c3d  PSS_IRQHandler                 
00004c3d  PendSV_Handler                 
00004c3d  RTC_C_IRQHandler               
00004c31  Reset_Handler                  
00004c3d  SVC_Handler                    
00004c3d  SysTick_Handler                
200005e8  SystemCoreClock                
00002061  SystemCoreClockUpdate          
000022d9  SystemInit                     
00004c3d  T32_INT1_IRQHandler            
00004c3d  T32_INT2_IRQHandler            
00004c3d  T32_INTC_IRQHandler            
00004c3d  TA0_0_IRQHandler               
00004c3d  TA0_N_IRQHandler               
00004c3d  TA1_0_IRQHandler               
00004c3d  TA1_N_IRQHandler               
00004c3d  TA2_0_IRQHandler               
00004c3d  TA2_N_IRQHandler               
00004c3d  TA3_0_IRQHandler               
00004c3d  TA3_N_IRQHandler               
00004c3d  UsageFault_Handler             
4000480c  WDTCTL_SYM                     
00004c3d  WDT_A_IRQHandler               
200005ec  __CIOBUF_                      
20010000  __STACK_END                    
00000200  __STACK_SIZE                   
00000400  __SYSMEM_SIZE                  
00004ed8  __TI_CINIT_Base                
00004ee8  __TI_CINIT_Limit               
00004ec0  __TI_Handler_Table_Base        
00004ecc  __TI_Handler_Table_Limit       
000047fd  __TI_auto_init_nobinit_nopinit 
00003931  __TI_buff_read                 
00004935  __TI_cleanup                   
200005c8  __TI_cleanup_ptr               
00003ea1  __TI_closefile                 
00004135  __TI_decompress_lzss           
00004c23  __TI_decompress_none           
00004601  __TI_doflush                   
200005cc  __TI_dtors_ptr                 
200005d0  __TI_enable_exit_profile_output
200005b8  __TI_ft_end                    
0000455b  __TI_ltoa                      
ffffffff  __TI_pprof_out_hndl            
00000bf9  __TI_printfi                   
ffffffff  __TI_prof_data_size            
ffffffff  __TI_prof_data_start           
00004699  __TI_rd_ok                     
00004969  __TI_readmsg                   
000000e5  __TI_scanfi                    
00000000  __TI_static_base__             
2000070c  __TI_tmpnams                   
000048c5  __TI_writemsg                  
00004335  __TI_wrt_ok                    
00004b1d  __TI_zero_init_nomemset        
00003c15  __aeabi_cdcmpeq                
00003c15  __aeabi_cdcmple                
00003c9b  __aeabi_cdrcmple               
00003ff3  __aeabi_d2f                    
0000472d  __aeabi_d2iz                   
000029bb  __aeabi_dadd                   
00002e01  __aeabi_ddiv                   
000035c1  __aeabi_dmul                   
000029b1  __aeabi_dsub                   
00004c49  __aeabi_errno_addr             
00004a01  __aeabi_i2d                    
00002b67  __aeabi_idiv0                  
00002b67  __aeabi_ldiv0                  
00004b8b  __aeabi_lmul                   
00003e25  __aeabi_memclr                 
00003e25  __aeabi_memclr4                
00003e25  __aeabi_memclr8                
000039cd  __aeabi_memcpy                 
000039cd  __aeabi_memcpy4                
000039cd  __aeabi_memcpy8                
00003e27  __aeabi_memset                 
00003e27  __aeabi_memset4                
00003e27  __aeabi_memset8                
200005c4  __aeabi_stderr                 
200005bc  __aeabi_stdin                  
200005c0  __aeabi_stdout                 
00003a69  __aeabi_uldivmod               
ffffffff  __binit__                      
ffffffff  __c_args__                     
UNDEFED   __mpu_init                     
2000fe00  __stack                        
20000000  __start___llvm_prf_cnts        
20000000  __stop___llvm_prf_cnts         
0000499d  _c_int00_noargs                
00004c70  _ctypes_                       
200004f0  _device                        
20000400  _ftable                        
200005d4  _lock                          
00001647  _nop                           
20000568  _stream                        
20000000  _sys_memory                    
UNDEFED   _system_post_cinit             
00004c67  _system_pre_init               
200005d8  _unlock                        
00004c6b  abort                          
000034c1  aligned_alloc                  
0000464d  atoi                           
ffffffff  binit                          
000043f9  close                          
00004b71  copysign                       
00004b71  copysignl                      
200005e4  errno                          
000046e5  exit                           
00003d21  fgetc                          
000049d1  finddevice                     
00003b01  fputc                          
0000318d  fputs                          
000036bd  free                           
0000426d  frexp                          
0000426d  frexpl                         
000042d1  fseek                          
000016d9  get_morse                      
00003d21  getc                           
00004841  getdevice                      
00000000  interruptVectors               
000032a1  ldexp                          
000032a1  ldexpl                         
00004a85  lseek                          
00001649  main                           
00004c51  malloc                         
000034c1  memalign                       
00004b55  memccpy                        
00004afd  memchr                         
000039cd  memcpy                         
00003e2d  memset                         
00001abd  morse_out                      
200007ac  parmbuf                        
0000419d  printf                         
00003b01  putc                           
00004aad  read                           
00001687  read_character                 
00004a31  remove                         
000032a1  scalbn                         
000032a1  scalbnl                        
00004205  scanf                          
00001671  setup_led                      
000037a1  setvbuf                        
00004bd3  strchr                         
00004ba3  strcmp                         
00004be9  strcpy                         
00004bfd  strlen                         
000048fd  strncpy                        
00004bbb  strrchr                        
00001c01  strtod                         
00002f39  strtol                         
00001c01  strtold                        
00002605  strtoll                        
000033b1  strtoul                        
00002b69  strtoull                       
00003da5  ungetc                         
00004a31  unlink                         
00004c11  wcslen                         
00004ad5  write                          


GLOBAL SYMBOLS: SORTED BY Symbol Address 

address   name                           
-------   ----                           
00000000  __TI_static_base__             
00000000  interruptVectors               
000000e5  __TI_scanfi                    
00000200  __STACK_SIZE                   
00000400  __SYSMEM_SIZE                  
00000bf9  __TI_printfi                   
00001647  _nop                           
00001649  main                           
00001671  setup_led                      
00001687  read_character                 
000016d9  get_morse                      
00001abd  morse_out                      
00001c01  strtod                         
00001c01  strtold                        
00002061  SystemCoreClockUpdate          
000022d9  SystemInit                     
00002605  strtoll                        
000029b1  __aeabi_dsub                   
000029bb  __aeabi_dadd                   
00002b67  __aeabi_idiv0                  
00002b67  __aeabi_ldiv0                  
00002b69  strtoull                       
00002e01  __aeabi_ddiv                   
00002f39  strtol                         
0000318d  fputs                          
000032a1  ldexp                          
000032a1  ldexpl                         
000032a1  scalbn                         
000032a1  scalbnl                        
000033b1  strtoul                        
000034c1  aligned_alloc                  
000034c1  memalign                       
000035c1  __aeabi_dmul                   
000036bd  free                           
000037a1  setvbuf                        
00003931  __TI_buff_read                 
000039cd  __aeabi_memcpy                 
000039cd  __aeabi_memcpy4                
000039cd  __aeabi_memcpy8                
000039cd  memcpy                         
00003a69  __aeabi_uldivmod               
00003b01  fputc                          
00003b01  putc                           
00003c15  __aeabi_cdcmpeq                
00003c15  __aeabi_cdcmple                
00003c9b  __aeabi_cdrcmple               
00003d21  fgetc                          
00003d21  getc                           
00003da5  ungetc                         
00003e25  __aeabi_memclr                 
00003e25  __aeabi_memclr4                
00003e25  __aeabi_memclr8                
00003e27  __aeabi_memset                 
00003e27  __aeabi_memset4                
00003e27  __aeabi_memset8                
00003e2d  memset                         
00003ea1  __TI_closefile                 
00003ff3  __aeabi_d2f                    
00004061  HOSTrename                     
000040cd  HOSTlseek                      
00004135  __TI_decompress_lzss           
0000419d  printf                         
00004205  scanf                          
0000426d  frexp                          
0000426d  frexpl                         
000042d1  fseek                          
00004335  __TI_wrt_ok                    
00004399  HOSTopen                       
000043f9  close                          
00004455  HOSTread                       
000044ad  HOSTwrite                      
0000455b  __TI_ltoa                      
00004601  __TI_doflush                   
0000464d  atoi                           
00004699  __TI_rd_ok                     
000046e5  exit                           
0000472d  __aeabi_d2iz                   
00004775  HOSTclose                      
000047b9  HOSTunlink                     
000047fd  __TI_auto_init_nobinit_nopinit 
00004841  getdevice                      
000048c5  __TI_writemsg                  
000048f3  C$$IO$$                        
000048fd  strncpy                        
00004935  __TI_cleanup                   
00004969  __TI_readmsg                   
0000499d  _c_int00_noargs                
000049d1  finddevice                     
00004a01  __aeabi_i2d                    
00004a31  remove                         
00004a31  unlink                         
00004a85  lseek                          
00004aad  read                           
00004ad5  write                          
00004afd  memchr                         
00004b1d  __TI_zero_init_nomemset        
00004b55  memccpy                        
00004b71  copysign                       
00004b71  copysignl                      
00004b8b  __aeabi_lmul                   
00004ba3  strcmp                         
00004bbb  strrchr                        
00004bd3  strchr                         
00004be9  strcpy                         
00004bfd  strlen                         
00004c11  wcslen                         
00004c23  __TI_decompress_none           
00004c31  Reset_Handler                  
00004c3d  ADC14_IRQHandler               
00004c3d  AES256_IRQHandler              
00004c3d  BusFault_Handler               
00004c3d  COMP_E0_IRQHandler             
00004c3d  COMP_E1_IRQHandler             
00004c3d  CS_IRQHandler                  
00004c3d  DMA_ERR_IRQHandler             
00004c3d  DMA_INT0_IRQHandler            
00004c3d  DMA_INT1_IRQHandler            
00004c3d  DMA_INT2_IRQHandler            
00004c3d  DMA_INT3_IRQHandler            
00004c3d  DebugMon_Handler               
00004c3d  Default_Handler                
00004c3d  EUSCIA0_IRQHandler             
00004c3d  EUSCIA1_IRQHandler             
00004c3d  EUSCIA2_IRQHandler             
00004c3d  EUSCIA3_IRQHandler             
00004c3d  EUSCIB0_IRQHandler             
00004c3d  EUSCIB1_IRQHandler             
00004c3d  EUSCIB2_IRQHandler             
00004c3d  EUSCIB3_IRQHandler             
00004c3d  FLCTL_IRQHandler               
00004c3d  FPU_IRQHandler                 
00004c3d  HardFault_Handler              
00004c3d  MemManage_Handler              
00004c3d  NMI_Handler                    
00004c3d  PCM_IRQHandler                 
00004c3d  PORT1_IRQHandler               
00004c3d  PORT2_IRQHandler               
00004c3d  PORT3_IRQHandler               
00004c3d  PORT4_IRQHandler               
00004c3d  PORT5_IRQHandler               
00004c3d  PORT6_IRQHandler               
00004c3d  PSS_IRQHandler                 
00004c3d  PendSV_Handler                 
00004c3d  RTC_C_IRQHandler               
00004c3d  SVC_Handler                    
00004c3d  SysTick_Handler                
00004c3d  T32_INT1_IRQHandler            
00004c3d  T32_INT2_IRQHandler            
00004c3d  T32_INTC_IRQHandler            
00004c3d  TA0_0_IRQHandler               
00004c3d  TA0_N_IRQHandler               
00004c3d  TA1_0_IRQHandler               
00004c3d  TA1_N_IRQHandler               
00004c3d  TA2_0_IRQHandler               
00004c3d  TA2_N_IRQHandler               
00004c3d  TA3_0_IRQHandler               
00004c3d  TA3_N_IRQHandler               
00004c3d  UsageFault_Handler             
00004c3d  WDT_A_IRQHandler               
00004c49  __aeabi_errno_addr             
00004c51  malloc                         
00004c67  _system_pre_init               
00004c6b  C$$EXIT                        
00004c6b  abort                          
00004c70  _ctypes_                       
00004ec0  __TI_Handler_Table_Base        
00004ecc  __TI_Handler_Table_Limit       
00004ed8  __TI_CINIT_Base                
00004ee8  __TI_CINIT_Limit               
20000000  __start___llvm_prf_cnts        
20000000  __stop___llvm_prf_cnts         
20000000  _sys_memory                    
20000400  _ftable                        
200004f0  _device                        
20000568  _stream                        
200005b8  __TI_ft_end                    
200005bc  __aeabi_stdin                  
200005c0  __aeabi_stdout                 
200005c4  __aeabi_stderr                 
200005c8  __TI_cleanup_ptr               
200005cc  __TI_dtors_ptr                 
200005d0  __TI_enable_exit_profile_output
200005d4  _lock                          
200005d8  _unlock                        
200005e4  errno                          
200005e8  SystemCoreClock                
200005ec  __CIOBUF_                      
2000070c  __TI_tmpnams                   
200007ac  parmbuf                        
2000fe00  __stack                        
20010000  __STACK_END                    
4000480c  WDTCTL_SYM                     
ffffffff  __TI_pprof_out_hndl            
ffffffff  __TI_prof_data_size            
ffffffff  __TI_prof_data_start           
ffffffff  __binit__                      
ffffffff  __c_args__                     
ffffffff  binit                          
UNDEFED   __mpu_init                     
UNDEFED   _system_post_cinit             

[200 symbols]
