<?xml version="1.0" encoding="ISO-8859-1" ?>
<link_info>
   <banner>TI ARM Linker PC v20.2.5.LTS</banner>
   <copyright>Copyright (c) 1996-2018 Texas Instruments Incorporated</copyright>
   <link_time>0x61a7d4f9</link_time>
   <link_errors>0x0</link_errors>
   <output_file>lab01_my_first_project.out</output_file>
   <entry_point>
      <name>_c_int00_noargs</name>
      <address>0x2c29</address>
   </entry_point>
   <input_file_list>
      <input_file id="fl-2">
         <path>.\</path>
         <kind>object</kind>
         <file>blink.obj</file>
         <name>blink.obj</name>
      </input_file>
      <input_file id="fl-3">
         <path>.\</path>
         <kind>object</kind>
         <file>startup_msp432p401r_ccs.obj</file>
         <name>startup_msp432p401r_ccs.obj</name>
      </input_file>
      <input_file id="fl-4">
         <path>.\</path>
         <kind>object</kind>
         <file>system_msp432p401r.obj</file>
         <name>system_msp432p401r.obj</name>
      </input_file>
      <input_file id="fl-8">
         <kind>object</kind>
         <file>&lt;internal&gt;</file>
         <name>&lt;internal&gt;</name>
      </input_file>
      <input_file id="fl-be">
         <path>C:\ti\ccs1100\ccs\tools\compiler\ti-cgt-arm_20.2.5.LTS\lib\</path>
         <kind>archive</kind>
         <file>rtsv7M4_T_le_v4SPD16_eabi.lib</file>
         <name>printf.c.obj</name>
      </input_file>
      <input_file id="fl-bf">
         <path>C:\ti\ccs1100\ccs\tools\compiler\ti-cgt-arm_20.2.5.LTS\lib\</path>
         <kind>archive</kind>
         <file>rtsv7M4_T_le_v4SPD16_eabi.lib</file>
         <name>_printfi.c.obj</name>
      </input_file>
      <input_file id="fl-c0">
         <path>C:\ti\ccs1100\ccs\tools\compiler\ti-cgt-arm_20.2.5.LTS\lib\</path>
         <kind>archive</kind>
         <file>rtsv7M4_T_le_v4SPD16_eabi.lib</file>
         <name>fputc.c.obj</name>
      </input_file>
      <input_file id="fl-c1">
         <path>C:\ti\ccs1100\ccs\tools\compiler\ti-cgt-arm_20.2.5.LTS\lib\</path>
         <kind>archive</kind>
         <file>rtsv7M4_T_le_v4SPD16_eabi.lib</file>
         <name>fputs.c.obj</name>
      </input_file>
      <input_file id="fl-c2">
         <path>C:\ti\ccs1100\ccs\tools\compiler\ti-cgt-arm_20.2.5.LTS\lib\</path>
         <kind>archive</kind>
         <file>rtsv7M4_T_le_v4SPD16_eabi.lib</file>
         <name>_io_perm.c.obj</name>
      </input_file>
      <input_file id="fl-c3">
         <path>C:\ti\ccs1100\ccs\tools\compiler\ti-cgt-arm_20.2.5.LTS\lib\</path>
         <kind>archive</kind>
         <file>rtsv7M4_T_le_v4SPD16_eabi.lib</file>
         <name>setvbuf.c.obj</name>
      </input_file>
      <input_file id="fl-c4">
         <path>C:\ti\ccs1100\ccs\tools\compiler\ti-cgt-arm_20.2.5.LTS\lib\</path>
         <kind>archive</kind>
         <file>rtsv7M4_T_le_v4SPD16_eabi.lib</file>
         <name>s_frexp.c.obj</name>
      </input_file>
      <input_file id="fl-c5">
         <path>C:\ti\ccs1100\ccs\tools\compiler\ti-cgt-arm_20.2.5.LTS\lib\</path>
         <kind>archive</kind>
         <file>rtsv7M4_T_le_v4SPD16_eabi.lib</file>
         <name>s_scalbn.c.obj</name>
      </input_file>
      <input_file id="fl-c6">
         <path>C:\ti\ccs1100\ccs\tools\compiler\ti-cgt-arm_20.2.5.LTS\lib\</path>
         <kind>archive</kind>
         <file>rtsv7M4_T_le_v4SPD16_eabi.lib</file>
         <name>wcslen.c.obj</name>
      </input_file>
      <input_file id="fl-c7">
         <path>C:\ti\ccs1100\ccs\tools\compiler\ti-cgt-arm_20.2.5.LTS\lib\</path>
         <kind>archive</kind>
         <file>rtsv7M4_T_le_v4SPD16_eabi.lib</file>
         <name>fd_add_t2.asm.obj</name>
      </input_file>
      <input_file id="fl-c8">
         <path>C:\ti\ccs1100\ccs\tools\compiler\ti-cgt-arm_20.2.5.LTS\lib\</path>
         <kind>archive</kind>
         <file>rtsv7M4_T_le_v4SPD16_eabi.lib</file>
         <name>fd_cmp_t2.asm.obj</name>
      </input_file>
      <input_file id="fl-c9">
         <path>C:\ti\ccs1100\ccs\tools\compiler\ti-cgt-arm_20.2.5.LTS\lib\</path>
         <kind>archive</kind>
         <file>rtsv7M4_T_le_v4SPD16_eabi.lib</file>
         <name>fd_div_t2.asm.obj</name>
      </input_file>
      <input_file id="fl-ca">
         <path>C:\ti\ccs1100\ccs\tools\compiler\ti-cgt-arm_20.2.5.LTS\lib\</path>
         <kind>archive</kind>
         <file>rtsv7M4_T_le_v4SPD16_eabi.lib</file>
         <name>fd_mul_t2.asm.obj</name>
      </input_file>
      <input_file id="fl-cb">
         <path>C:\ti\ccs1100\ccs\tools\compiler\ti-cgt-arm_20.2.5.LTS\lib\</path>
         <kind>archive</kind>
         <file>rtsv7M4_T_le_v4SPD16_eabi.lib</file>
         <name>fd_toi_t2.asm.obj</name>
      </input_file>
      <input_file id="fl-cc">
         <path>C:\ti\ccs1100\ccs\tools\compiler\ti-cgt-arm_20.2.5.LTS\lib\</path>
         <kind>archive</kind>
         <file>rtsv7M4_T_le_v4SPD16_eabi.lib</file>
         <name>i_tofd_t2.asm.obj</name>
      </input_file>
      <input_file id="fl-cd">
         <path>C:\ti\ccs1100\ccs\tools\compiler\ti-cgt-arm_20.2.5.LTS\lib\</path>
         <kind>archive</kind>
         <file>rtsv7M4_T_le_v4SPD16_eabi.lib</file>
         <name>memcpy_t2.asm.obj</name>
      </input_file>
      <input_file id="fl-ce">
         <path>C:\ti\ccs1100\ccs\tools\compiler\ti-cgt-arm_20.2.5.LTS\lib\</path>
         <kind>archive</kind>
         <file>rtsv7M4_T_le_v4SPD16_eabi.lib</file>
         <name>ull_div_t2.asm.obj</name>
      </input_file>
      <input_file id="fl-cf">
         <path>C:\ti\ccs1100\ccs\tools\compiler\ti-cgt-arm_20.2.5.LTS\lib\</path>
         <kind>archive</kind>
         <file>rtsv7M4_T_le_v4SPD16_eabi.lib</file>
         <name>memset_t2.asm.obj</name>
      </input_file>
      <input_file id="fl-d0">
         <path>C:\ti\ccs1100\ccs\tools\compiler\ti-cgt-arm_20.2.5.LTS\lib\</path>
         <kind>archive</kind>
         <file>rtsv7M4_T_le_v4SPD16_eabi.lib</file>
         <name>copy_zero_init.c.obj</name>
      </input_file>
      <input_file id="fl-d1">
         <path>C:\ti\ccs1100\ccs\tools\compiler\ti-cgt-arm_20.2.5.LTS\lib\</path>
         <kind>archive</kind>
         <file>rtsv7M4_T_le_v4SPD16_eabi.lib</file>
         <name>copy_decompress_none.c.obj</name>
      </input_file>
      <input_file id="fl-d2">
         <path>C:\ti\ccs1100\ccs\tools\compiler\ti-cgt-arm_20.2.5.LTS\lib\</path>
         <kind>archive</kind>
         <file>rtsv7M4_T_le_v4SPD16_eabi.lib</file>
         <name>copy_decompress_lzss.c.obj</name>
      </input_file>
      <input_file id="fl-d3">
         <path>C:\ti\ccs1100\ccs\tools\compiler\ti-cgt-arm_20.2.5.LTS\lib\</path>
         <kind>archive</kind>
         <file>rtsv7M4_T_le_v4SPD16_eabi.lib</file>
         <name>exit.c.obj</name>
      </input_file>
      <input_file id="fl-d4">
         <path>C:\ti\ccs1100\ccs\tools\compiler\ti-cgt-arm_20.2.5.LTS\lib\</path>
         <kind>archive</kind>
         <file>rtsv7M4_T_le_v4SPD16_eabi.lib</file>
         <name>_lock.c.obj</name>
      </input_file>
      <input_file id="fl-d5">
         <path>C:\ti\ccs1100\ccs\tools\compiler\ti-cgt-arm_20.2.5.LTS\lib\</path>
         <kind>archive</kind>
         <file>rtsv7M4_T_le_v4SPD16_eabi.lib</file>
         <name>_ltoa.c.obj</name>
      </input_file>
      <input_file id="fl-d6">
         <path>C:\ti\ccs1100\ccs\tools\compiler\ti-cgt-arm_20.2.5.LTS\lib\</path>
         <kind>archive</kind>
         <file>rtsv7M4_T_le_v4SPD16_eabi.lib</file>
         <name>atoi.c.obj</name>
      </input_file>
      <input_file id="fl-d7">
         <path>C:\ti\ccs1100\ccs\tools\compiler\ti-cgt-arm_20.2.5.LTS\lib\</path>
         <kind>archive</kind>
         <file>rtsv7M4_T_le_v4SPD16_eabi.lib</file>
         <name>ctype.c.obj</name>
      </input_file>
      <input_file id="fl-d8">
         <path>C:\ti\ccs1100\ccs\tools\compiler\ti-cgt-arm_20.2.5.LTS\lib\</path>
         <kind>archive</kind>
         <file>rtsv7M4_T_le_v4SPD16_eabi.lib</file>
         <name>defs.c.obj</name>
      </input_file>
      <input_file id="fl-d9">
         <path>C:\ti\ccs1100\ccs\tools\compiler\ti-cgt-arm_20.2.5.LTS\lib\</path>
         <kind>archive</kind>
         <file>rtsv7M4_T_le_v4SPD16_eabi.lib</file>
         <name>memccpy.c.obj</name>
      </input_file>
      <input_file id="fl-da">
         <path>C:\ti\ccs1100\ccs\tools\compiler\ti-cgt-arm_20.2.5.LTS\lib\</path>
         <kind>archive</kind>
         <file>rtsv7M4_T_le_v4SPD16_eabi.lib</file>
         <name>memchr.c.obj</name>
      </input_file>
      <input_file id="fl-db">
         <path>C:\ti\ccs1100\ccs\tools\compiler\ti-cgt-arm_20.2.5.LTS\lib\</path>
         <kind>archive</kind>
         <file>rtsv7M4_T_le_v4SPD16_eabi.lib</file>
         <name>memory.c.obj</name>
      </input_file>
      <input_file id="fl-dc">
         <path>C:\ti\ccs1100\ccs\tools\compiler\ti-cgt-arm_20.2.5.LTS\lib\</path>
         <kind>archive</kind>
         <file>rtsv7M4_T_le_v4SPD16_eabi.lib</file>
         <name>strchr.c.obj</name>
      </input_file>
      <input_file id="fl-dd">
         <path>C:\ti\ccs1100\ccs\tools\compiler\ti-cgt-arm_20.2.5.LTS\lib\</path>
         <kind>archive</kind>
         <file>rtsv7M4_T_le_v4SPD16_eabi.lib</file>
         <name>strlen.c.obj</name>
      </input_file>
      <input_file id="fl-de">
         <path>C:\ti\ccs1100\ccs\tools\compiler\ti-cgt-arm_20.2.5.LTS\lib\</path>
         <kind>archive</kind>
         <file>rtsv7M4_T_le_v4SPD16_eabi.lib</file>
         <name>errno.c.obj</name>
      </input_file>
      <input_file id="fl-df">
         <path>C:\ti\ccs1100\ccs\tools\compiler\ti-cgt-arm_20.2.5.LTS\lib\</path>
         <kind>archive</kind>
         <file>rtsv7M4_T_le_v4SPD16_eabi.lib</file>
         <name>boot_cortex_m.c.obj</name>
      </input_file>
      <input_file id="fl-e0">
         <path>C:\ti\ccs1100\ccs\tools\compiler\ti-cgt-arm_20.2.5.LTS\lib\</path>
         <kind>archive</kind>
         <file>rtsv7M4_T_le_v4SPD16_eabi.lib</file>
         <name>write.c.obj</name>
      </input_file>
      <input_file id="fl-e1">
         <path>C:\ti\ccs1100\ccs\tools\compiler\ti-cgt-arm_20.2.5.LTS\lib\</path>
         <kind>archive</kind>
         <file>rtsv7M4_T_le_v4SPD16_eabi.lib</file>
         <name>host_device.c.obj</name>
      </input_file>
      <input_file id="fl-e2">
         <path>C:\ti\ccs1100\ccs\tools\compiler\ti-cgt-arm_20.2.5.LTS\lib\</path>
         <kind>archive</kind>
         <file>rtsv7M4_T_le_v4SPD16_eabi.lib</file>
         <name>fflush.c.obj</name>
      </input_file>
      <input_file id="fl-e3">
         <path>C:\ti\ccs1100\ccs\tools\compiler\ti-cgt-arm_20.2.5.LTS\lib\</path>
         <kind>archive</kind>
         <file>rtsv7M4_T_le_v4SPD16_eabi.lib</file>
         <name>fopen.c.obj</name>
      </input_file>
      <input_file id="fl-e4">
         <path>C:\ti\ccs1100\ccs\tools\compiler\ti-cgt-arm_20.2.5.LTS\lib\</path>
         <kind>archive</kind>
         <file>rtsv7M4_T_le_v4SPD16_eabi.lib</file>
         <name>fseek.c.obj</name>
      </input_file>
      <input_file id="fl-e5">
         <path>C:\ti\ccs1100\ccs\tools\compiler\ti-cgt-arm_20.2.5.LTS\lib\</path>
         <kind>archive</kind>
         <file>rtsv7M4_T_le_v4SPD16_eabi.lib</file>
         <name>s_copysign.c.obj</name>
      </input_file>
      <input_file id="fl-e6">
         <path>C:\ti\ccs1100\ccs\tools\compiler\ti-cgt-arm_20.2.5.LTS\lib\</path>
         <kind>archive</kind>
         <file>rtsv7M4_T_le_v4SPD16_eabi.lib</file>
         <name>div0.asm.obj</name>
      </input_file>
      <input_file id="fl-e7">
         <path>C:\ti\ccs1100\ccs\tools\compiler\ti-cgt-arm_20.2.5.LTS\lib\</path>
         <kind>archive</kind>
         <file>rtsv7M4_T_le_v4SPD16_eabi.lib</file>
         <name>autoinit.c.obj</name>
      </input_file>
      <input_file id="fl-e8">
         <path>C:\ti\ccs1100\ccs\tools\compiler\ti-cgt-arm_20.2.5.LTS\lib\</path>
         <kind>archive</kind>
         <file>rtsv7M4_T_le_v4SPD16_eabi.lib</file>
         <name>pre_init.c.obj</name>
      </input_file>
      <input_file id="fl-e9">
         <path>C:\ti\ccs1100\ccs\tools\compiler\ti-cgt-arm_20.2.5.LTS\lib\</path>
         <kind>archive</kind>
         <file>rtsv7M4_T_le_v4SPD16_eabi.lib</file>
         <name>cpy_tbl.c.obj</name>
      </input_file>
      <input_file id="fl-ea">
         <path>C:\ti\ccs1100\ccs\tools\compiler\ti-cgt-arm_20.2.5.LTS\lib\</path>
         <kind>archive</kind>
         <file>rtsv7M4_T_le_v4SPD16_eabi.lib</file>
         <name>args_main.c.obj</name>
      </input_file>
      <input_file id="fl-eb">
         <path>C:\ti\ccs1100\ccs\tools\compiler\ti-cgt-arm_20.2.5.LTS\lib\</path>
         <kind>archive</kind>
         <file>rtsv7M4_T_le_v4SPD16_eabi.lib</file>
         <name>hostclose.c.obj</name>
      </input_file>
      <input_file id="fl-ec">
         <path>C:\ti\ccs1100\ccs\tools\compiler\ti-cgt-arm_20.2.5.LTS\lib\</path>
         <kind>archive</kind>
         <file>rtsv7M4_T_le_v4SPD16_eabi.lib</file>
         <name>hostlseek.c.obj</name>
      </input_file>
      <input_file id="fl-ed">
         <path>C:\ti\ccs1100\ccs\tools\compiler\ti-cgt-arm_20.2.5.LTS\lib\</path>
         <kind>archive</kind>
         <file>rtsv7M4_T_le_v4SPD16_eabi.lib</file>
         <name>hostopen.c.obj</name>
      </input_file>
      <input_file id="fl-ee">
         <path>C:\ti\ccs1100\ccs\tools\compiler\ti-cgt-arm_20.2.5.LTS\lib\</path>
         <kind>archive</kind>
         <file>rtsv7M4_T_le_v4SPD16_eabi.lib</file>
         <name>hostread.c.obj</name>
      </input_file>
      <input_file id="fl-ef">
         <path>C:\ti\ccs1100\ccs\tools\compiler\ti-cgt-arm_20.2.5.LTS\lib\</path>
         <kind>archive</kind>
         <file>rtsv7M4_T_le_v4SPD16_eabi.lib</file>
         <name>hostrename.c.obj</name>
      </input_file>
      <input_file id="fl-f0">
         <path>C:\ti\ccs1100\ccs\tools\compiler\ti-cgt-arm_20.2.5.LTS\lib\</path>
         <kind>archive</kind>
         <file>rtsv7M4_T_le_v4SPD16_eabi.lib</file>
         <name>hostunlink.c.obj</name>
      </input_file>
      <input_file id="fl-f1">
         <path>C:\ti\ccs1100\ccs\tools\compiler\ti-cgt-arm_20.2.5.LTS\lib\</path>
         <kind>archive</kind>
         <file>rtsv7M4_T_le_v4SPD16_eabi.lib</file>
         <name>hostwrite.c.obj</name>
      </input_file>
      <input_file id="fl-f2">
         <path>C:\ti\ccs1100\ccs\tools\compiler\ti-cgt-arm_20.2.5.LTS\lib\</path>
         <kind>archive</kind>
         <file>rtsv7M4_T_le_v4SPD16_eabi.lib</file>
         <name>trgmsg.c.obj</name>
      </input_file>
      <input_file id="fl-f3">
         <path>C:\ti\ccs1100\ccs\tools\compiler\ti-cgt-arm_20.2.5.LTS\lib\</path>
         <kind>archive</kind>
         <file>rtsv7M4_T_le_v4SPD16_eabi.lib</file>
         <name>open.c.obj</name>
      </input_file>
      <input_file id="fl-f4">
         <path>C:\ti\ccs1100\ccs\tools\compiler\ti-cgt-arm_20.2.5.LTS\lib\</path>
         <kind>archive</kind>
         <file>rtsv7M4_T_le_v4SPD16_eabi.lib</file>
         <name>lseek.c.obj</name>
      </input_file>
      <input_file id="fl-f5">
         <path>C:\ti\ccs1100\ccs\tools\compiler\ti-cgt-arm_20.2.5.LTS\lib\</path>
         <kind>archive</kind>
         <file>rtsv7M4_T_le_v4SPD16_eabi.lib</file>
         <name>fclose.c.obj</name>
      </input_file>
      <input_file id="fl-f6">
         <path>C:\ti\ccs1100\ccs\tools\compiler\ti-cgt-arm_20.2.5.LTS\lib\</path>
         <kind>archive</kind>
         <file>rtsv7M4_T_le_v4SPD16_eabi.lib</file>
         <name>getdevice.c.obj</name>
      </input_file>
      <input_file id="fl-f7">
         <path>C:\ti\ccs1100\ccs\tools\compiler\ti-cgt-arm_20.2.5.LTS\lib\</path>
         <kind>archive</kind>
         <file>rtsv7M4_T_le_v4SPD16_eabi.lib</file>
         <name>strcmp.c.obj</name>
      </input_file>
      <input_file id="fl-f8">
         <path>C:\ti\ccs1100\ccs\tools\compiler\ti-cgt-arm_20.2.5.LTS\lib\</path>
         <kind>archive</kind>
         <file>rtsv7M4_T_le_v4SPD16_eabi.lib</file>
         <name>strcpy.c.obj</name>
      </input_file>
      <input_file id="fl-f9">
         <path>C:\ti\ccs1100\ccs\tools\compiler\ti-cgt-arm_20.2.5.LTS\lib\</path>
         <kind>archive</kind>
         <file>rtsv7M4_T_le_v4SPD16_eabi.lib</file>
         <name>strncpy.c.obj</name>
      </input_file>
      <input_file id="fl-fa">
         <path>C:\ti\ccs1100\ccs\tools\compiler\ti-cgt-arm_20.2.5.LTS\lib\</path>
         <kind>archive</kind>
         <file>rtsv7M4_T_le_v4SPD16_eabi.lib</file>
         <name>remove.c.obj</name>
      </input_file>
      <input_file id="fl-fb">
         <path>C:\ti\ccs1100\ccs\tools\compiler\ti-cgt-arm_20.2.5.LTS\lib\</path>
         <kind>archive</kind>
         <file>rtsv7M4_T_le_v4SPD16_eabi.lib</file>
         <name>close.c.obj</name>
      </input_file>
      <input_file id="fl-fc">
         <path>C:\ti\ccs1100\ccs\tools\compiler\ti-cgt-arm_20.2.5.LTS\lib\</path>
         <kind>archive</kind>
         <file>rtsv7M4_T_le_v4SPD16_eabi.lib</file>
         <name>unlink.c.obj</name>
      </input_file>
   </input_file_list>
   <object_component_list>
      <object_component id="oc-26">
         <name>.intvecs:retain</name>
         <load_address>0x0</load_address>
         <run_address>0x0</run_address>
         <size>0xe4</size>
         <input_file_ref idref="fl-3"/>
      </object_component>
      <object_component id="oc-12a">
         <name>.text:__TI_printfi</name>
         <load_address>0xe4</load_address>
         <run_address>0xe4</run_address>
         <size>0xa4e</size>
         <input_file_ref idref="fl-bf"/>
      </object_component>
      <object_component id="oc-1c1">
         <name>.text:_nop</name>
         <load_address>0xb32</load_address>
         <run_address>0xb32</run_address>
         <size>0x2</size>
         <input_file_ref idref="fl-d4"/>
      </object_component>
      <object_component id="oc-ac">
         <name>.text</name>
         <load_address>0xb34</load_address>
         <run_address>0xb34</run_address>
         <size>0x334</size>
         <input_file_ref idref="fl-4"/>
      </object_component>
      <object_component id="oc-19d">
         <name>.text:_pconv_a</name>
         <load_address>0xe68</load_address>
         <run_address>0xe68</run_address>
         <size>0x270</size>
         <input_file_ref idref="fl-bf"/>
      </object_component>
      <object_component id="oc-18b">
         <name>.text:_pconv_g</name>
         <load_address>0x10d8</load_address>
         <run_address>0x10d8</run_address>
         <size>0x1d0</size>
         <input_file_ref idref="fl-bf"/>
      </object_component>
      <object_component id="oc-228">
         <name>.text</name>
         <load_address>0x12a8</load_address>
         <run_address>0x12a8</run_address>
         <size>0x1b6</size>
         <input_file_ref idref="fl-c7"/>
      </object_component>
      <object_component id="oc-2ae">
         <name>.text</name>
         <load_address>0x145e</load_address>
         <run_address>0x145e</run_address>
         <size>0x2</size>
         <input_file_ref idref="fl-e6"/>
      </object_component>
      <object_component id="oc-197">
         <name>.text:_pconv_e</name>
         <load_address>0x1460</load_address>
         <run_address>0x1460</run_address>
         <size>0x13c</size>
         <input_file_ref idref="fl-bf"/>
      </object_component>
      <object_component id="oc-20e">
         <name>.text</name>
         <load_address>0x159c</load_address>
         <run_address>0x159c</run_address>
         <size>0x136</size>
         <input_file_ref idref="fl-c9"/>
      </object_component>
      <object_component id="oc-23a">
         <name>.text:fcvt</name>
         <load_address>0x16d4</load_address>
         <run_address>0x16d4</run_address>
         <size>0x124</size>
         <input_file_ref idref="fl-bf"/>
      </object_component>
      <object_component id="oc-1cf">
         <name>.text:fputs</name>
         <load_address>0x17f8</load_address>
         <run_address>0x17f8</run_address>
         <size>0x114</size>
         <input_file_ref idref="fl-c1"/>
      </object_component>
      <object_component id="oc-24e">
         <name>.text:scalbn</name>
         <load_address>0x190c</load_address>
         <run_address>0x190c</run_address>
         <size>0x110</size>
         <input_file_ref idref="fl-c5"/>
      </object_component>
      <object_component id="oc-359">
         <name>.text:aligned_alloc</name>
         <load_address>0x1a1c</load_address>
         <run_address>0x1a1c</run_address>
         <size>0x100</size>
         <input_file_ref idref="fl-db"/>
      </object_component>
      <object_component id="oc-209">
         <name>.text</name>
         <load_address>0x1b1c</load_address>
         <run_address>0x1b1c</run_address>
         <size>0xfc</size>
         <input_file_ref idref="fl-ca"/>
      </object_component>
      <object_component id="oc-317">
         <name>.text:free</name>
         <load_address>0x1c18</load_address>
         <run_address>0x1c18</run_address>
         <size>0xe4</size>
         <input_file_ref idref="fl-db"/>
      </object_component>
      <object_component id="oc-2e9">
         <name>.text:setvbuf</name>
         <load_address>0x1cfc</load_address>
         <run_address>0x1cfc</run_address>
         <size>0xdc</size>
         <input_file_ref idref="fl-c3"/>
      </object_component>
      <object_component id="oc-180">
         <name>.text:_ltostr</name>
         <load_address>0x1dd8</load_address>
         <run_address>0x1dd8</run_address>
         <size>0xb1</size>
         <input_file_ref idref="fl-bf"/>
      </object_component>
      <object_component id="oc-3a">
         <name>.text</name>
         <load_address>0x1e8a</load_address>
         <run_address>0x1e8a</run_address>
         <size>0x9c</size>
         <input_file_ref idref="fl-cd"/>
      </object_component>
      <object_component id="oc-202">
         <name>.text</name>
         <load_address>0x1f26</load_address>
         <run_address>0x1f26</run_address>
         <size>0x96</size>
         <input_file_ref idref="fl-ce"/>
      </object_component>
      <object_component id="oc-1d6">
         <name>.text:fputc</name>
         <load_address>0x1fbc</load_address>
         <run_address>0x1fbc</run_address>
         <size>0x8c</size>
         <input_file_ref idref="fl-c0"/>
      </object_component>
      <object_component id="oc-186">
         <name>.text:__aeabi_cdcmple</name>
         <load_address>0x2048</load_address>
         <run_address>0x2048</run_address>
         <size>0x86</size>
         <input_file_ref idref="fl-c8"/>
      </object_component>
      <object_component id="oc-213">
         <name>.text:__aeabi_cdrcmple</name>
         <load_address>0x20ce</load_address>
         <run_address>0x20ce</run_address>
         <size>0x86</size>
         <input_file_ref idref="fl-c8"/>
      </object_component>
      <object_component id="oc-9a">
         <name>.text</name>
         <load_address>0x2154</load_address>
         <run_address>0x2154</run_address>
         <size>0x7c</size>
         <input_file_ref idref="fl-2"/>
      </object_component>
      <object_component id="oc-8e">
         <name>.text</name>
         <load_address>0x21d0</load_address>
         <run_address>0x21d0</run_address>
         <size>0x7a</size>
         <input_file_ref idref="fl-cf"/>
      </object_component>
      <object_component id="oc-360">
         <name>.text:__TI_closefile</name>
         <load_address>0x224c</load_address>
         <run_address>0x224c</run_address>
         <size>0x74</size>
         <input_file_ref idref="fl-f5"/>
      </object_component>
      <object_component id="oc-3a1">
         <name>.text:split</name>
         <load_address>0x22c0</load_address>
         <run_address>0x22c0</run_address>
         <size>0x70</size>
         <input_file_ref idref="fl-db"/>
      </object_component>
      <object_component id="oc-233">
         <name>.text:_mcpy</name>
         <load_address>0x2330</load_address>
         <run_address>0x2330</run_address>
         <size>0x6e</size>
         <input_file_ref idref="fl-bf"/>
      </object_component>
      <object_component id="oc-390">
         <name>.text:HOSTrename</name>
         <load_address>0x23a0</load_address>
         <run_address>0x23a0</run_address>
         <size>0x6c</size>
         <input_file_ref idref="fl-ef"/>
      </object_component>
      <object_component id="oc-384">
         <name>.text:HOSTlseek</name>
         <load_address>0x240c</load_address>
         <run_address>0x240c</run_address>
         <size>0x68</size>
         <input_file_ref idref="fl-ec"/>
      </object_component>
      <object_component id="oc-17">
         <name>.text:decompress:lzss:__TI_decompress_lzss</name>
         <load_address>0x2474</load_address>
         <run_address>0x2474</run_address>
         <size>0x68</size>
         <input_file_ref idref="fl-d2"/>
      </object_component>
      <object_component id="oc-d6">
         <name>.text:printf</name>
         <load_address>0x24dc</load_address>
         <run_address>0x24dc</run_address>
         <size>0x68</size>
         <input_file_ref idref="fl-be"/>
      </object_component>
      <object_component id="oc-248">
         <name>.text:frexp</name>
         <load_address>0x2544</load_address>
         <run_address>0x2544</run_address>
         <size>0x64</size>
         <input_file_ref idref="fl-c4"/>
      </object_component>
      <object_component id="oc-2e3">
         <name>.text:fseek</name>
         <load_address>0x25a8</load_address>
         <run_address>0x25a8</run_address>
         <size>0x64</size>
         <input_file_ref idref="fl-e4"/>
      </object_component>
      <object_component id="oc-27f">
         <name>.text:__TI_wrt_ok</name>
         <load_address>0x260c</load_address>
         <run_address>0x260c</run_address>
         <size>0x62</size>
         <input_file_ref idref="fl-c2"/>
      </object_component>
      <object_component id="oc-36c">
         <name>.text:HOSTopen</name>
         <load_address>0x2670</load_address>
         <run_address>0x2670</run_address>
         <size>0x60</size>
         <input_file_ref idref="fl-ed"/>
      </object_component>
      <object_component id="oc-3a8">
         <name>.text:close</name>
         <load_address>0x26d0</load_address>
         <run_address>0x26d0</run_address>
         <size>0x5c</size>
         <input_file_ref idref="fl-fb"/>
      </object_component>
      <object_component id="oc-378">
         <name>.text:HOSTread</name>
         <load_address>0x272c</load_address>
         <run_address>0x272c</run_address>
         <size>0x58</size>
         <input_file_ref idref="fl-ee"/>
      </object_component>
      <object_component id="oc-37e">
         <name>.text:HOSTwrite</name>
         <load_address>0x2784</load_address>
         <run_address>0x2784</run_address>
         <size>0x58</size>
         <input_file_ref idref="fl-f1"/>
      </object_component>
      <object_component id="oc-191">
         <name>.text:_pconv_f</name>
         <load_address>0x27dc</load_address>
         <run_address>0x27dc</run_address>
         <size>0x56</size>
         <input_file_ref idref="fl-bf"/>
      </object_component>
      <object_component id="oc-21d">
         <name>.text:__TI_ltoa</name>
         <load_address>0x2832</load_address>
         <run_address>0x2832</run_address>
         <size>0x54</size>
         <input_file_ref idref="fl-d5"/>
      </object_component>
      <object_component id="oc-22d">
         <name>.text:_ecpy</name>
         <load_address>0x2886</load_address>
         <run_address>0x2886</run_address>
         <size>0x52</size>
         <input_file_ref idref="fl-bf"/>
      </object_component>
      <object_component id="oc-28b">
         <name>.text:__TI_doflush</name>
         <load_address>0x28d8</load_address>
         <run_address>0x28d8</run_address>
         <size>0x4c</size>
         <input_file_ref idref="fl-e2"/>
      </object_component>
      <object_component id="oc-17a">
         <name>.text:atoi</name>
         <load_address>0x2924</load_address>
         <run_address>0x2924</run_address>
         <size>0x4c</size>
         <input_file_ref idref="fl-d6"/>
      </object_component>
      <object_component id="oc-e8">
         <name>.text:exit</name>
         <load_address>0x2970</load_address>
         <run_address>0x2970</run_address>
         <size>0x48</size>
         <input_file_ref idref="fl-d3"/>
      </object_component>
      <object_component id="oc-218">
         <name>.text</name>
         <load_address>0x29b8</load_address>
         <run_address>0x29b8</run_address>
         <size>0x48</size>
         <input_file_ref idref="fl-cb"/>
      </object_component>
      <object_component id="oc-372">
         <name>.text:HOSTclose</name>
         <load_address>0x2a00</load_address>
         <run_address>0x2a00</run_address>
         <size>0x44</size>
         <input_file_ref idref="fl-eb"/>
      </object_component>
      <object_component id="oc-38a">
         <name>.text:HOSTunlink</name>
         <load_address>0x2a44</load_address>
         <run_address>0x2a44</run_address>
         <size>0x44</size>
         <input_file_ref idref="fl-f0"/>
      </object_component>
      <object_component id="oc-ee">
         <name>.text:__TI_auto_init_nobinit_nopinit:__TI_auto_init_nobinit_nopinit</name>
         <load_address>0x2a88</load_address>
         <run_address>0x2a88</run_address>
         <size>0x44</size>
         <input_file_ref idref="fl-e7"/>
      </object_component>
      <object_component id="oc-3e0">
         <name>.text:getdevice</name>
         <load_address>0x2acc</load_address>
         <run_address>0x2acc</run_address>
         <size>0x44</size>
         <input_file_ref idref="fl-f6"/>
      </object_component>
      <object_component id="oc-240">
         <name>.text:_fcpy</name>
         <load_address>0x2b10</load_address>
         <run_address>0x2b10</run_address>
         <size>0x3e</size>
         <input_file_ref idref="fl-bf"/>
      </object_component>
      <object_component id="oc-3b9">
         <name>.text:__TI_writemsg</name>
         <load_address>0x2b50</load_address>
         <run_address>0x2b50</run_address>
         <size>0x38</size>
         <input_file_ref idref="fl-f2"/>
      </object_component>
      <object_component id="oc-402">
         <name>.text:strncpy</name>
         <load_address>0x2b88</load_address>
         <run_address>0x2b88</run_address>
         <size>0x36</size>
         <input_file_ref idref="fl-f9"/>
      </object_component>
      <object_component id="oc-323">
         <name>.text:__TI_cleanup</name>
         <load_address>0x2bc0</load_address>
         <run_address>0x2bc0</run_address>
         <size>0x34</size>
         <input_file_ref idref="fl-e3"/>
      </object_component>
      <object_component id="oc-3bf">
         <name>.text:__TI_readmsg</name>
         <load_address>0x2bf4</load_address>
         <run_address>0x2bf4</run_address>
         <size>0x34</size>
         <input_file_ref idref="fl-f2"/>
      </object_component>
      <object_component id="oc-58">
         <name>.text:_c_int00_noargs:_c_int00_noargs</name>
         <load_address>0x2c28</load_address>
         <run_address>0x2c28</run_address>
         <size>0x34</size>
         <input_file_ref idref="fl-df"/>
      </object_component>
      <object_component id="oc-408">
         <name>.text:finddevice</name>
         <load_address>0x2c5c</load_address>
         <run_address>0x2c5c</run_address>
         <size>0x30</size>
         <input_file_ref idref="fl-f6"/>
      </object_component>
      <object_component id="oc-223">
         <name>.text</name>
         <load_address>0x2c8c</load_address>
         <run_address>0x2c8c</run_address>
         <size>0x2e</size>
         <input_file_ref idref="fl-cc"/>
      </object_component>
      <object_component id="oc-3ae">
         <name>.text:unlink</name>
         <load_address>0x2cbc</load_address>
         <run_address>0x2cbc</run_address>
         <size>0x2c</size>
         <input_file_ref idref="fl-fc"/>
      </object_component>
      <object_component id="oc-352">
         <name>.text:free_list_insert</name>
         <load_address>0x2ce8</load_address>
         <run_address>0x2ce8</run_address>
         <size>0x28</size>
         <input_file_ref idref="fl-db"/>
      </object_component>
      <object_component id="oc-30f">
         <name>.text:lseek</name>
         <load_address>0x2d10</load_address>
         <run_address>0x2d10</run_address>
         <size>0x28</size>
         <input_file_ref idref="fl-f4"/>
      </object_component>
      <object_component id="oc-291">
         <name>.text:write</name>
         <load_address>0x2d38</load_address>
         <run_address>0x2d38</run_address>
         <size>0x28</size>
         <input_file_ref idref="fl-e0"/>
      </object_component>
      <object_component id="oc-285">
         <name>.text:memchr</name>
         <load_address>0x2d60</load_address>
         <run_address>0x2d60</run_address>
         <size>0x20</size>
         <input_file_ref idref="fl-da"/>
      </object_component>
      <object_component id="oc-46">
         <name>.text:decompress:ZI:__TI_zero_init_nomemset:__TI_zero_init_nomemset</name>
         <load_address>0x2d80</load_address>
         <run_address>0x2d80</run_address>
         <size>0x1c</size>
         <input_file_ref idref="fl-d0"/>
      </object_component>
      <object_component id="oc-34c">
         <name>.text:free_list_remove</name>
         <load_address>0x2d9c</load_address>
         <run_address>0x2d9c</run_address>
         <size>0x1c</size>
         <input_file_ref idref="fl-db"/>
      </object_component>
      <object_component id="oc-1a3">
         <name>.text:memccpy</name>
         <load_address>0x2db8</load_address>
         <run_address>0x2db8</run_address>
         <size>0x1c</size>
         <input_file_ref idref="fl-d9"/>
      </object_component>
      <object_component id="oc-2c7">
         <name>.text:copysign</name>
         <load_address>0x2dd4</load_address>
         <run_address>0x2dd4</run_address>
         <size>0x1a</size>
         <input_file_ref idref="fl-e5"/>
      </object_component>
      <object_component id="oc-41f">
         <name>.text:strcmp</name>
         <load_address>0x2dee</load_address>
         <run_address>0x2dee</run_address>
         <size>0x18</size>
         <input_file_ref idref="fl-f7"/>
      </object_component>
      <object_component id="oc-254">
         <name>.text:strchr</name>
         <load_address>0x2e06</load_address>
         <run_address>0x2e06</run_address>
         <size>0x16</size>
         <input_file_ref idref="fl-dc"/>
      </object_component>
      <object_component id="oc-3d3">
         <name>.text:strcpy</name>
         <load_address>0x2e1c</load_address>
         <run_address>0x2e1c</run_address>
         <size>0x14</size>
         <input_file_ref idref="fl-f8"/>
      </object_component>
      <object_component id="oc-174">
         <name>.text:strlen</name>
         <load_address>0x2e30</load_address>
         <run_address>0x2e30</run_address>
         <size>0x14</size>
         <input_file_ref idref="fl-dd"/>
      </object_component>
      <object_component id="oc-1a9">
         <name>.text:wcslen</name>
         <load_address>0x2e44</load_address>
         <run_address>0x2e44</run_address>
         <size>0x12</size>
         <input_file_ref idref="fl-c6"/>
      </object_component>
      <object_component id="oc-1d">
         <name>.text:decompress:none:__TI_decompress_none</name>
         <load_address>0x2e56</load_address>
         <run_address>0x2e56</run_address>
         <size>0xe</size>
         <input_file_ref idref="fl-d1"/>
      </object_component>
      <object_component id="oc-6a">
         <name>.text</name>
         <load_address>0x2e64</load_address>
         <run_address>0x2e64</run_address>
         <size>0xe</size>
         <input_file_ref idref="fl-3"/>
      </object_component>
      <object_component id="oc-1af">
         <name>.text:__aeabi_errno_addr</name>
         <load_address>0x2e74</load_address>
         <run_address>0x2e74</run_address>
         <size>0x8</size>
         <input_file_ref idref="fl-de"/>
      </object_component>
      <object_component id="oc-31d">
         <name>.text:malloc</name>
         <load_address>0x2e7c</load_address>
         <run_address>0x2e7c</run_address>
         <size>0x8</size>
         <input_file_ref idref="fl-db"/>
      </object_component>
      <object_component id="oc-13c">
         <name>.text:_outc</name>
         <load_address>0x2e84</load_address>
         <run_address>0x2e84</run_address>
         <size>0x4</size>
         <input_file_ref idref="fl-be"/>
      </object_component>
      <object_component id="oc-136">
         <name>.text:_outs</name>
         <load_address>0x2e88</load_address>
         <run_address>0x2e88</run_address>
         <size>0x4</size>
         <input_file_ref idref="fl-be"/>
      </object_component>
      <object_component id="oc-94">
         <name>.text:_system_pre_init</name>
         <load_address>0x2e8c</load_address>
         <run_address>0x2e8c</run_address>
         <size>0x4</size>
         <input_file_ref idref="fl-e8"/>
      </object_component>
      <object_component id="oc-e2">
         <name>.text:abort:abort</name>
         <load_address>0x2e90</load_address>
         <run_address>0x2e90</run_address>
         <size>0x4</size>
         <input_file_ref idref="fl-d3"/>
      </object_component>
      <object_component id="oc-1fd">
         <name>.const:.string:_ctypes_</name>
         <load_address>0x2e94</load_address>
         <run_address>0x2e94</run_address>
         <size>0x101</size>
         <input_file_ref idref="fl-d7"/>
      </object_component>
      <object_component id="oc-45f">
         <name>.cinit..data.load</name>
         <load_address>0x2f98</load_address>
         <run_address>0x2f98</run_address>
         <size>0x69</size>
      </object_component>
      <object_component id="oc-45d">
         <name>__TI_handler_table</name>
         <load_address>0x3004</load_address>
         <run_address>0x3004</run_address>
         <size>0xc</size>
      </object_component>
      <object_component id="oc-460">
         <name>.cinit..bss.load</name>
         <load_address>0x3010</load_address>
         <run_address>0x3010</run_address>
         <size>0x8</size>
      </object_component>
      <object_component id="oc-45e">
         <name>__TI_cinit_table</name>
         <load_address>0x3018</load_address>
         <run_address>0x3018</run_address>
         <size>0x10</size>
      </object_component>
      <object_component id="oc-431">
         <name>.binit</name>
         <load_address>0x0</load_address>
         <run_address>0x0</run_address>
         <size>0x0</size>
      </object_component>
      <object_component id="oc-120">
         <name>.data</name>
         <load_address>0x200005e8</load_address>
         <run_address>0x200005e8</run_address>
         <size>0x4</size>
         <input_file_ref idref="fl-4"/>
      </object_component>
      <object_component id="oc-14a">
         <name>.data:$O1$$</name>
         <load_address>0x200005c8</load_address>
         <run_address>0x200005c8</run_address>
         <size>0xc</size>
         <input_file_ref idref="fl-d3"/>
      </object_component>
      <object_component id="oc-130">
         <name>.data:$O1$$</name>
         <load_address>0x200005d4</load_address>
         <run_address>0x200005d4</run_address>
         <size>0x8</size>
         <input_file_ref idref="fl-d4"/>
      </object_component>
      <object_component id="oc-133">
         <name>.data:_ftable</name>
         <load_address>0x20000400</load_address>
         <run_address>0x20000400</run_address>
         <size>0xf0</size>
         <input_file_ref idref="fl-d8"/>
      </object_component>
      <object_component id="oc-366">
         <name>.data</name>
         <load_address>0x200005b8</load_address>
         <run_address>0x200005b8</run_address>
         <size>0x10</size>
         <input_file_ref idref="fl-d8"/>
      </object_component>
      <object_component id="oc-39c">
         <name>.data:$O1$$</name>
         <load_address>0x200005dc</load_address>
         <run_address>0x200005dc</run_address>
         <size>0x8</size>
         <input_file_ref idref="fl-db"/>
      </object_component>
      <object_component id="oc-264">
         <name>.data</name>
         <load_address>0x200005e4</load_address>
         <run_address>0x200005e4</run_address>
         <size>0x4</size>
         <input_file_ref idref="fl-de"/>
      </object_component>
      <object_component id="oc-336">
         <name>.data:_device</name>
         <load_address>0x200004f0</load_address>
         <run_address>0x200004f0</run_address>
         <size>0x78</size>
         <input_file_ref idref="fl-e1"/>
      </object_component>
      <object_component id="oc-2f5">
         <name>.data:_stream</name>
         <load_address>0x20000568</load_address>
         <run_address>0x20000568</run_address>
         <size>0x50</size>
         <input_file_ref idref="fl-e1"/>
      </object_component>
      <object_component id="oc-3ea">
         <name>.bss:_CIOBUF_</name>
         <uninitialized>true</uninitialized>
         <run_address>0x200005ec</run_address>
         <size>0x120</size>
         <input_file_ref idref="fl-f2"/>
      </object_component>
      <object_component id="oc-3b4">
         <name>.common:__TI_tmpnams</name>
         <uninitialized>true</uninitialized>
         <run_address>0x2000070c</run_address>
         <size>0xa0</size>
      </object_component>
      <object_component id="oc-3c5">
         <name>.common:parmbuf</name>
         <uninitialized>true</uninitialized>
         <run_address>0x200007ac</run_address>
         <size>0x8</size>
      </object_component>
      <object_component id="oc-29">
         <name>.sysmem</name>
         <uninitialized>true</uninitialized>
         <run_address>0x20000000</run_address>
         <size>0x10</size>
         <input_file_ref idref="fl-db"/>
      </object_component>
      <object_component id="oc-463">
         <name>.sysmem</name>
         <uninitialized>true</uninitialized>
         <run_address>0x20000000</run_address>
         <size>0x0</size>
      </object_component>
      <object_component id="oc-2c">
         <name>.stack</name>
         <uninitialized>true</uninitialized>
         <run_address>0x2000fe00</run_address>
         <size>0x4</size>
         <input_file_ref idref="fl-df"/>
      </object_component>
      <object_component id="oc-462">
         <name>.stack</name>
         <uninitialized>true</uninitialized>
         <run_address>0x2000fe00</run_address>
         <size>0x0</size>
      </object_component>
      <object_component id="oc-129">
         <name>.debug_info</name>
         <load_address>0x0</load_address>
         <run_address>0x0</run_address>
         <size>0x55b</size>
         <input_file_ref idref="fl-2"/>
      </object_component>
      <object_component id="oc-9c">
         <name>.debug_info</name>
         <load_address>0x55b</load_address>
         <run_address>0x55b</run_address>
         <size>0x11c</size>
         <input_file_ref idref="fl-2"/>
      </object_component>
      <object_component id="oc-16a">
         <name>.debug_info</name>
         <load_address>0x677</load_address>
         <run_address>0x677</run_address>
         <size>0x37e2</size>
         <input_file_ref idref="fl-2"/>
      </object_component>
      <object_component id="oc-b5">
         <name>.debug_info</name>
         <load_address>0x3e59</load_address>
         <run_address>0x3e59</run_address>
         <size>0x26b</size>
         <input_file_ref idref="fl-2"/>
      </object_component>
      <object_component id="oc-16f">
         <name>.debug_info</name>
         <load_address>0x40c4</load_address>
         <run_address>0x40c4</run_address>
         <size>0x1055</size>
         <input_file_ref idref="fl-2"/>
      </object_component>
      <object_component id="oc-35">
         <name>.debug_info</name>
         <load_address>0x5119</load_address>
         <run_address>0x5119</run_address>
         <size>0x84</size>
         <input_file_ref idref="fl-2"/>
      </object_component>
      <object_component id="oc-124">
         <name>.debug_info</name>
         <load_address>0x519d</load_address>
         <run_address>0x519d</run_address>
         <size>0x2a4</size>
         <input_file_ref idref="fl-2"/>
      </object_component>
      <object_component id="oc-dd">
         <name>.debug_info</name>
         <load_address>0x5441</load_address>
         <run_address>0x5441</run_address>
         <size>0xbb</size>
         <input_file_ref idref="fl-2"/>
      </object_component>
      <object_component id="oc-144">
         <name>.debug_info</name>
         <load_address>0x54fc</load_address>
         <run_address>0x54fc</run_address>
         <size>0x2c</size>
         <input_file_ref idref="fl-2"/>
      </object_component>
      <object_component id="oc-72">
         <name>.debug_info</name>
         <load_address>0x5528</load_address>
         <run_address>0x5528</run_address>
         <size>0x2c1</size>
         <input_file_ref idref="fl-3"/>
      </object_component>
      <object_component id="oc-27">
         <name>.debug_info</name>
         <load_address>0x57e9</load_address>
         <run_address>0x57e9</run_address>
         <size>0xed</size>
         <input_file_ref idref="fl-3"/>
      </object_component>
      <object_component id="oc-6e">
         <name>.debug_info</name>
         <load_address>0x58d6</load_address>
         <run_address>0x58d6</run_address>
         <size>0x1b4</size>
         <input_file_ref idref="fl-3"/>
      </object_component>
      <object_component id="oc-121">
         <name>.debug_info</name>
         <load_address>0x5a8a</load_address>
         <run_address>0x5a8a</run_address>
         <size>0xe6</size>
         <input_file_ref idref="fl-4"/>
      </object_component>
      <object_component id="oc-ad">
         <name>.debug_info</name>
         <load_address>0x5b70</load_address>
         <run_address>0x5b70</run_address>
         <size>0x258</size>
         <input_file_ref idref="fl-4"/>
      </object_component>
      <object_component id="oc-143">
         <name>.debug_info</name>
         <load_address>0x5dc8</load_address>
         <run_address>0x5dc8</run_address>
         <size>0x3e5</size>
         <input_file_ref idref="fl-be"/>
      </object_component>
      <object_component id="oc-13f">
         <name>.debug_info</name>
         <load_address>0x61ad</load_address>
         <run_address>0x61ad</run_address>
         <size>0x157</size>
         <input_file_ref idref="fl-be"/>
      </object_component>
      <object_component id="oc-137">
         <name>.debug_info</name>
         <load_address>0x6304</load_address>
         <run_address>0x6304</run_address>
         <size>0x166</size>
         <input_file_ref idref="fl-be"/>
      </object_component>
      <object_component id="oc-d7">
         <name>.debug_info</name>
         <load_address>0x646a</load_address>
         <run_address>0x646a</run_address>
         <size>0x1ac</size>
         <input_file_ref idref="fl-be"/>
      </object_component>
      <object_component id="oc-1df">
         <name>.debug_info</name>
         <load_address>0x6616</load_address>
         <run_address>0x6616</run_address>
         <size>0xb2</size>
         <input_file_ref idref="fl-be"/>
      </object_component>
      <object_component id="oc-1b6">
         <name>.debug_info</name>
         <load_address>0x66c8</load_address>
         <run_address>0x66c8</run_address>
         <size>0x590</size>
         <input_file_ref idref="fl-bf"/>
      </object_component>
      <object_component id="oc-181">
         <name>.debug_info</name>
         <load_address>0x6c58</load_address>
         <run_address>0x6c58</run_address>
         <size>0x21e</size>
         <input_file_ref idref="fl-bf"/>
      </object_component>
      <object_component id="oc-22e">
         <name>.debug_info</name>
         <load_address>0x6e76</load_address>
         <run_address>0x6e76</run_address>
         <size>0x1b3</size>
         <input_file_ref idref="fl-bf"/>
      </object_component>
      <object_component id="oc-234">
         <name>.debug_info</name>
         <load_address>0x7029</load_address>
         <run_address>0x7029</run_address>
         <size>0x21b</size>
         <input_file_ref idref="fl-bf"/>
      </object_component>
      <object_component id="oc-18c">
         <name>.debug_info</name>
         <load_address>0x7244</load_address>
         <run_address>0x7244</run_address>
         <size>0x3c0</size>
         <input_file_ref idref="fl-bf"/>
      </object_component>
      <object_component id="oc-23b">
         <name>.debug_info</name>
         <load_address>0x7604</load_address>
         <run_address>0x7604</run_address>
         <size>0x30a</size>
         <input_file_ref idref="fl-bf"/>
      </object_component>
      <object_component id="oc-241">
         <name>.debug_info</name>
         <load_address>0x790e</load_address>
         <run_address>0x790e</run_address>
         <size>0x215</size>
         <input_file_ref idref="fl-bf"/>
      </object_component>
      <object_component id="oc-192">
         <name>.debug_info</name>
         <load_address>0x7b23</load_address>
         <run_address>0x7b23</run_address>
         <size>0x215</size>
         <input_file_ref idref="fl-bf"/>
      </object_component>
      <object_component id="oc-198">
         <name>.debug_info</name>
         <load_address>0x7d38</load_address>
         <run_address>0x7d38</run_address>
         <size>0x304</size>
         <input_file_ref idref="fl-bf"/>
      </object_component>
      <object_component id="oc-19e">
         <name>.debug_info</name>
         <load_address>0x803c</load_address>
         <run_address>0x803c</run_address>
         <size>0x4b5</size>
         <input_file_ref idref="fl-bf"/>
      </object_component>
      <object_component id="oc-12b">
         <name>.debug_info</name>
         <load_address>0x84f1</load_address>
         <run_address>0x84f1</run_address>
         <size>0x5f4</size>
         <input_file_ref idref="fl-bf"/>
      </object_component>
      <object_component id="oc-1b7">
         <name>.debug_info</name>
         <load_address>0x8ae5</load_address>
         <run_address>0x8ae5</run_address>
         <size>0x86</size>
         <input_file_ref idref="fl-bf"/>
      </object_component>
      <object_component id="oc-270">
         <name>.debug_info</name>
         <load_address>0x8b6b</load_address>
         <run_address>0x8b6b</run_address>
         <size>0x39</size>
         <input_file_ref idref="fl-bf"/>
      </object_component>
      <object_component id="oc-2de">
         <name>.debug_info</name>
         <load_address>0x8ba4</load_address>
         <run_address>0x8ba4</run_address>
         <size>0xb6</size>
         <input_file_ref idref="fl-bf"/>
      </object_component>
      <object_component id="oc-275">
         <name>.debug_info</name>
         <load_address>0x8c5a</load_address>
         <run_address>0x8c5a</run_address>
         <size>0x46</size>
         <input_file_ref idref="fl-bf"/>
      </object_component>
      <object_component id="oc-1bc">
         <name>.debug_info</name>
         <load_address>0x8ca0</load_address>
         <run_address>0x8ca0</run_address>
         <size>0x46</size>
         <input_file_ref idref="fl-bf"/>
      </object_component>
      <object_component id="oc-26b">
         <name>.debug_info</name>
         <load_address>0x8ce6</load_address>
         <run_address>0x8ce6</run_address>
         <size>0x2c</size>
         <input_file_ref idref="fl-bf"/>
      </object_component>
      <object_component id="oc-29a">
         <name>.debug_info</name>
         <load_address>0x8d12</load_address>
         <run_address>0x8d12</run_address>
         <size>0x383</size>
         <input_file_ref idref="fl-c0"/>
      </object_component>
      <object_component id="oc-1d7">
         <name>.debug_info</name>
         <load_address>0x9095</load_address>
         <run_address>0x9095</run_address>
         <size>0x1ea</size>
         <input_file_ref idref="fl-c0"/>
      </object_component>
      <object_component id="oc-298">
         <name>.debug_info</name>
         <load_address>0x927f</load_address>
         <run_address>0x927f</run_address>
         <size>0x3fc</size>
         <input_file_ref idref="fl-c1"/>
      </object_component>
      <object_component id="oc-1d0">
         <name>.debug_info</name>
         <load_address>0x967b</load_address>
         <run_address>0x967b</run_address>
         <size>0x2e2</size>
         <input_file_ref idref="fl-c1"/>
      </object_component>
      <object_component id="oc-cd">
         <name>.debug_info</name>
         <load_address>0x995d</load_address>
         <run_address>0x995d</run_address>
         <size>0x2c</size>
         <input_file_ref idref="fl-c1"/>
      </object_component>
      <object_component id="oc-2f0">
         <name>.debug_info</name>
         <load_address>0x9989</load_address>
         <run_address>0x9989</run_address>
         <size>0x300</size>
         <input_file_ref idref="fl-c2"/>
      </object_component>
      <object_component id="oc-280">
         <name>.debug_info</name>
         <load_address>0x9c89</load_address>
         <run_address>0x9c89</run_address>
         <size>0x19c</size>
         <input_file_ref idref="fl-c2"/>
      </object_component>
      <object_component id="oc-32b">
         <name>.debug_info</name>
         <load_address>0x9e25</load_address>
         <run_address>0x9e25</run_address>
         <size>0xbf</size>
         <input_file_ref idref="fl-c2"/>
      </object_component>
      <object_component id="oc-32a">
         <name>.debug_info</name>
         <load_address>0x9ee4</load_address>
         <run_address>0x9ee4</run_address>
         <size>0x374</size>
         <input_file_ref idref="fl-c3"/>
      </object_component>
      <object_component id="oc-2ec">
         <name>.debug_info</name>
         <load_address>0xa258</load_address>
         <run_address>0xa258</run_address>
         <size>0x20b</size>
         <input_file_ref idref="fl-c3"/>
      </object_component>
      <object_component id="oc-2c1">
         <name>.debug_info</name>
         <load_address>0xa463</load_address>
         <run_address>0xa463</run_address>
         <size>0x295</size>
         <input_file_ref idref="fl-c4"/>
      </object_component>
      <object_component id="oc-24b">
         <name>.debug_info</name>
         <load_address>0xa6f8</load_address>
         <run_address>0xa6f8</run_address>
         <size>0x195</size>
         <input_file_ref idref="fl-c4"/>
      </object_component>
      <object_component id="oc-305">
         <name>.debug_info</name>
         <load_address>0xa88d</load_address>
         <run_address>0xa88d</run_address>
         <size>0x39</size>
         <input_file_ref idref="fl-c4"/>
      </object_component>
      <object_component id="oc-2c2">
         <name>.debug_info</name>
         <load_address>0xa8c6</load_address>
         <run_address>0xa8c6</run_address>
         <size>0x2c</size>
         <input_file_ref idref="fl-c4"/>
      </object_component>
      <object_component id="oc-2ce">
         <name>.debug_info</name>
         <load_address>0xa8f2</load_address>
         <run_address>0xa8f2</run_address>
         <size>0x2f8</size>
         <input_file_ref idref="fl-c5"/>
      </object_component>
      <object_component id="oc-24f">
         <name>.debug_info</name>
         <load_address>0xabea</load_address>
         <run_address>0xabea</run_address>
         <size>0x225</size>
         <input_file_ref idref="fl-c5"/>
      </object_component>
      <object_component id="oc-263">
         <name>.debug_info</name>
         <load_address>0xae0f</load_address>
         <run_address>0xae0f</run_address>
         <size>0x28f</size>
         <input_file_ref idref="fl-c6"/>
      </object_component>
      <object_component id="oc-1ac">
         <name>.debug_info</name>
         <load_address>0xb09e</load_address>
         <run_address>0xb09e</run_address>
         <size>0x15a</size>
         <input_file_ref idref="fl-c6"/>
      </object_component>
      <object_component id="oc-2d3">
         <name>.debug_info</name>
         <load_address>0xb1f8</load_address>
         <run_address>0xb1f8</run_address>
         <size>0x46</size>
         <input_file_ref idref="fl-c6"/>
      </object_component>
      <object_component id="oc-25e">
         <name>.debug_info</name>
         <load_address>0xb23e</load_address>
         <run_address>0xb23e</run_address>
         <size>0x39</size>
         <input_file_ref idref="fl-c6"/>
      </object_component>
      <object_component id="oc-229">
         <name>.debug_info</name>
         <load_address>0xb277</load_address>
         <run_address>0xb277</run_address>
         <size>0x14c</size>
         <input_file_ref idref="fl-c7"/>
      </object_component>
      <object_component id="oc-187">
         <name>.debug_info</name>
         <load_address>0xb3c3</load_address>
         <run_address>0xb3c3</run_address>
         <size>0x128</size>
         <input_file_ref idref="fl-c8"/>
      </object_component>
      <object_component id="oc-216">
         <name>.debug_info</name>
         <load_address>0xb4eb</load_address>
         <run_address>0xb4eb</run_address>
         <size>0x12a</size>
         <input_file_ref idref="fl-c8"/>
      </object_component>
      <object_component id="oc-20f">
         <name>.debug_info</name>
         <load_address>0xb615</load_address>
         <run_address>0xb615</run_address>
         <size>0x13a</size>
         <input_file_ref idref="fl-c9"/>
      </object_component>
      <object_component id="oc-20b">
         <name>.debug_info</name>
         <load_address>0xb74f</load_address>
         <run_address>0xb74f</run_address>
         <size>0x13a</size>
         <input_file_ref idref="fl-ca"/>
      </object_component>
      <object_component id="oc-21a">
         <name>.debug_info</name>
         <load_address>0xb889</load_address>
         <run_address>0xb889</run_address>
         <size>0x12e</size>
         <input_file_ref idref="fl-cb"/>
      </object_component>
      <object_component id="oc-224">
         <name>.debug_info</name>
         <load_address>0xb9b7</load_address>
         <run_address>0xb9b7</run_address>
         <size>0x12c</size>
         <input_file_ref idref="fl-cc"/>
      </object_component>
      <object_component id="oc-3b">
         <name>.debug_info</name>
         <load_address>0xbae3</load_address>
         <run_address>0xbae3</run_address>
         <size>0x119</size>
         <input_file_ref idref="fl-cd"/>
      </object_component>
      <object_component id="oc-204">
         <name>.debug_info</name>
         <load_address>0xbbfc</load_address>
         <run_address>0xbbfc</run_address>
         <size>0x134</size>
         <input_file_ref idref="fl-ce"/>
      </object_component>
      <object_component id="oc-90">
         <name>.debug_info</name>
         <load_address>0xbd30</load_address>
         <run_address>0xbd30</run_address>
         <size>0x147</size>
         <input_file_ref idref="fl-cf"/>
      </object_component>
      <object_component id="oc-8d">
         <name>.debug_info</name>
         <load_address>0xbe77</load_address>
         <run_address>0xbe77</run_address>
         <size>0x2d4</size>
         <input_file_ref idref="fl-d0"/>
      </object_component>
      <object_component id="oc-4a">
         <name>.debug_info</name>
         <load_address>0xc14b</load_address>
         <run_address>0xc14b</run_address>
         <size>0x1d2</size>
         <input_file_ref idref="fl-d0"/>
      </object_component>
      <object_component id="oc-88">
         <name>.debug_info</name>
         <load_address>0xc31d</load_address>
         <run_address>0xc31d</run_address>
         <size>0x46</size>
         <input_file_ref idref="fl-d0"/>
      </object_component>
      <object_component id="oc-45">
         <name>.debug_info</name>
         <load_address>0xc363</load_address>
         <run_address>0xc363</run_address>
         <size>0x2a8</size>
         <input_file_ref idref="fl-d1"/>
      </object_component>
      <object_component id="oc-1f">
         <name>.debug_info</name>
         <load_address>0xc60b</load_address>
         <run_address>0xc60b</run_address>
         <size>0x1ea</size>
         <input_file_ref idref="fl-d1"/>
      </object_component>
      <object_component id="oc-40">
         <name>.debug_info</name>
         <load_address>0xc7f5</load_address>
         <run_address>0xc7f5</run_address>
         <size>0x46</size>
         <input_file_ref idref="fl-d1"/>
      </object_component>
      <object_component id="oc-80">
         <name>.debug_info</name>
         <load_address>0xc83b</load_address>
         <run_address>0xc83b</run_address>
         <size>0x2c</size>
         <input_file_ref idref="fl-d1"/>
      </object_component>
      <object_component id="oc-7e">
         <name>.debug_info</name>
         <load_address>0xc867</load_address>
         <run_address>0xc867</run_address>
         <size>0x29e</size>
         <input_file_ref idref="fl-d2"/>
      </object_component>
      <object_component id="oc-1a">
         <name>.debug_info</name>
         <load_address>0xcb05</load_address>
         <run_address>0xcb05</run_address>
         <size>0x250</size>
         <input_file_ref idref="fl-d2"/>
      </object_component>
      <object_component id="oc-30">
         <name>.debug_info</name>
         <load_address>0xcd55</load_address>
         <run_address>0xcd55</run_address>
         <size>0x60</size>
         <input_file_ref idref="fl-d2"/>
      </object_component>
      <object_component id="oc-c6">
         <name>.debug_info</name>
         <load_address>0xcdb5</load_address>
         <run_address>0xcdb5</run_address>
         <size>0x46</size>
         <input_file_ref idref="fl-d2"/>
      </object_component>
      <object_component id="oc-79">
         <name>.debug_info</name>
         <load_address>0xcdfb</load_address>
         <run_address>0xcdfb</run_address>
         <size>0x39</size>
         <input_file_ref idref="fl-d2"/>
      </object_component>
      <object_component id="oc-14e">
         <name>.debug_info</name>
         <load_address>0xce34</load_address>
         <run_address>0xce34</run_address>
         <size>0x3ad</size>
         <input_file_ref idref="fl-d3"/>
      </object_component>
      <object_component id="oc-14b">
         <name>.debug_info</name>
         <load_address>0xd1e1</load_address>
         <run_address>0xd1e1</run_address>
         <size>0x190</size>
         <input_file_ref idref="fl-d3"/>
      </object_component>
      <object_component id="oc-e5">
         <name>.debug_info</name>
         <load_address>0xd371</load_address>
         <run_address>0xd371</run_address>
         <size>0x122</size>
         <input_file_ref idref="fl-d3"/>
      </object_component>
      <object_component id="oc-ea">
         <name>.debug_info</name>
         <load_address>0xd493</load_address>
         <run_address>0xd493</run_address>
         <size>0x184</size>
         <input_file_ref idref="fl-d3"/>
      </object_component>
      <object_component id="oc-1c9">
         <name>.debug_info</name>
         <load_address>0xd617</load_address>
         <run_address>0xd617</run_address>
         <size>0x2c9</size>
         <input_file_ref idref="fl-d4"/>
      </object_component>
      <object_component id="oc-131">
         <name>.debug_info</name>
         <load_address>0xd8e0</load_address>
         <run_address>0xd8e0</run_address>
         <size>0x11e</size>
         <input_file_ref idref="fl-d4"/>
      </object_component>
      <object_component id="oc-1c2">
         <name>.debug_info</name>
         <load_address>0xd9fe</load_address>
         <run_address>0xd9fe</run_address>
         <size>0x12e</size>
         <input_file_ref idref="fl-d4"/>
      </object_component>
      <object_component id="oc-2b9">
         <name>.debug_info</name>
         <load_address>0xdb2c</load_address>
         <run_address>0xdb2c</run_address>
         <size>0x29c</size>
         <input_file_ref idref="fl-d5"/>
      </object_component>
      <object_component id="oc-21e">
         <name>.debug_info</name>
         <load_address>0xddc8</load_address>
         <run_address>0xddc8</run_address>
         <size>0x1da</size>
         <input_file_ref idref="fl-d5"/>
      </object_component>
      <object_component id="oc-201">
         <name>.debug_info</name>
         <load_address>0xdfa2</load_address>
         <run_address>0xdfa2</run_address>
         <size>0x2b9</size>
         <input_file_ref idref="fl-d6"/>
      </object_component>
      <object_component id="oc-17c">
         <name>.debug_info</name>
         <load_address>0xe25b</load_address>
         <run_address>0xe25b</run_address>
         <size>0x17c</size>
         <input_file_ref idref="fl-d6"/>
      </object_component>
      <object_component id="oc-2ab">
         <name>.debug_info</name>
         <load_address>0xe3d7</load_address>
         <run_address>0xe3d7</run_address>
         <size>0xf9</size>
         <input_file_ref idref="fl-d7"/>
      </object_component>
      <object_component id="oc-1fe">
         <name>.debug_info</name>
         <load_address>0xe4d0</load_address>
         <run_address>0xe4d0</run_address>
         <size>0x105</size>
         <input_file_ref idref="fl-d7"/>
      </object_component>
      <object_component id="oc-1cd">
         <name>.debug_info</name>
         <load_address>0xe5d5</load_address>
         <run_address>0xe5d5</run_address>
         <size>0x144</size>
         <input_file_ref idref="fl-d8"/>
      </object_component>
      <object_component id="oc-134">
         <name>.debug_info</name>
         <load_address>0xe719</load_address>
         <run_address>0xe719</run_address>
         <size>0x102</size>
         <input_file_ref idref="fl-d8"/>
      </object_component>
      <object_component id="oc-367">
         <name>.debug_info</name>
         <load_address>0xe81b</load_address>
         <run_address>0xe81b</run_address>
         <size>0x18f</size>
         <input_file_ref idref="fl-d8"/>
      </object_component>
      <object_component id="oc-25c">
         <name>.debug_info</name>
         <load_address>0xe9aa</load_address>
         <run_address>0xe9aa</run_address>
         <size>0x2a7</size>
         <input_file_ref idref="fl-d9"/>
      </object_component>
      <object_component id="oc-1a5">
         <name>.debug_info</name>
         <load_address>0xec51</load_address>
         <run_address>0xec51</run_address>
         <size>0x1b8</size>
         <input_file_ref idref="fl-d9"/>
      </object_component>
      <object_component id="oc-2f2">
         <name>.debug_info</name>
         <load_address>0xee09</load_address>
         <run_address>0xee09</run_address>
         <size>0x2a5</size>
         <input_file_ref idref="fl-da"/>
      </object_component>
      <object_component id="oc-287">
         <name>.debug_info</name>
         <load_address>0xf0ae</load_address>
         <run_address>0xf0ae</run_address>
         <size>0x25d</size>
         <input_file_ref idref="fl-da"/>
      </object_component>
      <object_component id="oc-75">
         <name>.debug_info</name>
         <load_address>0xf30b</load_address>
         <run_address>0xf30b</run_address>
         <size>0x3b2</size>
         <input_file_ref idref="fl-db"/>
      </object_component>
      <object_component id="oc-2a">
         <name>.debug_info</name>
         <load_address>0xf6bd</load_address>
         <run_address>0xf6bd</run_address>
         <size>0x10c</size>
         <input_file_ref idref="fl-db"/>
      </object_component>
      <object_component id="oc-39d">
         <name>.debug_info</name>
         <load_address>0xf7c9</load_address>
         <run_address>0xf7c9</run_address>
         <size>0x13f</size>
         <input_file_ref idref="fl-db"/>
      </object_component>
      <object_component id="oc-31e">
         <name>.debug_info</name>
         <load_address>0xf908</load_address>
         <run_address>0xf908</run_address>
         <size>0x168</size>
         <input_file_ref idref="fl-db"/>
      </object_component>
      <object_component id="oc-34d">
         <name>.debug_info</name>
         <load_address>0xfa70</load_address>
         <run_address>0xfa70</run_address>
         <size>0x18e</size>
         <input_file_ref idref="fl-db"/>
      </object_component>
      <object_component id="oc-353">
         <name>.debug_info</name>
         <load_address>0xfbfe</load_address>
         <run_address>0xfbfe</run_address>
         <size>0x19f</size>
         <input_file_ref idref="fl-db"/>
      </object_component>
      <object_component id="oc-318">
         <name>.debug_info</name>
         <load_address>0xfd9d</load_address>
         <run_address>0xfd9d</run_address>
         <size>0x203</size>
         <input_file_ref idref="fl-db"/>
      </object_component>
      <object_component id="oc-3a2">
         <name>.debug_info</name>
         <load_address>0xffa0</load_address>
         <run_address>0xffa0</run_address>
         <size>0x1db</size>
         <input_file_ref idref="fl-db"/>
      </object_component>
      <object_component id="oc-35a">
         <name>.debug_info</name>
         <load_address>0x1017b</load_address>
         <run_address>0x1017b</run_address>
         <size>0x299</size>
         <input_file_ref idref="fl-db"/>
      </object_component>
      <object_component id="oc-c1">
         <name>.debug_info</name>
         <load_address>0x10414</load_address>
         <run_address>0x10414</run_address>
         <size>0xb2</size>
         <input_file_ref idref="fl-db"/>
      </object_component>
      <object_component id="oc-bc">
         <name>.debug_info</name>
         <load_address>0x104c6</load_address>
         <run_address>0x104c6</run_address>
         <size>0x2c</size>
         <input_file_ref idref="fl-db"/>
      </object_component>
      <object_component id="oc-2d0">
         <name>.debug_info</name>
         <load_address>0x104f2</load_address>
         <run_address>0x104f2</run_address>
         <size>0x29a</size>
         <input_file_ref idref="fl-dc"/>
      </object_component>
      <object_component id="oc-255">
         <name>.debug_info</name>
         <load_address>0x1078c</load_address>
         <run_address>0x1078c</run_address>
         <size>0x262</size>
         <input_file_ref idref="fl-dc"/>
      </object_component>
      <object_component id="oc-1fc">
         <name>.debug_info</name>
         <load_address>0x109ee</load_address>
         <run_address>0x109ee</run_address>
         <size>0x28f</size>
         <input_file_ref idref="fl-dd"/>
      </object_component>
      <object_component id="oc-175">
         <name>.debug_info</name>
         <load_address>0x10c7d</load_address>
         <run_address>0x10c7d</run_address>
         <size>0x245</size>
         <input_file_ref idref="fl-dd"/>
      </object_component>
      <object_component id="oc-268">
         <name>.debug_info</name>
         <load_address>0x10ec2</load_address>
         <run_address>0x10ec2</run_address>
         <size>0x289</size>
         <input_file_ref idref="fl-de"/>
      </object_component>
      <object_component id="oc-265">
         <name>.debug_info</name>
         <load_address>0x1114b</load_address>
         <run_address>0x1114b</run_address>
         <size>0x10e</size>
         <input_file_ref idref="fl-de"/>
      </object_component>
      <object_component id="oc-1b3">
         <name>.debug_info</name>
         <load_address>0x11259</load_address>
         <run_address>0x11259</run_address>
         <size>0x14e</size>
         <input_file_ref idref="fl-de"/>
      </object_component>
      <object_component id="oc-2d">
         <name>.debug_info</name>
         <load_address>0x113a7</load_address>
         <run_address>0x113a7</run_address>
         <size>0x10b</size>
         <input_file_ref idref="fl-df"/>
      </object_component>
      <object_component id="oc-5b">
         <name>.debug_info</name>
         <load_address>0x114b2</load_address>
         <run_address>0x114b2</run_address>
         <size>0x1a9</size>
         <input_file_ref idref="fl-df"/>
      </object_component>
      <object_component id="oc-2f9">
         <name>.debug_info</name>
         <load_address>0x1165b</load_address>
         <run_address>0x1165b</run_address>
         <size>0x397</size>
         <input_file_ref idref="fl-e0"/>
      </object_component>
      <object_component id="oc-293">
         <name>.debug_info</name>
         <load_address>0x119f2</load_address>
         <run_address>0x119f2</run_address>
         <size>0x18f</size>
         <input_file_ref idref="fl-e0"/>
      </object_component>
      <object_component id="oc-33e">
         <name>.debug_info</name>
         <load_address>0x11b81</load_address>
         <run_address>0x11b81</run_address>
         <size>0x120</size>
         <input_file_ref idref="fl-e0"/>
      </object_component>
      <object_component id="oc-343">
         <name>.debug_info</name>
         <load_address>0x11ca1</load_address>
         <run_address>0x11ca1</run_address>
         <size>0x2c</size>
         <input_file_ref idref="fl-e0"/>
      </object_component>
      <object_component id="oc-33b">
         <name>.debug_info</name>
         <load_address>0x11ccd</load_address>
         <run_address>0x11ccd</run_address>
         <size>0x337</size>
         <input_file_ref idref="fl-e1"/>
      </object_component>
      <object_component id="oc-337">
         <name>.debug_info</name>
         <load_address>0x12004</load_address>
         <run_address>0x12004</run_address>
         <size>0x109</size>
         <input_file_ref idref="fl-e1"/>
      </object_component>
      <object_component id="oc-2f6">
         <name>.debug_info</name>
         <load_address>0x1210d</load_address>
         <run_address>0x1210d</run_address>
         <size>0x109</size>
         <input_file_ref idref="fl-e1"/>
      </object_component>
      <object_component id="oc-2f4">
         <name>.debug_info</name>
         <load_address>0x12216</load_address>
         <run_address>0x12216</run_address>
         <size>0x347</size>
         <input_file_ref idref="fl-e2"/>
      </object_component>
      <object_component id="oc-28e">
         <name>.debug_info</name>
         <load_address>0x1255d</load_address>
         <run_address>0x1255d</run_address>
         <size>0x18a</size>
         <input_file_ref idref="fl-e2"/>
      </object_component>
      <object_component id="oc-325">
         <name>.debug_info</name>
         <load_address>0x126e7</load_address>
         <run_address>0x126e7</run_address>
         <size>0x176</size>
         <input_file_ref idref="fl-e3"/>
      </object_component>
      <object_component id="oc-316">
         <name>.debug_info</name>
         <load_address>0x1285d</load_address>
         <run_address>0x1285d</run_address>
         <size>0x324</size>
         <input_file_ref idref="fl-e4"/>
      </object_component>
      <object_component id="oc-2e6">
         <name>.debug_info</name>
         <load_address>0x12b81</load_address>
         <run_address>0x12b81</run_address>
         <size>0x1ec</size>
         <input_file_ref idref="fl-e4"/>
      </object_component>
      <object_component id="oc-2c8">
         <name>.debug_info</name>
         <load_address>0x12d6d</load_address>
         <run_address>0x12d6d</run_address>
         <size>0x161</size>
         <input_file_ref idref="fl-e5"/>
      </object_component>
      <object_component id="oc-2af">
         <name>.debug_info</name>
         <load_address>0x12ece</load_address>
         <run_address>0x12ece</run_address>
         <size>0x115</size>
         <input_file_ref idref="fl-e6"/>
      </object_component>
      <object_component id="oc-151">
         <name>.debug_info</name>
         <load_address>0x12fe3</load_address>
         <run_address>0x12fe3</run_address>
         <size>0x4b3</size>
         <input_file_ref idref="fl-e7"/>
      </object_component>
      <object_component id="oc-f0">
         <name>.debug_info</name>
         <load_address>0x13496</load_address>
         <run_address>0x13496</run_address>
         <size>0x1a6</size>
         <input_file_ref idref="fl-e7"/>
      </object_component>
      <object_component id="oc-1ea">
         <name>.debug_info</name>
         <load_address>0x1363c</load_address>
         <run_address>0x1363c</run_address>
         <size>0x39</size>
         <input_file_ref idref="fl-e7"/>
      </object_component>
      <object_component id="oc-29b">
         <name>.debug_info</name>
         <load_address>0x13675</load_address>
         <run_address>0x13675</run_address>
         <size>0x39</size>
         <input_file_ref idref="fl-e7"/>
      </object_component>
      <object_component id="oc-1ef">
         <name>.debug_info</name>
         <load_address>0x136ae</load_address>
         <run_address>0x136ae</run_address>
         <size>0x39</size>
         <input_file_ref idref="fl-e7"/>
      </object_component>
      <object_component id="oc-1f4">
         <name>.debug_info</name>
         <load_address>0x136e7</load_address>
         <run_address>0x136e7</run_address>
         <size>0xcd</size>
         <input_file_ref idref="fl-e7"/>
      </object_component>
      <object_component id="oc-95">
         <name>.debug_info</name>
         <load_address>0x137b4</load_address>
         <run_address>0x137b4</run_address>
         <size>0x153</size>
         <input_file_ref idref="fl-e8"/>
      </object_component>
      <object_component id="oc-3ca">
         <name>.debug_info</name>
         <load_address>0x13907</load_address>
         <run_address>0x13907</run_address>
         <size>0x373</size>
         <input_file_ref idref="fl-eb"/>
      </object_component>
      <object_component id="oc-373">
         <name>.debug_info</name>
         <load_address>0x13c7a</load_address>
         <run_address>0x13c7a</run_address>
         <size>0x1bc</size>
         <input_file_ref idref="fl-eb"/>
      </object_component>
      <object_component id="oc-3d0">
         <name>.debug_info</name>
         <load_address>0x13e36</load_address>
         <run_address>0x13e36</run_address>
         <size>0x378</size>
         <input_file_ref idref="fl-ec"/>
      </object_component>
      <object_component id="oc-387">
         <name>.debug_info</name>
         <load_address>0x141ae</load_address>
         <run_address>0x141ae</run_address>
         <size>0x210</size>
         <input_file_ref idref="fl-ec"/>
      </object_component>
      <object_component id="oc-3c6">
         <name>.debug_info</name>
         <load_address>0x143be</load_address>
         <run_address>0x143be</run_address>
         <size>0x3a3</size>
         <input_file_ref idref="fl-ed"/>
      </object_component>
      <object_component id="oc-36f">
         <name>.debug_info</name>
         <load_address>0x14761</load_address>
         <run_address>0x14761</run_address>
         <size>0x20c</size>
         <input_file_ref idref="fl-ed"/>
      </object_component>
      <object_component id="oc-3cc">
         <name>.debug_info</name>
         <load_address>0x1496d</load_address>
         <run_address>0x1496d</run_address>
         <size>0x377</size>
         <input_file_ref idref="fl-ee"/>
      </object_component>
      <object_component id="oc-37b">
         <name>.debug_info</name>
[...]
      <symbol id="sm-326">
         <name>wcslen</name>
         <value>0x2e45</value>
         <object_component_ref idref="oc-1a9"/>
      </symbol>
      <symbol id="sm-33d">
         <name>__aeabi_dsub</name>
         <value>0x12a9</value>
         <object_component_ref idref="oc-228"/>
      </symbol>
      <symbol id="sm-33e">
         <name>__aeabi_dadd</name>
         <value>0x12b3</value>
         <object_component_ref idref="oc-228"/>
      </symbol>
      <symbol id="sm-360">
         <name>__aeabi_cdcmpeq</name>
         <value>0x2049</value>
         <object_component_ref idref="oc-186"/>
      </symbol>
      <symbol id="sm-361">
         <name>__aeabi_cdcmple</name>
         <value>0x2049</value>
         <object_component_ref idref="oc-186"/>
      </symbol>
      <symbol id="sm-362">
         <name>__aeabi_cdrcmple</name>
         <value>0x20cf</value>
         <object_component_ref idref="oc-213"/>
      </symbol>
      <symbol id="sm-376">
         <name>__aeabi_ddiv</name>
         <value>0x159d</value>
         <object_component_ref idref="oc-20e"/>
      </symbol>
      <symbol id="sm-381">
         <name>__aeabi_dmul</name>
         <value>0x1b1d</value>
         <object_component_ref idref="oc-209"/>
      </symbol>
      <symbol id="sm-38b">
         <name>__aeabi_d2iz</name>
         <value>0x29b9</value>
         <object_component_ref idref="oc-218"/>
      </symbol>
      <symbol id="sm-395">
         <name>__aeabi_i2d</name>
         <value>0x2c8d</value>
         <object_component_ref idref="oc-223"/>
      </symbol>
      <symbol id="sm-3b0">
         <name>memcpy</name>
         <value>0x1e8b</value>
         <object_component_ref idref="oc-3a"/>
      </symbol>
      <symbol id="sm-3b1">
         <name>__aeabi_memcpy</name>
         <value>0x1e8b</value>
         <object_component_ref idref="oc-3a"/>
      </symbol>
      <symbol id="sm-3b2">
         <name>__aeabi_memcpy8</name>
         <value>0x1e8b</value>
         <object_component_ref idref="oc-3a"/>
      </symbol>
      <symbol id="sm-3b3">
         <name>__aeabi_memcpy4</name>
         <value>0x1e8b</value>
         <object_component_ref idref="oc-3a"/>
      </symbol>
      <symbol id="sm-3c0">
         <name>__aeabi_uldivmod</name>
         <value>0x1f27</value>
         <object_component_ref idref="oc-202"/>
      </symbol>
      <symbol id="sm-3cf">
         <name>__aeabi_memset</name>
         <value>0x21d3</value>
         <object_component_ref idref="oc-8e"/>
      </symbol>
      <symbol id="sm-3d0">
         <name>memset</name>
         <value>0x21d9</value>
         <object_component_ref idref="oc-8e"/>
      </symbol>
      <symbol id="sm-3d1">
         <name>__aeabi_memset8</name>
         <value>0x21d3</value>
         <object_component_ref idref="oc-8e"/>
      </symbol>
      <symbol id="sm-3d2">
         <name>__aeabi_memset4</name>
         <value>0x21d3</value>
         <object_component_ref idref="oc-8e"/>
      </symbol>
      <symbol id="sm-3d3">
         <name>__aeabi_memclr8</name>
         <value>0x21d1</value>
         <object_component_ref idref="oc-8e"/>
      </symbol>
      <symbol id="sm-3d4">
         <name>__aeabi_memclr4</name>
         <value>0x21d1</value>
         <object_component_ref idref="oc-8e"/>
      </symbol>
      <symbol id="sm-3d5">
         <name>__aeabi_memclr</name>
         <value>0x21d1</value>
         <object_component_ref idref="oc-8e"/>
      </symbol>
      <symbol id="sm-3e9">
         <name>__TI_zero_init_nomemset</name>
         <value>0x2d81</value>
         <object_component_ref idref="oc-46"/>
      </symbol>
      <symbol id="sm-400">
         <name>__TI_decompress_none</name>
         <value>0x2e57</value>
         <object_component_ref idref="oc-1d"/>
      </symbol>
      <symbol id="sm-423">
         <name>__TI_decompress_lzss</name>
         <value>0x2475</value>
         <object_component_ref idref="oc-17"/>
      </symbol>
      <symbol id="sm-449">
         <name>C$$EXIT</name>
         <value>0x2e91</value>
         <object_component_ref idref="oc-e2"/>
      </symbol>
      <symbol id="sm-44a">
         <name>abort</name>
         <value>0x2e91</value>
         <object_component_ref idref="oc-e2"/>
      </symbol>
      <symbol id="sm-44b">
         <name>__TI_dtors_ptr</name>
         <value>0x200005cc</value>
         <object_component_ref idref="oc-14a"/>
      </symbol>
      <symbol id="sm-44c">
         <name>__TI_cleanup_ptr</name>
         <value>0x200005c8</value>
         <object_component_ref idref="oc-14a"/>
      </symbol>
      <symbol id="sm-44d">
         <name>__TI_enable_exit_profile_output</name>
         <value>0x200005d0</value>
         <object_component_ref idref="oc-14a"/>
      </symbol>
      <symbol id="sm-44e">
         <name>exit</name>
         <value>0x2971</value>
         <object_component_ref idref="oc-e8"/>
      </symbol>
      <symbol id="sm-463">
         <name>_nop</name>
         <value>0xb33</value>
         <object_component_ref idref="oc-1c1"/>
      </symbol>
      <symbol id="sm-464">
         <name>_lock</name>
         <value>0x200005d4</value>
         <object_component_ref idref="oc-130"/>
      </symbol>
      <symbol id="sm-465">
         <name>_unlock</name>
         <value>0x200005d8</value>
         <object_component_ref idref="oc-130"/>
      </symbol>
      <symbol id="sm-474">
         <name>__TI_ltoa</name>
         <value>0x2833</value>
         <object_component_ref idref="oc-21d"/>
      </symbol>
      <symbol id="sm-48a">
         <name>atoi</name>
         <value>0x2925</value>
         <object_component_ref idref="oc-17a"/>
      </symbol>
      <symbol id="sm-495">
         <name>_ctypes_</name>
         <value>0x2e94</value>
         <object_component_ref idref="oc-1fd"/>
      </symbol>
      <symbol id="sm-4aa">
         <name>__TI_tmpnams</name>
         <value>0x2000070c</value>
      </symbol>
      <symbol id="sm-4ab">
         <name>__aeabi_stdout</name>
         <value>0x200005c0</value>
         <object_component_ref idref="oc-366"/>
      </symbol>
      <symbol id="sm-4ac">
         <name>__aeabi_stderr</name>
         <value>0x200005c4</value>
         <object_component_ref idref="oc-366"/>
      </symbol>
      <symbol id="sm-4ad">
         <name>__aeabi_stdin</name>
         <value>0x200005bc</value>
         <object_component_ref idref="oc-366"/>
      </symbol>
      <symbol id="sm-4ae">
         <name>_ftable</name>
         <value>0x20000400</value>
         <object_component_ref idref="oc-133"/>
      </symbol>
      <symbol id="sm-4af">
         <name>__TI_ft_end</name>
         <value>0x200005b8</value>
         <object_component_ref idref="oc-366"/>
      </symbol>
      <symbol id="sm-4bf">
         <name>memccpy</name>
         <value>0x2db9</value>
         <object_component_ref idref="oc-1a3"/>
      </symbol>
      <symbol id="sm-4cf">
         <name>memchr</name>
         <value>0x2d61</value>
         <object_component_ref idref="oc-285"/>
      </symbol>
      <symbol id="sm-558">
         <name>_sys_memory</name>
         <value>0x20000000</value>
         <object_component_ref idref="oc-29"/>
      </symbol>
      <symbol id="sm-559">
         <name>free</name>
         <value>0x1c19</value>
         <object_component_ref idref="oc-317"/>
      </symbol>
      <symbol id="sm-55a">
         <name>memalign</name>
         <value>0x1a1d</value>
         <object_component_ref idref="oc-359"/>
      </symbol>
      <symbol id="sm-55b">
         <name>malloc</name>
         <value>0x2e7d</value>
         <object_component_ref idref="oc-31d"/>
      </symbol>
      <symbol id="sm-55c">
         <name>aligned_alloc</name>
         <value>0x1a1d</value>
         <object_component_ref idref="oc-359"/>
      </symbol>
      <symbol id="sm-56c">
         <name>strchr</name>
         <value>0x2e07</value>
         <object_component_ref idref="oc-254"/>
      </symbol>
      <symbol id="sm-57a">
         <name>strlen</name>
         <value>0x2e31</value>
         <object_component_ref idref="oc-174"/>
      </symbol>
      <symbol id="sm-590">
         <name>__aeabi_errno_addr</name>
         <value>0x2e75</value>
         <object_component_ref idref="oc-1af"/>
      </symbol>
      <symbol id="sm-591">
         <name>errno</name>
         <value>0x200005e4</value>
         <object_component_ref idref="oc-264"/>
      </symbol>
      <symbol id="sm-5a4">
         <name>__stack</name>
         <value>0x2000fe00</value>
         <object_component_ref idref="oc-2c"/>
      </symbol>
      <symbol id="sm-5a5">
         <name>_c_int00_noargs</name>
         <value>0x2c29</value>
         <object_component_ref idref="oc-58"/>
      </symbol>
      <symbol id="sm-5bf">
         <name>write</name>
         <value>0x2d39</value>
         <object_component_ref idref="oc-291"/>
      </symbol>
      <symbol id="sm-5d0">
         <name>_stream</name>
         <value>0x20000568</value>
         <object_component_ref idref="oc-2f5"/>
      </symbol>
      <symbol id="sm-5d1">
         <name>_device</name>
         <value>0x200004f0</value>
         <object_component_ref idref="oc-336"/>
      </symbol>
      <symbol id="sm-5e1">
         <name>__TI_doflush</name>
         <value>0x28d9</value>
         <object_component_ref idref="oc-28b"/>
      </symbol>
      <symbol id="sm-5f1">
         <name>__TI_cleanup</name>
         <value>0x2bc1</value>
         <object_component_ref idref="oc-323"/>
      </symbol>
      <symbol id="sm-603">
         <name>fseek</name>
         <value>0x25a9</value>
         <object_component_ref idref="oc-2e3"/>
      </symbol>
      <symbol id="sm-60d">
         <name>copysign</name>
         <value>0x2dd5</value>
         <object_component_ref idref="oc-2c7"/>
      </symbol>
      <symbol id="sm-60e">
         <name>copysignl</name>
         <value>0x2dd5</value>
         <object_component_ref idref="oc-2c7"/>
      </symbol>
      <symbol id="sm-618">
         <name>__aeabi_idiv0</name>
         <value>0x145f</value>
         <object_component_ref idref="oc-2ae"/>
      </symbol>
      <symbol id="sm-619">
         <name>__aeabi_ldiv0</name>
         <value>0x145f</value>
         <object_component_ref idref="oc-2ae"/>
      </symbol>
      <symbol id="sm-641">
         <name>__TI_auto_init_nobinit_nopinit</name>
         <value>0x2a89</value>
         <object_component_ref idref="oc-ee"/>
      </symbol>
      <symbol id="sm-64b">
         <name>_system_pre_init</name>
         <value>0x2e8d</value>
         <object_component_ref idref="oc-94"/>
      </symbol>
      <symbol id="sm-65e">
         <name>HOSTclose</name>
         <value>0x2a01</value>
         <object_component_ref idref="oc-372"/>
      </symbol>
      <symbol id="sm-66f">
         <name>HOSTlseek</name>
         <value>0x240d</value>
         <object_component_ref idref="oc-384"/>
      </symbol>
      <symbol id="sm-681">
         <name>parmbuf</name>
         <value>0x200007ac</value>
      </symbol>
      <symbol id="sm-682">
         <name>HOSTopen</name>
         <value>0x2671</value>
         <object_component_ref idref="oc-36c"/>
      </symbol>
      <symbol id="sm-693">
         <name>HOSTread</name>
         <value>0x272d</value>
         <object_component_ref idref="oc-378"/>
      </symbol>
      <symbol id="sm-6a4">
         <name>HOSTrename</name>
         <value>0x23a1</value>
         <object_component_ref idref="oc-390"/>
      </symbol>
      <symbol id="sm-6b5">
         <name>HOSTunlink</name>
         <value>0x2a45</value>
         <object_component_ref idref="oc-38a"/>
      </symbol>
      <symbol id="sm-6c6">
         <name>HOSTwrite</name>
         <value>0x2785</value>
         <object_component_ref idref="oc-37e"/>
      </symbol>
      <symbol id="sm-6ea">
         <name>__TI_readmsg</name>
         <value>0x2bf5</value>
         <object_component_ref idref="oc-3bf"/>
      </symbol>
      <symbol id="sm-6eb">
         <name>C$$IO$$</name>
         <value>0x2b7f</value>
         <object_component_ref idref="oc-3b9"/>
      </symbol>
      <symbol id="sm-6ec">
         <name>__CIOBUF_</name>
         <value>0x200005ec</value>
         <object_component_ref idref="oc-3ea"/>
      </symbol>
      <symbol id="sm-6ed">
         <name>__TI_writemsg</name>
         <value>0x2b51</value>
         <object_component_ref idref="oc-3b9"/>
      </symbol>
      <symbol id="sm-6fe">
         <name>lseek</name>
         <value>0x2d11</value>
         <object_component_ref idref="oc-30f"/>
      </symbol>
      <symbol id="sm-713">
         <name>__TI_closefile</name>
         <value>0x224d</value>
         <object_component_ref idref="oc-360"/>
      </symbol>
      <symbol id="sm-736">
         <name>finddevice</name>
         <value>0x2c5d</value>
         <object_component_ref idref="oc-408"/>
      </symbol>
      <symbol id="sm-737">
         <name>getdevice</name>
         <value>0x2acd</value>
         <object_component_ref idref="oc-3e0"/>
      </symbol>
      <symbol id="sm-746">
         <name>strcmp</name>
         <value>0x2def</value>
         <object_component_ref idref="oc-41f"/>
      </symbol>
      <symbol id="sm-754">
         <name>strcpy</name>
         <value>0x2e1d</value>
         <object_component_ref idref="oc-3d3"/>
      </symbol>
      <symbol id="sm-764">
         <name>strncpy</name>
         <value>0x2b89</value>
         <object_component_ref idref="oc-402"/>
      </symbol>
      <symbol id="sm-779">
         <name>close</name>
         <value>0x26d1</value>
         <object_component_ref idref="oc-3a8"/>
      </symbol>
      <symbol id="sm-789">
         <name>unlink</name>
         <value>0x2cbd</value>
         <object_component_ref idref="oc-3ae"/>
      </symbol>
      <symbol id="sm-78a">
         <name>__TI_static_base__</name>
         <value>0x0</value>
      </symbol>
      <symbol id="sm-78d">
         <name>__mpu_init</name>
         <value>0x0</value>
      </symbol>
      <symbol id="sm-78e">
         <name>_system_post_cinit</name>
         <value>0x0</value>
      </symbol>
      <symbol id="sm-78f">
         <name>NMI_Handler</name>
         <value>0x2e71</value>
      </symbol>
      <symbol id="sm-790">
         <name>HardFault_Handler</name>
         <value>0x2e71</value>
      </symbol>
      <symbol id="sm-791">
         <name>MemManage_Handler</name>
         <value>0x2e71</value>
      </symbol>
      <symbol id="sm-792">
         <name>BusFault_Handler</name>
         <value>0x2e71</value>
      </symbol>
      <symbol id="sm-793">
         <name>UsageFault_Handler</name>
         <value>0x2e71</value>
      </symbol>
      <symbol id="sm-794">
         <name>SVC_Handler</name>
         <value>0x2e71</value>
      </symbol>
      <symbol id="sm-795">
         <name>DebugMon_Handler</name>
         <value>0x2e71</value>
      </symbol>
      <symbol id="sm-796">
         <name>PendSV_Handler</name>
         <value>0x2e71</value>
      </symbol>
      <symbol id="sm-797">
         <name>SysTick_Handler</name>
         <value>0x2e71</value>
      </symbol>
      <symbol id="sm-798">
         <name>PSS_IRQHandler</name>
         <value>0x2e71</value>
      </symbol>
      <symbol id="sm-799">
         <name>CS_IRQHandler</name>
         <value>0x2e71</value>
      </symbol>
      <symbol id="sm-79a">
         <name>PCM_IRQHandler</name>
         <value>0x2e71</value>
      </symbol>
      <symbol id="sm-79b">
         <name>WDT_A_IRQHandler</name>
         <value>0x2e71</value>
      </symbol>
      <symbol id="sm-79c">
         <name>FPU_IRQHandler</name>
         <value>0x2e71</value>
      </symbol>
      <symbol id="sm-79d">
         <name>FLCTL_IRQHandler</name>
         <value>0x2e71</value>
      </symbol>
      <symbol id="sm-79e">
         <name>COMP_E0_IRQHandler</name>
         <value>0x2e71</value>
      </symbol>
      <symbol id="sm-79f">
         <name>COMP_E1_IRQHandler</name>
         <value>0x2e71</value>
      </symbol>
      <symbol id="sm-7a0">
         <name>TA0_0_IRQHandler</name>
         <value>0x2e71</value>
      </symbol>
      <symbol id="sm-7a1">
         <name>TA0_N_IRQHandler</name>
         <value>0x2e71</value>
      </symbol>
      <symbol id="sm-7a2">
         <name>TA1_0_IRQHandler</name>
         <value>0x2e71</value>
      </symbol>
      <symbol id="sm-7a3">
         <name>TA1_N_IRQHandler</name>
         <value>0x2e71</value>
      </symbol>
      <symbol id="sm-7a4">
         <name>TA2_0_IRQHandler</name>
         <value>0x2e71</value>
      </symbol>
      <symbol id="sm-7a5">
         <name>TA2_N_IRQHandler</name>
         <value>0x2e71</value>
      </symbol>
      <symbol id="sm-7a6">
         <name>TA3_0_IRQHandler</name>
         <value>0x2e71</value>
      </symbol>
      <symbol id="sm-7a7">
         <name>TA3_N_IRQHandler</name>
         <value>0x2e71</value>
      </symbol>
      <symbol id="sm-7a8">
         <name>EUSCIA0_IRQHandler</name>
         <value>0x2e71</value>
      </symbol>
      <symbol id="sm-7a9">
         <name>EUSCIA1_IRQHandler</name>
         <value>0x2e71</value>
      </symbol>
      <symbol id="sm-7aa">
         <name>EUSCIA2_IRQHandler</name>
         <value>0x2e71</value>
      </symbol>
      <symbol id="sm-7ab">
         <name>EUSCIA3_IRQHandler</name>
         <value>0x2e71</value>
      </symbol>
      <symbol id="sm-7ac">
         <name>EUSCIB0_IRQHandler</name>
         <value>0x2e71</value>
      </symbol>
      <symbol id="sm-7ad">
         <name>EUSCIB1_IRQHandler</name>
         <value>0x2e71</value>
      </symbol>
      <symbol id="sm-7ae">
         <name>EUSCIB2_IRQHandler</name>
         <value>0x2e71</value>
      </symbol>
      <symbol id="sm-7af">
         <name>EUSCIB3_IRQHandler</name>
         <value>0x2e71</value>
      </symbol>
      <symbol id="sm-7b0">
         <name>ADC14_IRQHandler</name>
         <value>0x2e71</value>
      </symbol>
      <symbol id="sm-7b1">
         <name>T32_INT1_IRQHandler</name>
         <value>0x2e71</value>
      </symbol>
      <symbol id="sm-7b2">
         <name>T32_INT2_IRQHandler</name>
         <value>0x2e71</value>
      </symbol>
      <symbol id="sm-7b3">
         <name>T32_INTC_IRQHandler</name>
         <value>0x2e71</value>
      </symbol>
      <symbol id="sm-7b4">
         <name>AES256_IRQHandler</name>
         <value>0x2e71</value>
      </symbol>
      <symbol id="sm-7b5">
         <name>RTC_C_IRQHandler</name>
         <value>0x2e71</value>
      </symbol>
      <symbol id="sm-7b6">
         <name>DMA_ERR_IRQHandler</name>
         <value>0x2e71</value>
      </symbol>
      <symbol id="sm-7b7">
         <name>DMA_INT3_IRQHandler</name>
         <value>0x2e71</value>
      </symbol>
      <symbol id="sm-7b8">
         <name>DMA_INT2_IRQHandler</name>
         <value>0x2e71</value>
      </symbol>
      <symbol id="sm-7b9">
         <name>DMA_INT1_IRQHandler</name>
         <value>0x2e71</value>
      </symbol>
      <symbol id="sm-7ba">
         <name>DMA_INT0_IRQHandler</name>
         <value>0x2e71</value>
      </symbol>
      <symbol id="sm-7bb">
         <name>PORT1_IRQHandler</name>
         <value>0x2e71</value>
      </symbol>
      <symbol id="sm-7bc">
         <name>PORT2_IRQHandler</name>
         <value>0x2e71</value>
      </symbol>
      <symbol id="sm-7bd">
         <name>PORT3_IRQHandler</name>
         <value>0x2e71</value>
      </symbol>
      <symbol id="sm-7be">
         <name>PORT4_IRQHandler</name>
         <value>0x2e71</value>
      </symbol>
      <symbol id="sm-7bf">
         <name>PORT5_IRQHandler</name>
         <value>0x2e71</value>
      </symbol>
      <symbol id="sm-7c0">
         <name>PORT6_IRQHandler</name>
         <value>0x2e71</value>
      </symbol>
      <symbol id="sm-7c1">
         <name>remove</name>
         <value>0x2cbd</value>
      </symbol>
   </symbol_table>
   <title>Link successful</title>
</link_info>
