******************************************************************************
                  TI ARM Linker PC v20.2.5                     
******************************************************************************
>> Linked Wed Dec  1 14:03:05 2021

OUTPUT FILE NAME:   <lab01_my_first_project.out>
ENTRY POINT SYMBOL: "_c_int00_noargs"  address: 00002c29


MEMORY CONFIGURATION

         name            origin    length      used     unused   attr    fill
----------------------  --------  ---------  --------  --------  ----  --------
  MAIN                  00000000   00040000  00003025  0003cfdb  R  X
  INFO                  00200000   00004000  00000000  00004000  R  X
  SRAM_CODE             01000000   00010000  000009b4  0000f64c  RW X
  SRAM_DATA             20000000   00010000  000009b4  0000f64c  RW  


SEGMENT ALLOCATION MAP

run origin  load origin   length   init length attrs members
----------  ----------- ---------- ----------- ----- -------
00000000    00000000    00003028   00003028    r-x
  00000000    00000000    000000e4   000000e4    r-- .intvecs
  000000e4    000000e4    00002db0   00002db0    r-x .text
  00002e94    00002e94    00000101   00000101    r-- .const
  00002f98    00002f98    00000090   00000090    r-- .cinit
20000000    20000000    000007b4   00000000    rw-
  20000000    20000000    00000400   00000000    rw- .sysmem
  20000400    20000400    000001ec   00000000    rw- .data
  200005ec    200005ec    000001c8   00000000    rw- .bss
2000fe00    2000fe00    00000200   00000000    rw-
  2000fe00    2000fe00    00000200   00000000    rw- .stack


SECTION ALLOCATION MAP

 output                                  attributes/
section   page    origin      length       input sections
--------  ----  ----------  ----------   ----------------
.intvecs   0    00000000    000000e4     
                  00000000    000000e4     startup_msp432p401r_ccs.obj (.intvecs:retain)

.text      0    000000e4    00002db0     
                  000000e4    00000a4e     rtsv7M4_T_le_v4SPD16_eabi.lib : _printfi.c.obj (.text:__TI_printfi)
                  00000b32    00000002                                   : _lock.c.obj (.text:_nop)
                  00000b34    00000334     system_msp432p401r.obj (.text)
                  00000e68    00000270     rtsv7M4_T_le_v4SPD16_eabi.lib : _printfi.c.obj (.text:_pconv_a)
                  000010d8    000001d0                                   : _printfi.c.obj (.text:_pconv_g)
                  000012a8    000001b6                                   : fd_add_t2.asm.obj (.text)
                  0000145e    00000002                                   : div0.asm.obj (.text)
                  00001460    0000013c                                   : _printfi.c.obj (.text:_pconv_e)
                  0000159c    00000136                                   : fd_div_t2.asm.obj (.text)
                  000016d2    00000002     --HOLE-- [fill = 0]
                  000016d4    00000124                                   : _printfi.c.obj (.text:fcvt)
                  000017f8    00000114                                   : fputs.c.obj (.text:fputs)
                  0000190c    00000110                                   : s_scalbn.c.obj (.text:scalbn)
                  00001a1c    00000100                                   : memory.c.obj (.text:aligned_alloc)
                  00001b1c    000000fc                                   : fd_mul_t2.asm.obj (.text)
                  00001c18    000000e4                                   : memory.c.obj (.text:free)
                  00001cfc    000000dc                                   : setvbuf.c.obj (.text:setvbuf)
                  00001dd8    000000b1                                   : _printfi.c.obj (.text:_ltostr)
                  00001e89    00000001     --HOLE-- [fill = 0]
                  00001e8a    0000009c                                   : memcpy_t2.asm.obj (.text)
                  00001f26    00000096                                   : ull_div_t2.asm.obj (.text)
                  00001fbc    0000008c                                   : fputc.c.obj (.text:fputc)
                  00002048    00000086                                   : fd_cmp_t2.asm.obj (.text:__aeabi_cdcmple)
                  000020ce    00000086                                   : fd_cmp_t2.asm.obj (.text:__aeabi_cdrcmple)
                  00002154    0000007c     blink.obj (.text)
                  000021d0    0000007a     rtsv7M4_T_le_v4SPD16_eabi.lib : memset_t2.asm.obj (.text)
                  0000224a    00000002     --HOLE-- [fill = 0]
                  0000224c    00000074                                   : fclose.c.obj (.text:__TI_closefile)
                  000022c0    00000070                                   : memory.c.obj (.text:split)
                  00002330    0000006e                                   : _printfi.c.obj (.text:_mcpy)
                  0000239e    00000002     --HOLE-- [fill = 0]
                  000023a0    0000006c                                   : hostrename.c.obj (.text:HOSTrename)
                  0000240c    00000068                                   : hostlseek.c.obj (.text:HOSTlseek)
                  00002474    00000068                                   : copy_decompress_lzss.c.obj (.text:decompress:lzss:__TI_decompress_lzss)
                  000024dc    00000068                                   : printf.c.obj (.text:printf)
                  00002544    00000064                                   : s_frexp.c.obj (.text:frexp)
                  000025a8    00000064                                   : fseek.c.obj (.text:fseek)
                  0000260c    00000062                                   : _io_perm.c.obj (.text:__TI_wrt_ok)
                  0000266e    00000002     --HOLE-- [fill = 0]
                  00002670    00000060                                   : hostopen.c.obj (.text:HOSTopen)
                  000026d0    0000005c                                   : close.c.obj (.text:close)
                  0000272c    00000058                                   : hostread.c.obj (.text:HOSTread)
                  00002784    00000058                                   : hostwrite.c.obj (.text:HOSTwrite)
                  000027dc    00000056                                   : _printfi.c.obj (.text:_pconv_f)
                  00002832    00000054                                   : _ltoa.c.obj (.text:__TI_ltoa)
                  00002886    00000052                                   : _printfi.c.obj (.text:_ecpy)
                  000028d8    0000004c                                   : fflush.c.obj (.text:__TI_doflush)
                  00002924    0000004c                                   : atoi.c.obj (.text:atoi)
                  00002970    00000048                                   : exit.c.obj (.text:exit)
                  000029b8    00000048                                   : fd_toi_t2.asm.obj (.text)
                  00002a00    00000044                                   : hostclose.c.obj (.text:HOSTclose)
                  00002a44    00000044                                   : hostunlink.c.obj (.text:HOSTunlink)
                  00002a88    00000044                                   : autoinit.c.obj (.text:__TI_auto_init_nobinit_nopinit:__TI_auto_init_nobinit_nopinit)
                  00002acc    00000044                                   : getdevice.c.obj (.text:getdevice)
                  00002b10    0000003e                                   : _printfi.c.obj (.text:_fcpy)
                  00002b4e    00000002     --HOLE-- [fill = 0]
                  00002b50    00000038                                   : trgmsg.c.obj (.text:__TI_writemsg)
                  00002b88    00000036                                   : strncpy.c.obj (.text:strncpy)
                  00002bbe    00000002     --HOLE-- [fill = 0]
                  00002bc0    00000034                                   : fopen.c.obj (.text:__TI_cleanup)
                  00002bf4    00000034                                   : trgmsg.c.obj (.text:__TI_readmsg)
                  00002c28    00000034                                   : boot_cortex_m.c.obj (.text:_c_int00_noargs:_c_int00_noargs)
                  00002c5c    00000030                                   : getdevice.c.obj (.text:finddevice)
                  00002c8c    0000002e                                   : i_tofd_t2.asm.obj (.text)
                  00002cba    00000002     --HOLE-- [fill = 0]
                  00002cbc    0000002c                                   : unlink.c.obj (.text:unlink)
                  00002ce8    00000028                                   : memory.c.obj (.text:free_list_insert)
                  00002d10    00000028                                   : lseek.c.obj (.text:lseek)
                  00002d38    00000028                                   : write.c.obj (.text:write)
                  00002d60    00000020                                   : memchr.c.obj (.text:memchr)
                  00002d80    0000001c                                   : copy_zero_init.c.obj (.text:decompress:ZI:__TI_zero_init_nomemset:__TI_zero_init_nomemset)
                  00002d9c    0000001c                                   : memory.c.obj (.text:free_list_remove)
                  00002db8    0000001c                                   : memccpy.c.obj (.text:memccpy)
                  00002dd4    0000001a                                   : s_copysign.c.obj (.text:copysign)
                  00002dee    00000018                                   : strcmp.c.obj (.text:strcmp)
                  00002e06    00000016                                   : strchr.c.obj (.text:strchr)
                  00002e1c    00000014                                   : strcpy.c.obj (.text:strcpy)
                  00002e30    00000014                                   : strlen.c.obj (.text:strlen)
                  00002e44    00000012                                   : wcslen.c.obj (.text:wcslen)
                  00002e56    0000000e                                   : copy_decompress_none.c.obj (.text:decompress:none:__TI_decompress_none)
                  00002e64    0000000e     startup_msp432p401r_ccs.obj (.text)
                  00002e72    00000002     --HOLE-- [fill = 0]
                  00002e74    00000008     rtsv7M4_T_le_v4SPD16_eabi.lib : errno.c.obj (.text:__aeabi_errno_addr)
                  00002e7c    00000008                                   : memory.c.obj (.text:malloc)
                  00002e84    00000004                                   : printf.c.obj (.text:_outc)
                  00002e88    00000004                                   : printf.c.obj (.text:_outs)
                  00002e8c    00000004                                   : pre_init.c.obj (.text:_system_pre_init)
                  00002e90    00000004                                   : exit.c.obj (.text:abort:abort)

.const     0    00002e94    00000101     
                  00002e94    00000101     rtsv7M4_T_le_v4SPD16_eabi.lib : ctype.c.obj (.const:.string:_ctypes_)

.cinit     0    00002f98    00000090     
                  00002f98    00000069     (.cinit..data.load) [load image, compression = lzss]
                  00003001    00000003     --HOLE-- [fill = 0]
                  00003004    0000000c     (__TI_handler_table)
                  00003010    00000008     (.cinit..bss.load) [load image, compression = zero_init]
                  00003018    00000010     (__TI_cinit_table)

.init_array 
*          0    00000000    00000000     UNINITIALIZED

.binit     0    00000000    00000000     

.sysmem    0    20000000    00000400     UNINITIALIZED
                  20000000    00000010     rtsv7M4_T_le_v4SPD16_eabi.lib : memory.c.obj (.sysmem)
                  20000010    000003f0     --HOLE--

.data      0    20000400    000001ec     UNINITIALIZED
                  20000400    000000f0     rtsv7M4_T_le_v4SPD16_eabi.lib : defs.c.obj (.data:_ftable)
                  200004f0    00000078                                   : host_device.c.obj (.data:_device)
                  20000568    00000050                                   : host_device.c.obj (.data:_stream)
                  200005b8    00000010                                   : defs.c.obj (.data)
                  200005c8    0000000c                                   : exit.c.obj (.data:$O1$$)
                  200005d4    00000008                                   : _lock.c.obj (.data:$O1$$)
                  200005dc    00000008                                   : memory.c.obj (.data:$O1$$)
                  200005e4    00000004                                   : errno.c.obj (.data)
                  200005e8    00000004     system_msp432p401r.obj (.data)

.bss       0    200005ec    000001c8     UNINITIALIZED
                  200005ec    00000120     rtsv7M4_T_le_v4SPD16_eabi.lib : trgmsg.c.obj (.bss:_CIOBUF_)
                  2000070c    000000a0     (.common:__TI_tmpnams)
                  200007ac    00000008     (.common:parmbuf)

.stack     0    2000fe00    00000200     UNINITIALIZED
                  2000fe00    00000004     rtsv7M4_T_le_v4SPD16_eabi.lib : boot_cortex_m.c.obj (.stack)
                  2000fe04    000001fc     --HOLE--

__llvm_prf_cnts 
*          0    20000000    00000000     UNINITIALIZED

MODULE SUMMARY

       Module                        code    ro data   rw data
       ------                        ----    -------   -------
    .\
       system_msp432p401r.obj        820     0         8      
       startup_msp432p401r_ccs.obj   14      228       0      
       blink.obj                     124     0         0      
    +--+-----------------------------+-------+---------+---------+
       Total:                        958     228       8      
                                                              
    C:\ti\ccs1100\ccs\tools\compiler\ti-cgt-arm_20.2.5.LTS\lib\rtsv7M4_T_le_v4SPD16_eabi.lib
       _printfi.c.obj                4851    0         0      
       defs.c.obj                    0       0         832    
       memory.c.obj                  672     0         16     
       trgmsg.c.obj                  108     0         576    
       fd_add_t2.asm.obj             438     0         0      
       host_device.c.obj             0       0         400    
       fd_div_t2.asm.obj             310     0         0      
       fputs.c.obj                   276     0         0      
       s_scalbn.c.obj                272     0         0      
       fd_cmp_t2.asm.obj             268     0         0      
       ctype.c.obj                   0       257       0      
       fd_mul_t2.asm.obj             252     0         0      
       setvbuf.c.obj                 220     0         0      
       memcpy_t2.asm.obj             156     0         0      
       ull_div_t2.asm.obj            150     0         0      
       fputc.c.obj                   140     0         0      
       memset_t2.asm.obj             122     0         0      
       fclose.c.obj                  116     0         0      
       getdevice.c.obj               116     0         0      
       hostopen.c.obj                96      0         16     
       printf.c.obj                  112     0         0      
       hostrename.c.obj              108     0         0      
       copy_decompress_lzss.c.obj    104     0         0      
       hostlseek.c.obj               104     0         0      
       exit.c.obj                    76      0         24     
       fseek.c.obj                   100     0         0      
       s_frexp.c.obj                 100     0         0      
       _io_perm.c.obj                98      0         0      
       close.c.obj                   92      0         0      
       hostread.c.obj                88      0         0      
       hostwrite.c.obj               88      0         0      
       _ltoa.c.obj                   84      0         0      
       atoi.c.obj                    76      0         0      
       fflush.c.obj                  76      0         0      
       fd_toi_t2.asm.obj             72      0         0      
       autoinit.c.obj                68      0         0      
       hostclose.c.obj               68      0         0      
       hostunlink.c.obj              68      0         0      
       strncpy.c.obj                 54      0         0      
       boot_cortex_m.c.obj           52      0         0      
       fopen.c.obj                   52      0         0      
       i_tofd_t2.asm.obj             46      0         0      
       unlink.c.obj                  44      0         0      
       lseek.c.obj                   40      0         0      
       write.c.obj                   40      0         0      
       memchr.c.obj                  32      0         0      
       copy_zero_init.c.obj          28      0         0      
       memccpy.c.obj                 28      0         0      
       s_copysign.c.obj              26      0         0      
       strcmp.c.obj                  24      0         0      
       strchr.c.obj                  22      0         0      
       strcpy.c.obj                  20      0         0      
       strlen.c.obj                  20      0         0      
       _lock.c.obj                   2       0         16     
       wcslen.c.obj                  18      0         0      
       errno.c.obj                   8       0         8      
       copy_decompress_none.c.obj    14      0         0      
       pre_init.c.obj                4       0         0      
       div0.asm.obj                  2       0         0      
    +--+-----------------------------+-------+---------+---------+
       Total:                        10721   257       1888   
                                                              
       Heap:                         0       0         2048   
       Stack:                        0       0         1024   
       Linker Generated:             0       141       0      
    +--+-----------------------------+-------+---------+---------+
       Grand Total:                  11679   626       4968   


LINKER GENERATED COPY TABLES

__TI_cinit_table @ 00003018 records: 2, size/record: 8, table size: 16
	.data: load addr=00002f98, load size=00000069 bytes, run addr=20000400, run size=000001ec bytes, compression=lzss
	.bss: load addr=00003010, load size=00000008 bytes, run addr=200005ec, run size=000001c8 bytes, compression=zero_init


LINKER GENERATED HANDLER TABLE

__TI_handler_table @ 00003004 records: 3, size/record: 4, table size: 12
	index: 0, handler: __TI_decompress_lzss
	index: 1, handler: __TI_decompress_none
	index: 2, handler: __TI_zero_init


GLOBAL SYMBOLS: SORTED ALPHABETICALLY BY Name 

address   name                           
-------   ----                           
00002e71  ADC14_IRQHandler               
00002e71  AES256_IRQHandler              
00002e71  BusFault_Handler               
00002e91  C$$EXIT                        
00002b7f  C$$IO$$                        
00002e71  COMP_E0_IRQHandler             
00002e71  COMP_E1_IRQHandler             
00002e71  CS_IRQHandler                  
00002e71  DMA_ERR_IRQHandler             
00002e71  DMA_INT0_IRQHandler            
00002e71  DMA_INT1_IRQHandler            
00002e71  DMA_INT2_IRQHandler            
00002e71  DMA_INT3_IRQHandler            
00002e71  DebugMon_Handler               
00002e71  Default_Handler                
00002e71  EUSCIA0_IRQHandler             
00002e71  EUSCIA1_IRQHandler             
00002e71  EUSCIA2_IRQHandler             
00002e71  EUSCIA3_IRQHandler             
00002e71  EUSCIB0_IRQHandler             
00002e71  EUSCIB1_IRQHandler             
00002e71  EUSCIB2_IRQHandler             
00002e71  EUSCIB3_IRQHandler             
00002e71  FLCTL_IRQHandler               
00002e71  FPU_IRQHandler                 
00002a01  HOSTclose                      
0000240d  HOSTlseek                      
00002671  HOSTopen                       
0000272d  HOSTread                       
000023a1  HOSTrename                     
00002a45  HOSTunlink                     
00002785  HOSTwrite                      
00002e71  HardFault_Handler              
00002e71  MemManage_Handler              
00002e71  NMI_Handler                    
00002e71  PCM_IRQHandler                 
00002e71  PORT1_IRQHandler               
00002e71  PORT2_IRQHandler               
00002e71  PORT3_IRQHandler               
00002e71  PORT4_IRQHandler               
00002e71  PORT5_IRQHandler               
00002e71  PORT6_IRQHandler               
00002e71  PSS_IRQHandler                 
00002e71  PendSV_Handler                 
00002e71  RTC_C_IRQHandler               
00002e65  Reset_Handler                  
00002e71  SVC_Handler                    
00002e71  SysTick_Handler                
200005e8  SystemCoreClock                
00000b35  SystemCoreClockUpdate          
00000dad  SystemInit                     
00002e71  T32_INT1_IRQHandler            
00002e71  T32_INT2_IRQHandler            
00002e71  T32_INTC_IRQHandler            
00002e71  TA0_0_IRQHandler               
00002e71  TA0_N_IRQHandler               
00002e71  TA1_0_IRQHandler               
00002e71  TA1_N_IRQHandler               
00002e71  TA2_0_IRQHandler               
00002e71  TA2_N_IRQHandler               
00002e71  TA3_0_IRQHandler               
00002e71  TA3_N_IRQHandler               
00002e71  UsageFault_Handler             
4000480c  WDTCTL_SYM                     
00002e71  WDT_A_IRQHandler               
200005ec  __CIOBUF_                      
20010000  __STACK_END                    
00000200  __STACK_SIZE                   
00000400  __SYSMEM_SIZE                  
00003018  __TI_CINIT_Base                
00003028  __TI_CINIT_Limit               
00003004  __TI_Handler_Table_Base        
00003010  __TI_Handler_Table_Limit       
00002a89  __TI_auto_init_nobinit_nopinit 
00002bc1  __TI_cleanup                   
200005c8  __TI_cleanup_ptr               
0000224d  __TI_closefile                 
00002475  __TI_decompress_lzss           
00002e57  __TI_decompress_none           
000028d9  __TI_doflush                   
200005cc  __TI_dtors_ptr                 
200005d0  __TI_enable_exit_profile_output
200005b8  __TI_ft_end                    
00002833  __TI_ltoa                      
ffffffff  __TI_pprof_out_hndl            
000000e5  __TI_printfi                   
ffffffff  __TI_prof_data_size            
ffffffff  __TI_prof_data_start           
00002bf5  __TI_readmsg                   
00000000  __TI_static_base__             
2000070c  __TI_tmpnams                   
00002b51  __TI_writemsg                  
0000260d  __TI_wrt_ok                    
00002d81  __TI_zero_init_nomemset        
00002049  __aeabi_cdcmpeq                
00002049  __aeabi_cdcmple                
000020cf  __aeabi_cdrcmple               
000029b9  __aeabi_d2iz                   
000012b3  __aeabi_dadd                   
0000159d  __aeabi_ddiv                   
00001b1d  __aeabi_dmul                   
000012a9  __aeabi_dsub                   
00002e75  __aeabi_errno_addr             
00002c8d  __aeabi_i2d                    
0000145f  __aeabi_idiv0                  
0000145f  __aeabi_ldiv0                  
000021d1  __aeabi_memclr                 
000021d1  __aeabi_memclr4                
000021d1  __aeabi_memclr8                
00001e8b  __aeabi_memcpy                 
00001e8b  __aeabi_memcpy4                
00001e8b  __aeabi_memcpy8                
000021d3  __aeabi_memset                 
000021d3  __aeabi_memset4                
000021d3  __aeabi_memset8                
200005c4  __aeabi_stderr                 
200005bc  __aeabi_stdin                  
200005c0  __aeabi_stdout                 
00001f27  __aeabi_uldivmod               
ffffffff  __binit__                      
ffffffff  __c_args__                     
UNDEFED   __mpu_init                     
2000fe00  __stack                        
20000000  __start___llvm_prf_cnts        
20000000  __stop___llvm_prf_cnts         
00002c29  _c_int00_noargs                
00002e94  _ctypes_                       
200004f0  _device                        
20000400  _ftable                        
200005d4  _lock                          
00000b33  _nop                           
20000568  _stream                        
20000000  _sys_memory                    
UNDEFED   _system_post_cinit             
00002e8d  _system_pre_init               
200005d8  _unlock                        
00002e91  abort                          
00001a1d  aligned_alloc                  
00002925  atoi                           
ffffffff  binit                          
000026d1  close                          
00002dd5  copysign                       
00002dd5  copysignl                      
200005e4  errno                          
00002971  exit                           
00002c5d  finddevice                     
00001fbd  fputc                          
000017f9  fputs                          
00001c19  free                           
00002545  frexp                          
00002545  frexpl                         
000025a9  fseek                          
00002acd  getdevice                      
00000000  interruptVectors               
0000190d  ldexp                          
0000190d  ldexpl                         
00002d11  lseek                          
00002155  main                           
00002e7d  malloc                         
00001a1d  memalign                       
00002db9  memccpy                        
00002d61  memchr                         
00001e8b  memcpy                         
000021d9  memset                         
200007ac  parmbuf                        
000024dd  printf                         
00001fbd  putc                           
00002cbd  remove                         
0000190d  scalbn                         
0000190d  scalbnl                        
00001cfd  setvbuf                        
00002e07  strchr                         
00002def  strcmp                         
00002e1d  strcpy                         
00002e31  strlen                         
00002b89  strncpy                        
00002cbd  unlink                         
00002e45  wcslen                         
00002d39  write                          


GLOBAL SYMBOLS: SORTED BY Symbol Address 

address   name                           
-------   ----                           
00000000  __TI_static_base__             
00000000  interruptVectors               
000000e5  __TI_printfi                   
00000200  __STACK_SIZE                   
00000400  __SYSMEM_SIZE                  
00000b33  _nop                           
00000b35  SystemCoreClockUpdate          
00000dad  SystemInit                     
000012a9  __aeabi_dsub                   
000012b3  __aeabi_dadd                   
0000145f  __aeabi_idiv0                  
0000145f  __aeabi_ldiv0                  
0000159d  __aeabi_ddiv                   
000017f9  fputs                          
0000190d  ldexp                          
0000190d  ldexpl                         
0000190d  scalbn                         
0000190d  scalbnl                        
00001a1d  aligned_alloc                  
00001a1d  memalign                       
00001b1d  __aeabi_dmul                   
00001c19  free                           
00001cfd  setvbuf                        
00001e8b  __aeabi_memcpy                 
00001e8b  __aeabi_memcpy4                
00001e8b  __aeabi_memcpy8                
00001e8b  memcpy                         
00001f27  __aeabi_uldivmod               
00001fbd  fputc                          
00001fbd  putc                           
00002049  __aeabi_cdcmpeq                
00002049  __aeabi_cdcmple                
000020cf  __aeabi_cdrcmple               
00002155  main                           
000021d1  __aeabi_memclr                 
000021d1  __aeabi_memclr4                
000021d1  __aeabi_memclr8                
000021d3  __aeabi_memset                 
000021d3  __aeabi_memset4                
000021d3  __aeabi_memset8                
000021d9  memset                         
0000224d  __TI_closefile                 
000023a1  HOSTrename                     
0000240d  HOSTlseek                      
00002475  __TI_decompress_lzss           
000024dd  printf                         
00002545  frexp                          
00002545  frexpl                         
000025a9  fseek                          
0000260d  __TI_wrt_ok                    
00002671  HOSTopen                       
000026d1  close                          
0000272d  HOSTread                       
00002785  HOSTwrite                      
00002833  __TI_ltoa                      
000028d9  __TI_doflush                   
00002925  atoi                           
00002971  exit                           
000029b9  __aeabi_d2iz                   
00002a01  HOSTclose                      
00002a45  HOSTunlink                     
00002a89  __TI_auto_init_nobinit_nopinit 
00002acd  getdevice                      
00002b51  __TI_writemsg                  
00002b7f  C$$IO$$                        
00002b89  strncpy                        
00002bc1  __TI_cleanup                   
00002bf5  __TI_readmsg                   
00002c29  _c_int00_noargs                
00002c5d  finddevice                     
00002c8d  __aeabi_i2d                    
00002cbd  remove                         
00002cbd  unlink                         
00002d11  lseek                          
00002d39  write                          
00002d61  memchr                         
00002d81  __TI_zero_init_nomemset        
00002db9  memccpy                        
00002dd5  copysign                       
00002dd5  copysignl                      
00002def  strcmp                         
00002e07  strchr                         
00002e1d  strcpy                         
00002e31  strlen                         
00002e45  wcslen                         
00002e57  __TI_decompress_none           
00002e65  Reset_Handler                  
00002e71  ADC14_IRQHandler               
00002e71  AES256_IRQHandler              
00002e71  BusFault_Handler               
00002e71  COMP_E0_IRQHandler             
00002e71  COMP_E1_IRQHandler             
00002e71  CS_IRQHandler                  
00002e71  DMA_ERR_IRQHandler             
00002e71  DMA_INT0_IRQHandler            
00002e71  DMA_INT1_IRQHandler            
00002e71  DMA_INT2_IRQHandler            
00002e71  DMA_INT3_IRQHandler            
00002e71  DebugMon_Handler               
00002e71  Default_Handler                
00002e71  EUSCIA0_IRQHandler             
00002e71  EUSCIA1_IRQHandler             
00002e71  EUSCIA2_IRQHandler             
00002e71  EUSCIA3_IRQHandler             
00002e71  EUSCIB0_IRQHandler             
00002e71  EUSCIB1_IRQHandler             
00002e71  EUSCIB2_IRQHandler             
00002e71  EUSCIB3_IRQHandler             
00002e71  FLCTL_IRQHandler               
00002e71  FPU_IRQHandler                 
00002e71  HardFault_Handler              
00002e71  MemManage_Handler              
00002e71  NMI_Handler                    
00002e71  PCM_IRQHandler                 
00002e71  PORT1_IRQHandler               
00002e71  PORT2_IRQHandler               
00002e71  PORT3_IRQHandler               
00002e71  PORT4_IRQHandler               
00002e71  PORT5_IRQHandler               
00002e71  PORT6_IRQHandler               
00002e71  PSS_IRQHandler                 
00002e71  PendSV_Handler                 
00002e71  RTC_C_IRQHandler               
00002e71  SVC_Handler                    
00002e71  SysTick_Handler                
00002e71  T32_INT1_IRQHandler            
00002e71  T32_INT2_IRQHandler            
00002e71  T32_INTC_IRQHandler            
00002e71  TA0_0_IRQHandler               
00002e71  TA0_N_IRQHandler               
00002e71  TA1_0_IRQHandler               
00002e71  TA1_N_IRQHandler               
00002e71  TA2_0_IRQHandler               
00002e71  TA2_N_IRQHandler               
00002e71  TA3_0_IRQHandler               
00002e71  TA3_N_IRQHandler               
00002e71  UsageFault_Handler             
00002e71  WDT_A_IRQHandler               
00002e75  __aeabi_errno_addr             
00002e7d  malloc                         
00002e8d  _system_pre_init               
00002e91  C$$EXIT                        
00002e91  abort                          
00002e94  _ctypes_                       
00003004  __TI_Handler_Table_Base        
00003010  __TI_Handler_Table_Limit       
00003018  __TI_CINIT_Base                
00003028  __TI_CINIT_Limit               
20000000  __start___llvm_prf_cnts        
20000000  __stop___llvm_prf_cnts         
20000000  _sys_memory                    
20000400  _ftable                        
200004f0  _device                        
20000568  _stream                        
200005b8  __TI_ft_end                    
200005bc  __aeabi_stdin                  
200005c0  __aeabi_stdout                 
200005c4  __aeabi_stderr                 
200005c8  __TI_cleanup_ptr               
200005cc  __TI_dtors_ptr                 
200005d0  __TI_enable_exit_profile_output
200005d4  _lock                          
200005d8  _unlock                        
200005e4  errno                          
200005e8  SystemCoreClock                
200005ec  __CIOBUF_                      
2000070c  __TI_tmpnams                   
200007ac  parmbuf                        
2000fe00  __stack                        
20010000  __STACK_END                    
4000480c  WDTCTL_SYM                     
ffffffff  __TI_pprof_out_hndl            
ffffffff  __TI_prof_data_size            
ffffffff  __TI_prof_data_start           
ffffffff  __binit__                      
ffffffff  __c_args__                     
ffffffff  binit                          
UNDEFED   __mpu_init                     
UNDEFED   _system_post_cinit             

[179 symbols]
