******************************************************************************
                  TI ARM Linker PC v20.2.5                     
******************************************************************************
>> Linked Tue Feb  1 11:31:01 2022

OUTPUT FILE NAME:   <prog12.out>
ENTRY POINT SYMBOL: "_c_int00_noargs"  address: 00004551


MEMORY CONFIGURATION

         name            origin    length      used     unused   attr    fill
----------------------  --------  ---------  --------  --------  ----  --------
  MAIN                  00000000   00040000  00004a9a  0003b566  R  X
  INFO                  00200000   00004000  00000000  00004000  R  X
  SRAM_CODE             01000000   00010000  000009b4  0000f64c  RW X
  SRAM_DATA             20000000   00010000  000009b4  0000f64c  RW  


SEGMENT ALLOCATION MAP

run origin  load origin   length   init length attrs members
----------  ----------- ---------- ----------- ----- -------
00000000    00000000    00004aa0   00004aa0    r-x
  00000000    00000000    000000e4   000000e4    r-- .intvecs
  000000e4    000000e4    0000473e   0000473e    r-x .text
  00004828    00004828    000001e0   000001e0    r-- .const
  00004a08    00004a08    00000098   00000098    r-- .cinit
20000000    20000000    000007b4   00000000    rw-
  20000000    20000000    00000400   00000000    rw- .sysmem
  20000400    20000400    000001ec   00000000    rw- .data
  200005ec    200005ec    000001c8   00000000    rw- .bss
2000fe00    2000fe00    00000200   00000000    rw-
  2000fe00    2000fe00    00000200   00000000    rw- .stack


SECTION ALLOCATION MAP

 output                                  attributes/
section   page    origin      length       input sections
--------  ----  ----------  ----------   ----------------
.intvecs   0    00000000    000000e4     
                  00000000    000000e4     startup_msp432p401r_ccs.obj (.intvecs:retain)

.text      0    000000e4    0000473e     
                  000000e4    00000b14     rtsv7M4_T_le_v4SPD16_eabi.lib : _scanfi.c.obj (.text:__TI_scanfi)
                  00000bf8    00000a4e                                   : _printfi.c.obj (.text:__TI_printfi)
                  00001646    00000002                                   : _lock.c.obj (.text:_nop)
                  00001648    00000460                                   : strtod.c.obj (.text:strtod)
                  00001aa8    00000334     system_msp432p401r.obj (.text)
                  00001ddc    00000270     rtsv7M4_T_le_v4SPD16_eabi.lib : _printfi.c.obj (.text:_pconv_a)
                  0000204c    000001dc                                   : strtoll.c.obj (.text:strtoll)
                  00002228    000001d0                                   : _printfi.c.obj (.text:_pconv_g)
                  000023f8    000001b6                                   : fd_add_t2.asm.obj (.text)
                  000025ae    00000002                                   : div0.asm.obj (.text)
                  000025b0    0000016c     prog12.obj (.text)
                  0000271c    0000015c     rtsv7M4_T_le_v4SPD16_eabi.lib : strtoull.c.obj (.text:strtoull)
                  00002878    0000013c                                   : _printfi.c.obj (.text:_pconv_e)
                  000029b4    00000136                                   : fd_div_t2.asm.obj (.text)
                  00002aea    00000002     --HOLE-- [fill = 0]
                  00002aec    00000130                                   : strtol.c.obj (.text:strtol)
                  00002c1c    00000124                                   : _printfi.c.obj (.text:fcvt)
                  00002d40    00000114                                   : fputs.c.obj (.text:fputs)
                  00002e54    00000110                                   : s_scalbn.c.obj (.text:scalbn)
                  00002f64    00000110                                   : strtoul.c.obj (.text:strtoul)
                  00003074    00000100                                   : memory.c.obj (.text:aligned_alloc)
                  00003174    000000fc                                   : fd_mul_t2.asm.obj (.text)
                  00003270    000000e4                                   : memory.c.obj (.text:free)
                  00003354    000000dc                                   : setvbuf.c.obj (.text:setvbuf)
                  00003430    000000b1                                   : _printfi.c.obj (.text:_ltostr)
                  000034e1    00000003     --HOLE-- [fill = 0]
                  000034e4    0000009c                                   : _bufread.c.obj (.text:__TI_buff_read)
                  00003580    0000009c                                   : memcpy_t2.asm.obj (.text)
                  0000361c    00000096                                   : ull_div_t2.asm.obj (.text)
                  000036b2    00000002     --HOLE-- [fill = 0]
                  000036b4    0000008c                                   : fputc.c.obj (.text:fputc)
                  00003740    00000088                                   : fscanf.c.obj (.text:_chkmbc)
                  000037c8    00000086                                   : fd_cmp_t2.asm.obj (.text:__aeabi_cdcmple)
                  0000384e    00000086                                   : fd_cmp_t2.asm.obj (.text:__aeabi_cdrcmple)
                  000038d4    00000084                                   : fgetc.c.obj (.text:fgetc)
                  00003958    00000080                                   : ungetc.c.obj (.text:ungetc)
                  000039d8    0000007a                                   : memset_t2.asm.obj (.text)
                  00003a52    00000002     --HOLE-- [fill = 0]
                  00003a54    00000074                                   : fclose.c.obj (.text:__TI_closefile)
                  00003ac8    00000070                                   : memory.c.obj (.text:split)
                  00003b38    0000006e                                   : _printfi.c.obj (.text:_mcpy)
                  00003ba6    0000006e                                   : fd_tos_t2.asm.obj (.text)
                  00003c14    0000006c                                   : hostrename.c.obj (.text:HOSTrename)
                  00003c80    00000068                                   : hostlseek.c.obj (.text:HOSTlseek)
                  00003ce8    00000068                                   : copy_decompress_lzss.c.obj (.text:decompress:lzss:__TI_decompress_lzss)
                  00003d50    00000068                                   : printf.c.obj (.text:printf)
                  00003db8    00000068                                   : fscanf.c.obj (.text:scanf)
                  00003e20    00000064                                   : s_frexp.c.obj (.text:frexp)
                  00003e84    00000064                                   : fseek.c.obj (.text:fseek)
                  00003ee8    00000062                                   : _io_perm.c.obj (.text:__TI_wrt_ok)
                  00003f4a    00000002     --HOLE-- [fill = 0]
                  00003f4c    00000060                                   : hostopen.c.obj (.text:HOSTopen)
                  00003fac    0000005c                                   : close.c.obj (.text:close)
                  00004008    00000058                                   : hostread.c.obj (.text:HOSTread)
                  00004060    00000058                                   : hostwrite.c.obj (.text:HOSTwrite)
                  000040b8    00000056                                   : _printfi.c.obj (.text:_pconv_f)
                  0000410e    00000054                                   : _ltoa.c.obj (.text:__TI_ltoa)
                  00004162    00000052                                   : _printfi.c.obj (.text:_ecpy)
                  000041b4    0000004c                                   : fflush.c.obj (.text:__TI_doflush)
                  00004200    0000004c                                   : atoi.c.obj (.text:atoi)
                  0000424c    0000004a                                   : _io_perm.c.obj (.text:__TI_rd_ok)
                  00004296    00000002     --HOLE-- [fill = 0]
                  00004298    00000048                                   : exit.c.obj (.text:exit)
                  000042e0    00000048                                   : fd_toi_t2.asm.obj (.text)
                  00004328    00000044                                   : hostclose.c.obj (.text:HOSTclose)
                  0000436c    00000044                                   : hostunlink.c.obj (.text:HOSTunlink)
                  000043b0    00000044                                   : autoinit.c.obj (.text:__TI_auto_init_nobinit_nopinit:__TI_auto_init_nobinit_nopinit)
                  000043f4    00000044                                   : getdevice.c.obj (.text:getdevice)
                  00004438    0000003e                                   : _printfi.c.obj (.text:_fcpy)
                  00004476    00000002     --HOLE-- [fill = 0]
                  00004478    00000038                                   : trgmsg.c.obj (.text:__TI_writemsg)
                  000044b0    00000036                                   : strncpy.c.obj (.text:strncpy)
                  000044e6    00000002     --HOLE-- [fill = 0]
                  000044e8    00000034                                   : fopen.c.obj (.text:__TI_cleanup)
                  0000451c    00000034                                   : trgmsg.c.obj (.text:__TI_readmsg)
                  00004550    00000034                                   : boot_cortex_m.c.obj (.text:_c_int00_noargs:_c_int00_noargs)
                  00004584    00000030                                   : getdevice.c.obj (.text:finddevice)
                  000045b4    0000002e                                   : i_tofd_t2.asm.obj (.text)
                  000045e2    00000002     --HOLE-- [fill = 0]
                  000045e4    0000002c                                   : unlink.c.obj (.text:unlink)
                  00004610    00000028                                   : memory.c.obj (.text:free_list_insert)
                  00004638    00000028                                   : lseek.c.obj (.text:lseek)
                  00004660    00000028                                   : read.c.obj (.text:read)
                  00004688    00000028                                   : write.c.obj (.text:write)
                  000046b0    00000020                                   : memchr.c.obj (.text:memchr)
                  000046d0    0000001c                                   : copy_zero_init.c.obj (.text:decompress:ZI:__TI_zero_init_nomemset:__TI_zero_init_nomemset)
                  000046ec    0000001c                                   : memory.c.obj (.text:free_list_remove)
                  00004708    0000001c                                   : memccpy.c.obj (.text:memccpy)
                  00004724    0000001a                                   : s_copysign.c.obj (.text:copysign)
                  0000473e    00000018                                   : ll_mul_t2.asm.obj (.text)
                  00004756    00000018                                   : strcmp.c.obj (.text:strcmp)
                  0000476e    00000018                                   : strrchr.c.obj (.text:strrchr)
                  00004786    00000016                                   : strchr.c.obj (.text:strchr)
                  0000479c    00000014                                   : strcpy.c.obj (.text:strcpy)
                  000047b0    00000014                                   : strlen.c.obj (.text:strlen)
                  000047c4    00000012                                   : wcslen.c.obj (.text:wcslen)
                  000047d6    0000000e                                   : copy_decompress_none.c.obj (.text:decompress:none:__TI_decompress_none)
                  000047e4    0000000e     startup_msp432p401r_ccs.obj (.text)
                  000047f2    0000000a     rtsv7M4_T_le_v4SPD16_eabi.lib : fscanf.c.obj (.text:_uninpchar)
                  000047fc    00000008                                   : errno.c.obj (.text:__aeabi_errno_addr)
                  00004804    00000008                                   : memory.c.obj (.text:malloc)
                  0000480c    00000006                                   : fscanf.c.obj (.text:_inpchar)
                  00004812    00000004                                   : printf.c.obj (.text:_outc)
                  00004816    00000004                                   : printf.c.obj (.text:_outs)
                  0000481a    00000004                                   : pre_init.c.obj (.text:_system_pre_init)
                  0000481e    00000004                                   : exit.c.obj (.text:abort:abort)

.const     0    00004828    000001e0     
                  00004828    00000101     rtsv7M4_T_le_v4SPD16_eabi.lib : ctype.c.obj (.const:.string:_ctypes_)
                  00004929    00000007     --HOLE-- [fill = 0]
                  00004930    000000c8                                   : strtod.c.obj (.const:$O1$$)
                  000049f8    00000010                                   : _scanfi.c.obj (.const:$O1$$)

.cinit     0    00004a08    00000098     
                  00004a08    0000006d     (.cinit..data.load) [load image, compression = lzss]
                  00004a75    00000003     --HOLE-- [fill = 0]
                  00004a78    0000000c     (__TI_handler_table)
                  00004a84    00000004     --HOLE-- [fill = 0]
                  00004a88    00000008     (.cinit..bss.load) [load image, compression = zero_init]
                  00004a90    00000010     (__TI_cinit_table)

.init_array 
*          0    00000000    00000000     UNINITIALIZED

.binit     0    00000000    00000000     

.sysmem    0    20000000    00000400     UNINITIALIZED
                  20000000    00000010     rtsv7M4_T_le_v4SPD16_eabi.lib : memory.c.obj (.sysmem)
                  20000010    000003f0     --HOLE--

.data      0    20000400    000001ec     UNINITIALIZED
                  20000400    000000f0     rtsv7M4_T_le_v4SPD16_eabi.lib : defs.c.obj (.data:_ftable)
                  200004f0    00000078                                   : host_device.c.obj (.data:_device)
                  20000568    00000050                                   : host_device.c.obj (.data:_stream)
                  200005b8    00000010                                   : defs.c.obj (.data)
                  200005c8    0000000c                                   : exit.c.obj (.data:$O1$$)
                  200005d4    00000008                                   : _lock.c.obj (.data:$O1$$)
                  200005dc    00000008                                   : memory.c.obj (.data:$O1$$)
                  200005e4    00000004                                   : errno.c.obj (.data)
                  200005e8    00000004     system_msp432p401r.obj (.data)

.bss       0    200005ec    000001c8     UNINITIALIZED
                  200005ec    00000120     rtsv7M4_T_le_v4SPD16_eabi.lib : trgmsg.c.obj (.bss:_CIOBUF_)
                  2000070c    000000a0     (.common:__TI_tmpnams)
                  200007ac    00000008     (.common:parmbuf)

.stack     0    2000fe00    00000200     UNINITIALIZED
                  2000fe00    00000004     rtsv7M4_T_le_v4SPD16_eabi.lib : boot_cortex_m.c.obj (.stack)
                  2000fe04    000001fc     --HOLE--

__llvm_prf_cnts 
*          0    20000000    00000000     UNINITIALIZED

MODULE SUMMARY

       Module                        code    ro data   rw data
       ------                        ----    -------   -------
    .\
       system_msp432p401r.obj        820     0         8      
       prog12.obj                    364     0         0      
       startup_msp432p401r_ccs.obj   14      228       0      
    +--+-----------------------------+-------+---------+---------+
       Total:                        1198    228       8      
                                                              
    C:\ti\ccs1100\ccs\tools\compiler\ti-cgt-arm_20.2.5.LTS\lib\rtsv7M4_T_le_v4SPD16_eabi.lib
       _printfi.c.obj                4851    0         0      
       _scanfi.c.obj                 2836    16        0      
       strtod.c.obj                  1120    200       0      
       defs.c.obj                    0       0         832    
       memory.c.obj                  672     0         16     
       trgmsg.c.obj                  108     0         576    
       strtoll.c.obj                 476     0         0      
       fd_add_t2.asm.obj             438     0         0      
       host_device.c.obj             0       0         400    
       strtoull.c.obj                348     0         0      
       fd_div_t2.asm.obj             310     0         0      
       strtol.c.obj                  304     0         0      
       fputs.c.obj                   276     0         0      
       s_scalbn.c.obj                272     0         0      
       strtoul.c.obj                 272     0         0      
       fd_cmp_t2.asm.obj             268     0         0      
       ctype.c.obj                   0       257       0      
       fscanf.c.obj                  256     0         0      
       fd_mul_t2.asm.obj             252     0         0      
       setvbuf.c.obj                 220     0         0      
       _io_perm.c.obj                172     0         0      
       _bufread.c.obj                156     0         0      
       memcpy_t2.asm.obj             156     0         0      
       ull_div_t2.asm.obj            150     0         0      
       fputc.c.obj                   140     0         0      
       fgetc.c.obj                   132     0         0      
       ungetc.c.obj                  128     0         0      
       memset_t2.asm.obj             122     0         0      
       fclose.c.obj                  116     0         0      
       getdevice.c.obj               116     0         0      
       hostopen.c.obj                96      0         16     
       printf.c.obj                  112     0         0      
       fd_tos_t2.asm.obj             110     0         0      
       hostrename.c.obj              108     0         0      
       copy_decompress_lzss.c.obj    104     0         0      
       hostlseek.c.obj               104     0         0      
       exit.c.obj                    76      0         24     
       fseek.c.obj                   100     0         0      
       s_frexp.c.obj                 100     0         0      
       close.c.obj                   92      0         0      
       hostread.c.obj                88      0         0      
       hostwrite.c.obj               88      0         0      
       _ltoa.c.obj                   84      0         0      
       atoi.c.obj                    76      0         0      
       fflush.c.obj                  76      0         0      
       fd_toi_t2.asm.obj             72      0         0      
       autoinit.c.obj                68      0         0      
       hostclose.c.obj               68      0         0      
       hostunlink.c.obj              68      0         0      
       strncpy.c.obj                 54      0         0      
       boot_cortex_m.c.obj           52      0         0      
       fopen.c.obj                   52      0         0      
       i_tofd_t2.asm.obj             46      0         0      
       unlink.c.obj                  44      0         0      
       lseek.c.obj                   40      0         0      
       read.c.obj                    40      0         0      
       write.c.obj                   40      0         0      
       memchr.c.obj                  32      0         0      
       copy_zero_init.c.obj          28      0         0      
       memccpy.c.obj                 28      0         0      
       s_copysign.c.obj              26      0         0      
       ll_mul_t2.asm.obj             24      0         0      
       strcmp.c.obj                  24      0         0      
       strrchr.c.obj                 24      0         0      
       strchr.c.obj                  22      0         0      
       strcpy.c.obj                  20      0         0      
       strlen.c.obj                  20      0         0      
       _lock.c.obj                   2       0         16     
       wcslen.c.obj                  18      0         0      
       errno.c.obj                   8       0         8      
       copy_decompress_none.c.obj    14      0         0      
       pre_init.c.obj                4       0         0      
       div0.asm.obj                  2       0         0      
    +--+-----------------------------+-------+---------+---------+
       Total:                        17021   473       1888   
                                                              
       Heap:                         0       0         2048   
       Stack:                        0       0         1024   
       Linker Generated:             0       145       0      
    +--+-----------------------------+-------+---------+---------+
       Grand Total:                  18219   846       4968   


LINKER GENERATED COPY TABLES

__TI_cinit_table @ 00004a90 records: 2, size/record: 8, table size: 16
	.data: load addr=00004a08, load size=0000006d bytes, run addr=20000400, run size=000001ec bytes, compression=lzss
	.bss: load addr=00004a88, load size=00000008 bytes, run addr=200005ec, run size=000001c8 bytes, compression=zero_init


LINKER GENERATED HANDLER TABLE

__TI_handler_table @ 00004a78 records: 3, size/record: 4, table size: 12
	index: 0, handler: __TI_decompress_lzss
	index: 1, handler: __TI_decompress_none
	index: 2, handler: __TI_zero_init


GLOBAL SYMBOLS: SORTED ALPHABETICALLY BY Name 

address   name                           
-------   ----                           
000047f1  ADC14_IRQHandler               
000047f1  AES256_IRQHandler              
000047f1  BusFault_Handler               
0000481f  C$$EXIT                        
000044a7  C$$IO$$                        
000047f1  COMP_E0_IRQHandler             
000047f1  COMP_E1_IRQHandler             
000047f1  CS_IRQHandler                  
000047f1  DMA_ERR_IRQHandler             
000047f1  DMA_INT0_IRQHandler            
000047f1  DMA_INT1_IRQHandler            
000047f1  DMA_INT2_IRQHandler            
000047f1  DMA_INT3_IRQHandler            
000047f1  DebugMon_Handler               
000047f1  Default_Handler                
000047f1  EUSCIA0_IRQHandler             
000047f1  EUSCIA1_IRQHandler             
000047f1  EUSCIA2_IRQHandler             
000047f1  EUSCIA3_IRQHandler             
000047f1  EUSCIB0_IRQHandler             
000047f1  EUSCIB1_IRQHandler             
000047f1  EUSCIB2_IRQHandler             
000047f1  EUSCIB3_IRQHandler             
000047f1  FLCTL_IRQHandler               
000047f1  FPU_IRQHandler                 
00004329  HOSTclose                      
00003c81  HOSTlseek                      
00003f4d  HOSTopen                       
00004009  HOSTread                       
00003c15  HOSTrename                     
0000436d  HOSTunlink                     
00004061  HOSTwrite                      
000047f1  HardFault_Handler              
000047f1  MemManage_Handler              
000047f1  NMI_Handler                    
000047f1  PCM_IRQHandler                 
000047f1  PORT1_IRQHandler               
000047f1  PORT2_IRQHandler               
000047f1  PORT3_IRQHandler               
000047f1  PORT4_IRQHandler               
000047f1  PORT5_IRQHandler               
000047f1  PORT6_IRQHandler               
000047f1  PSS_IRQHandler                 
000047f1  PendSV_Handler                 
000047f1  RTC_C_IRQHandler               
000047e5  Reset_Handler                  
000047f1  SVC_Handler                    
000047f1  SysTick_Handler                
200005e8  SystemCoreClock                
00001aa9  SystemCoreClockUpdate          
00001d21  SystemInit                     
000047f1  T32_INT1_IRQHandler            
000047f1  T32_INT2_IRQHandler            
000047f1  T32_INTC_IRQHandler            
000047f1  TA0_0_IRQHandler               
000047f1  TA0_N_IRQHandler               
000047f1  TA1_0_IRQHandler               
000047f1  TA1_N_IRQHandler               
000047f1  TA2_0_IRQHandler               
000047f1  TA2_N_IRQHandler               
000047f1  TA3_0_IRQHandler               
000047f1  TA3_N_IRQHandler               
000047f1  UsageFault_Handler             
4000480c  WDTCTL_SYM                     
000047f1  WDT_A_IRQHandler               
200005ec  __CIOBUF_                      
20010000  __STACK_END                    
00000200  __STACK_SIZE                   
00000400  __SYSMEM_SIZE                  
00004a90  __TI_CINIT_Base                
00004aa0  __TI_CINIT_Limit               
00004a78  __TI_Handler_Table_Base        
00004a84  __TI_Handler_Table_Limit       
000043b1  __TI_auto_init_nobinit_nopinit 
000034e5  __TI_buff_read                 
000044e9  __TI_cleanup                   
200005c8  __TI_cleanup_ptr               
00003a55  __TI_closefile                 
00003ce9  __TI_decompress_lzss           
000047d7  __TI_decompress_none           
000041b5  __TI_doflush                   
200005cc  __TI_dtors_ptr                 
200005d0  __TI_enable_exit_profile_output
200005b8  __TI_ft_end                    
0000410f  __TI_ltoa                      
ffffffff  __TI_pprof_out_hndl            
00000bf9  __TI_printfi                   
ffffffff  __TI_prof_data_size            
ffffffff  __TI_prof_data_start           
0000424d  __TI_rd_ok                     
0000451d  __TI_readmsg                   
000000e5  __TI_scanfi                    
00000000  __TI_static_base__             
2000070c  __TI_tmpnams                   
00004479  __TI_writemsg                  
00003ee9  __TI_wrt_ok                    
000046d1  __TI_zero_init_nomemset        
000037c9  __aeabi_cdcmpeq                
000037c9  __aeabi_cdcmple                
0000384f  __aeabi_cdrcmple               
00003ba7  __aeabi_d2f                    
000042e1  __aeabi_d2iz                   
00002403  __aeabi_dadd                   
000029b5  __aeabi_ddiv                   
00003175  __aeabi_dmul                   
000023f9  __aeabi_dsub                   
000047fd  __aeabi_errno_addr             
000045b5  __aeabi_i2d                    
000025af  __aeabi_idiv0                  
000025af  __aeabi_ldiv0                  
0000473f  __aeabi_lmul                   
000039d9  __aeabi_memclr                 
000039d9  __aeabi_memclr4                
000039d9  __aeabi_memclr8                
00003581  __aeabi_memcpy                 
00003581  __aeabi_memcpy4                
00003581  __aeabi_memcpy8                
000039db  __aeabi_memset                 
000039db  __aeabi_memset4                
000039db  __aeabi_memset8                
200005c4  __aeabi_stderr                 
200005bc  __aeabi_stdin                  
200005c0  __aeabi_stdout                 
0000361d  __aeabi_uldivmod               
ffffffff  __binit__                      
ffffffff  __c_args__                     
UNDEFED   __mpu_init                     
2000fe00  __stack                        
20000000  __start___llvm_prf_cnts        
20000000  __stop___llvm_prf_cnts         
00004551  _c_int00_noargs                
00004828  _ctypes_                       
200004f0  _device                        
20000400  _ftable                        
200005d4  _lock                          
00001647  _nop                           
20000568  _stream                        
20000000  _sys_memory                    
UNDEFED   _system_post_cinit             
0000481b  _system_pre_init               
200005d8  _unlock                        
0000481f  abort                          
00003075  aligned_alloc                  
00004201  atoi                           
ffffffff  binit                          
00003fad  close                          
00004725  copysign                       
00004725  copysignl                      
200005e4  errno                          
00004299  exit                           
000038d5  fgetc                          
000025f3  fill_ary                       
00004585  finddevice                     
000036b5  fputc                          
00002d41  fputs                          
00003271  free                           
00003e21  frexp                          
00003e21  frexpl                         
00003e85  fseek                          
000038d5  getc                           
000043f5  getdevice                      
00000000  interruptVectors               
00002e55  ldexp                          
00002e55  ldexpl                         
00004639  lseek                          
000025b1  main                           
00004805  malloc                         
00003075  memalign                       
00004709  memccpy                        
000046b1  memchr                         
00003581  memcpy                         
000039e1  memset                         
200007ac  parmbuf                        
00002631  print_ary                      
00003d51  printf                         
000036b5  putc                           
00004661  read                           
000045e5  remove                         
00002e55  scalbn                         
00002e55  scalbnl                        
00003db9  scanf                          
00003355  setvbuf                        
00004787  strchr                         
00004757  strcmp                         
0000479d  strcpy                         
000047b1  strlen                         
000044b1  strncpy                        
0000476f  strrchr                        
00001649  strtod                         
00002aed  strtol                         
00001649  strtold                        
0000204d  strtoll                        
00002f65  strtoul                        
0000271d  strtoull                       
00003959  ungetc                         
000045e5  unlink                         
000047c5  wcslen                         
00004689  write                          


GLOBAL SYMBOLS: SORTED BY Symbol Address 

address   name                           
-------   ----                           
00000000  __TI_static_base__             
00000000  interruptVectors               
000000e5  __TI_scanfi                    
00000200  __STACK_SIZE                   
00000400  __SYSMEM_SIZE                  
00000bf9  __TI_printfi                   
00001647  _nop                           
00001649  strtod                         
00001649  strtold                        
00001aa9  SystemCoreClockUpdate          
00001d21  SystemInit                     
0000204d  strtoll                        
000023f9  __aeabi_dsub                   
00002403  __aeabi_dadd                   
000025af  __aeabi_idiv0                  
000025af  __aeabi_ldiv0                  
000025b1  main                           
000025f3  fill_ary                       
00002631  print_ary                      
0000271d  strtoull                       
000029b5  __aeabi_ddiv                   
00002aed  strtol                         
00002d41  fputs                          
00002e55  ldexp                          
00002e55  ldexpl                         
00002e55  scalbn                         
00002e55  scalbnl                        
00002f65  strtoul                        
00003075  aligned_alloc                  
00003075  memalign                       
00003175  __aeabi_dmul                   
00003271  free                           
00003355  setvbuf                        
000034e5  __TI_buff_read                 
00003581  __aeabi_memcpy                 
00003581  __aeabi_memcpy4                
00003581  __aeabi_memcpy8                
00003581  memcpy                         
0000361d  __aeabi_uldivmod               
000036b5  fputc                          
000036b5  putc                           
000037c9  __aeabi_cdcmpeq                
000037c9  __aeabi_cdcmple                
0000384f  __aeabi_cdrcmple               
000038d5  fgetc                          
000038d5  getc                           
00003959  ungetc                         
000039d9  __aeabi_memclr                 
000039d9  __aeabi_memclr4                
000039d9  __aeabi_memclr8                
000039db  __aeabi_memset                 
000039db  __aeabi_memset4                
000039db  __aeabi_memset8                
000039e1  memset                         
00003a55  __TI_closefile                 
00003ba7  __aeabi_d2f                    
00003c15  HOSTrename                     
00003c81  HOSTlseek                      
00003ce9  __TI_decompress_lzss           
00003d51  printf                         
00003db9  scanf                          
00003e21  frexp                          
00003e21  frexpl                         
00003e85  fseek                          
00003ee9  __TI_wrt_ok                    
00003f4d  HOSTopen                       
00003fad  close                          
00004009  HOSTread                       
00004061  HOSTwrite                      
0000410f  __TI_ltoa                      
000041b5  __TI_doflush                   
00004201  atoi                           
0000424d  __TI_rd_ok                     
00004299  exit                           
000042e1  __aeabi_d2iz                   
00004329  HOSTclose                      
0000436d  HOSTunlink                     
000043b1  __TI_auto_init_nobinit_nopinit 
000043f5  getdevice                      
00004479  __TI_writemsg                  
000044a7  C$$IO$$                        
000044b1  strncpy                        
000044e9  __TI_cleanup                   
0000451d  __TI_readmsg                   
00004551  _c_int00_noargs                
00004585  finddevice                     
000045b5  __aeabi_i2d                    
000045e5  remove                         
000045e5  unlink                         
00004639  lseek                          
00004661  read                           
00004689  write                          
000046b1  memchr                         
000046d1  __TI_zero_init_nomemset        
00004709  memccpy                        
00004725  copysign                       
00004725  copysignl                      
0000473f  __aeabi_lmul                   
00004757  strcmp                         
0000476f  strrchr                        
00004787  strchr                         
0000479d  strcpy                         
000047b1  strlen                         
000047c5  wcslen                         
000047d7  __TI_decompress_none           
000047e5  Reset_Handler                  
000047f1  ADC14_IRQHandler               
000047f1  AES256_IRQHandler              
000047f1  BusFault_Handler               
000047f1  COMP_E0_IRQHandler             
000047f1  COMP_E1_IRQHandler             
000047f1  CS_IRQHandler                  
000047f1  DMA_ERR_IRQHandler             
000047f1  DMA_INT0_IRQHandler            
000047f1  DMA_INT1_IRQHandler            
000047f1  DMA_INT2_IRQHandler            
000047f1  DMA_INT3_IRQHandler            
000047f1  DebugMon_Handler               
000047f1  Default_Handler                
000047f1  EUSCIA0_IRQHandler             
000047f1  EUSCIA1_IRQHandler             
000047f1  EUSCIA2_IRQHandler             
000047f1  EUSCIA3_IRQHandler             
000047f1  EUSCIB0_IRQHandler             
000047f1  EUSCIB1_IRQHandler             
000047f1  EUSCIB2_IRQHandler             
000047f1  EUSCIB3_IRQHandler             
000047f1  FLCTL_IRQHandler               
000047f1  FPU_IRQHandler                 
000047f1  HardFault_Handler              
000047f1  MemManage_Handler              
000047f1  NMI_Handler                    
000047f1  PCM_IRQHandler                 
000047f1  PORT1_IRQHandler               
000047f1  PORT2_IRQHandler               
000047f1  PORT3_IRQHandler               
000047f1  PORT4_IRQHandler               
000047f1  PORT5_IRQHandler               
000047f1  PORT6_IRQHandler               
000047f1  PSS_IRQHandler                 
000047f1  PendSV_Handler                 
000047f1  RTC_C_IRQHandler               
000047f1  SVC_Handler                    
000047f1  SysTick_Handler                
000047f1  T32_INT1_IRQHandler            
000047f1  T32_INT2_IRQHandler            
000047f1  T32_INTC_IRQHandler            
000047f1  TA0_0_IRQHandler               
000047f1  TA0_N_IRQHandler               
000047f1  TA1_0_IRQHandler               
000047f1  TA1_N_IRQHandler               
000047f1  TA2_0_IRQHandler               
000047f1  TA2_N_IRQHandler               
000047f1  TA3_0_IRQHandler               
000047f1  TA3_N_IRQHandler               
000047f1  UsageFault_Handler             
000047f1  WDT_A_IRQHandler               
000047fd  __aeabi_errno_addr             
00004805  malloc                         
0000481b  _system_pre_init               
0000481f  C$$EXIT                        
0000481f  abort                          
00004828  _ctypes_                       
00004a78  __TI_Handler_Table_Base        
00004a84  __TI_Handler_Table_Limit       
00004a90  __TI_CINIT_Base                
00004aa0  __TI_CINIT_Limit               
20000000  __start___llvm_prf_cnts        
20000000  __stop___llvm_prf_cnts         
20000000  _sys_memory                    
20000400  _ftable                        
200004f0  _device                        
20000568  _stream                        
200005b8  __TI_ft_end                    
200005bc  __aeabi_stdin                  
200005c0  __aeabi_stdout                 
200005c4  __aeabi_stderr                 
200005c8  __TI_cleanup_ptr               
200005cc  __TI_dtors_ptr                 
200005d0  __TI_enable_exit_profile_output
200005d4  _lock                          
200005d8  _unlock                        
200005e4  errno                          
200005e8  SystemCoreClock                
200005ec  __CIOBUF_                      
2000070c  __TI_tmpnams                   
200007ac  parmbuf                        
2000fe00  __stack                        
20010000  __STACK_END                    
4000480c  WDTCTL_SYM                     
ffffffff  __TI_pprof_out_hndl            
ffffffff  __TI_prof_data_size            
ffffffff  __TI_prof_data_start           
ffffffff  __binit__                      
ffffffff  __c_args__                     
ffffffff  binit                          
UNDEFED   __mpu_init                     
UNDEFED   _system_post_cinit             

[198 symbols]
