------------------------------------------------------------
Timing Analyzer Summary
------------------------------------------------------------

Type  : Slow 1200mV 85C Model Setup 'clock_3hz:CK|clk_sig'
Slack : -2.723
TNS   : -21.130

Type  : Slow 1200mV 85C Model Setup 'CLOCK_50'
Slack : -2.648
TNS   : -40.889

Type  : Slow 1200mV 85C Model Hold 'clock_3hz:CK|clk_sig'
Slack : 0.348
TNS   : 0.000

Type  : Slow 1200mV 85C Model Hold 'CLOCK_50'
Slack : 0.443
TNS   : 0.000

Type  : Slow 1200mV 85C Model Minimum Pulse Width 'CLOCK_50'
Slack : -3.000
TNS   : -40.881

Type  : Slow 1200mV 85C Model Minimum Pulse Width 'clock_3hz:CK|clk_sig'
Slack : -1.403
TNS   : -16.836

Type  : Slow 1200mV 0C Model Setup 'clock_3hz:CK|clk_sig'
Slack : -2.432
TNS   : -18.689

Type  : Slow 1200mV 0C Model Setup 'CLOCK_50'
Slack : -2.387
TNS   : -34.395

Type  : Slow 1200mV 0C Model Hold 'clock_3hz:CK|clk_sig'
Slack : 0.312
TNS   : 0.000

Type  : Slow 1200mV 0C Model Hold 'CLOCK_50'
Slack : 0.407
TNS   : 0.000

Type  : Slow 1200mV 0C Model Minimum Pulse Width 'CLOCK_50'
Slack : -3.000
TNS   : -40.881

Type  : Slow 1200mV 0C Model Minimum Pulse Width 'clock_3hz:CK|clk_sig'
Slack : -1.403
TNS   : -16.836

Type  : Fast 1200mV 0C Model Setup 'CLOCK_50'
Slack : -0.705
TNS   : -2.349

Type  : Fast 1200mV 0C Model Setup 'clock_3hz:CK|clk_sig'
Slack : -0.517
TNS   : -2.967

Type  : Fast 1200mV 0C Model Hold 'clock_3hz:CK|clk_sig'
Slack : 0.152
TNS   : 0.000

Type  : Fast 1200mV 0C Model Hold 'CLOCK_50'
Slack : 0.179
TNS   : 0.000

Type  : Fast 1200mV 0C Model Minimum Pulse Width 'CLOCK_50'
Slack : -3.000
TNS   : -30.918

Type  : Fast 1200mV 0C Model Minimum Pulse Width 'clock_3hz:CK|clk_sig'
Slack : -1.000
TNS   : -12.000

------------------------------------------------------------
